[2026-02-12T22:23:00.295+0000] {processor.py:161} INFO - Started process (PID=1150) to work on /opt/airflow/dags/main.py
[2026-02-12T22:23:00.297+0000] {processor.py:830} INFO - Processing file /opt/airflow/dags/main.py for tasks to queue
[2026-02-12T22:23:00.302+0000] {logging_mixin.py:188} INFO - [2026-02-12T22:23:00.301+0000] {dagbag.py:545} INFO - Filling up the DagBag from /opt/airflow/dags/main.py
[2026-02-12T22:23:01.082+0000] {processor.py:840} INFO - DAG(s) 'produce_json' retrieved from /opt/airflow/dags/main.py
[2026-02-12T22:23:03.097+0000] {logging_mixin.py:188} INFO - [2026-02-12T22:23:03.097+0000] {dag.py:3096} INFO - Sync 1 DAGs
[2026-02-12T22:23:03.696+0000] {logging_mixin.py:188} INFO - [2026-02-12T22:23:03.696+0000] {dag.py:3954} INFO - Setting next_dagrun for produce_json to 2026-02-12 14:00:00+00:00, run_after=2026-02-13 14:00:00+00:00
[2026-02-12T22:23:04.350+0000] {processor.py:183} INFO - Processing /opt/airflow/dags/main.py took 4.099 seconds
[2026-02-12T22:23:34.883+0000] {processor.py:161} INFO - Started process (PID=1156) to work on /opt/airflow/dags/main.py
[2026-02-12T22:23:34.945+0000] {processor.py:830} INFO - Processing file /opt/airflow/dags/main.py for tasks to queue
[2026-02-12T22:23:35.018+0000] {logging_mixin.py:188} INFO - [2026-02-12T22:23:34.982+0000] {dagbag.py:545} INFO - Filling up the DagBag from /opt/airflow/dags/main.py
[2026-02-12T22:23:35.372+0000] {processor.py:840} INFO - DAG(s) 'produce_json' retrieved from /opt/airflow/dags/main.py
[2026-02-12T22:23:36.126+0000] {logging_mixin.py:188} INFO - [2026-02-12T22:23:36.125+0000] {dag.py:3096} INFO - Sync 1 DAGs
[2026-02-12T22:23:36.326+0000] {logging_mixin.py:188} INFO - [2026-02-12T22:23:36.326+0000] {dag.py:3954} INFO - Setting next_dagrun for produce_json to 2026-02-12 14:00:00+00:00, run_after=2026-02-13 14:00:00+00:00
[2026-02-12T22:23:36.423+0000] {processor.py:183} INFO - Processing /opt/airflow/dags/main.py took 1.660 seconds
[2026-02-12T22:24:07.627+0000] {processor.py:161} INFO - Started process (PID=1169) to work on /opt/airflow/dags/main.py
[2026-02-12T22:24:07.718+0000] {processor.py:830} INFO - Processing file /opt/airflow/dags/main.py for tasks to queue
[2026-02-12T22:24:07.734+0000] {logging_mixin.py:188} INFO - [2026-02-12T22:24:07.731+0000] {dagbag.py:545} INFO - Filling up the DagBag from /opt/airflow/dags/main.py
[2026-02-12T22:24:08.175+0000] {processor.py:840} INFO - DAG(s) 'produce_json' retrieved from /opt/airflow/dags/main.py
[2026-02-12T22:24:08.487+0000] {logging_mixin.py:188} INFO - [2026-02-12T22:24:08.486+0000] {dag.py:3096} INFO - Sync 1 DAGs
[2026-02-12T22:24:08.764+0000] {logging_mixin.py:188} INFO - [2026-02-12T22:24:08.763+0000] {dag.py:3954} INFO - Setting next_dagrun for produce_json to 2026-02-12 14:00:00+00:00, run_after=2026-02-13 14:00:00+00:00
[2026-02-12T22:24:09.014+0000] {processor.py:183} INFO - Processing /opt/airflow/dags/main.py took 1.429 seconds
[2026-02-12T22:24:53.332+0000] {processor.py:161} INFO - Started process (PID=1170) to work on /opt/airflow/dags/main.py
[2026-02-12T22:24:53.475+0000] {processor.py:830} INFO - Processing file /opt/airflow/dags/main.py for tasks to queue
[2026-02-12T22:24:53.481+0000] {logging_mixin.py:188} INFO - [2026-02-12T22:24:53.480+0000] {dagbag.py:545} INFO - Filling up the DagBag from /opt/airflow/dags/main.py
[2026-02-12T22:24:53.791+0000] {processor.py:840} INFO - DAG(s) 'produce_json' retrieved from /opt/airflow/dags/main.py
[2026-02-12T22:24:55.084+0000] {logging_mixin.py:188} INFO - [2026-02-12T22:24:55.080+0000] {dag.py:3096} INFO - Sync 1 DAGs
[2026-02-12T22:24:55.875+0000] {logging_mixin.py:188} INFO - [2026-02-12T22:24:55.875+0000] {dag.py:3954} INFO - Setting next_dagrun for produce_json to 2026-02-12 14:00:00+00:00, run_after=2026-02-13 14:00:00+00:00
[2026-02-12T22:24:56.830+0000] {processor.py:183} INFO - Processing /opt/airflow/dags/main.py took 3.566 seconds
[2026-02-12T22:25:27.667+0000] {processor.py:161} INFO - Started process (PID=1184) to work on /opt/airflow/dags/main.py
[2026-02-12T22:25:27.680+0000] {processor.py:830} INFO - Processing file /opt/airflow/dags/main.py for tasks to queue
[2026-02-12T22:25:27.699+0000] {logging_mixin.py:188} INFO - [2026-02-12T22:25:27.690+0000] {dagbag.py:545} INFO - Filling up the DagBag from /opt/airflow/dags/main.py
[2026-02-12T22:25:27.800+0000] {processor.py:840} INFO - DAG(s) 'produce_json' retrieved from /opt/airflow/dags/main.py
[2026-02-12T22:25:27.902+0000] {logging_mixin.py:188} INFO - [2026-02-12T22:25:27.902+0000] {dag.py:3096} INFO - Sync 1 DAGs
[2026-02-12T22:25:27.977+0000] {logging_mixin.py:188} INFO - [2026-02-12T22:25:27.976+0000] {dag.py:3954} INFO - Setting next_dagrun for produce_json to 2026-02-12 14:00:00+00:00, run_after=2026-02-13 14:00:00+00:00
[2026-02-12T22:25:28.064+0000] {processor.py:183} INFO - Processing /opt/airflow/dags/main.py took 0.431 seconds
[2026-02-12T22:26:42.446+0000] {processor.py:161} INFO - Started process (PID=1185) to work on /opt/airflow/dags/main.py
[2026-02-12T22:26:42.476+0000] {processor.py:830} INFO - Processing file /opt/airflow/dags/main.py for tasks to queue
[2026-02-12T22:26:42.493+0000] {logging_mixin.py:188} INFO - [2026-02-12T22:26:42.492+0000] {dagbag.py:545} INFO - Filling up the DagBag from /opt/airflow/dags/main.py
[2026-02-12T22:26:42.606+0000] {processor.py:840} INFO - DAG(s) 'produce_json' retrieved from /opt/airflow/dags/main.py
[2026-02-12T22:26:42.833+0000] {logging_mixin.py:188} INFO - [2026-02-12T22:26:42.822+0000] {dag.py:3096} INFO - Sync 1 DAGs
[2026-02-12T22:26:43.054+0000] {logging_mixin.py:188} INFO - [2026-02-12T22:26:43.053+0000] {dag.py:3954} INFO - Setting next_dagrun for produce_json to 2026-02-12 14:00:00+00:00, run_after=2026-02-13 14:00:00+00:00
[2026-02-12T22:26:43.329+0000] {processor.py:183} INFO - Processing /opt/airflow/dags/main.py took 1.044 seconds
[2026-02-12T22:51:49.850+0000] {processor.py:161} INFO - Started process (PID=61) to work on /opt/airflow/dags/main.py
[2026-02-12T22:51:49.877+0000] {processor.py:830} INFO - Processing file /opt/airflow/dags/main.py for tasks to queue
[2026-02-12T22:51:49.883+0000] {logging_mixin.py:188} INFO - [2026-02-12T22:51:49.882+0000] {dagbag.py:545} INFO - Filling up the DagBag from /opt/airflow/dags/main.py
[2026-02-12T22:51:50.516+0000] {processor.py:840} INFO - DAG(s) 'produce_json' retrieved from /opt/airflow/dags/main.py
[2026-02-12T22:51:51.364+0000] {logging_mixin.py:188} INFO - [2026-02-12T22:51:51.363+0000] {dag.py:3096} INFO - Sync 1 DAGs
[2026-02-12T22:51:51.573+0000] {logging_mixin.py:188} INFO - [2026-02-12T22:51:51.572+0000] {dag.py:3954} INFO - Setting next_dagrun for produce_json to 2026-02-12 14:00:00+00:00, run_after=2026-02-13 14:00:00+00:00
[2026-02-12T22:51:51.940+0000] {processor.py:183} INFO - Processing /opt/airflow/dags/main.py took 2.132 seconds
[2026-02-12T22:52:23.369+0000] {processor.py:161} INFO - Started process (PID=69) to work on /opt/airflow/dags/main.py
[2026-02-12T22:52:23.453+0000] {processor.py:830} INFO - Processing file /opt/airflow/dags/main.py for tasks to queue
[2026-02-12T22:52:23.464+0000] {logging_mixin.py:188} INFO - [2026-02-12T22:52:23.460+0000] {dagbag.py:545} INFO - Filling up the DagBag from /opt/airflow/dags/main.py
[2026-02-12T22:52:24.052+0000] {processor.py:840} INFO - DAG(s) 'produce_json' retrieved from /opt/airflow/dags/main.py
[2026-02-12T22:52:25.125+0000] {logging_mixin.py:188} INFO - [2026-02-12T22:52:25.071+0000] {dag.py:3096} INFO - Sync 1 DAGs
[2026-02-12T22:52:25.292+0000] {logging_mixin.py:188} INFO - [2026-02-12T22:52:25.291+0000] {dag.py:3954} INFO - Setting next_dagrun for produce_json to 2026-02-12 14:00:00+00:00, run_after=2026-02-13 14:00:00+00:00
[2026-02-12T22:52:25.804+0000] {processor.py:183} INFO - Processing /opt/airflow/dags/main.py took 2.452 seconds
[2026-02-12T22:52:56.516+0000] {processor.py:161} INFO - Started process (PID=76) to work on /opt/airflow/dags/main.py
[2026-02-12T22:52:56.777+0000] {processor.py:830} INFO - Processing file /opt/airflow/dags/main.py for tasks to queue
[2026-02-12T22:52:56.787+0000] {logging_mixin.py:188} INFO - [2026-02-12T22:52:56.785+0000] {dagbag.py:545} INFO - Filling up the DagBag from /opt/airflow/dags/main.py
[2026-02-12T22:52:57.491+0000] {processor.py:840} INFO - DAG(s) 'produce_json' retrieved from /opt/airflow/dags/main.py
[2026-02-12T22:52:58.244+0000] {logging_mixin.py:188} INFO - [2026-02-12T22:52:58.243+0000] {dag.py:3096} INFO - Sync 1 DAGs
[2026-02-12T22:52:58.585+0000] {logging_mixin.py:188} INFO - [2026-02-12T22:52:58.585+0000] {dag.py:3954} INFO - Setting next_dagrun for produce_json to 2026-02-12 14:00:00+00:00, run_after=2026-02-13 14:00:00+00:00
[2026-02-12T22:53:00.015+0000] {processor.py:183} INFO - Processing /opt/airflow/dags/main.py took 3.568 seconds
[2026-02-12T22:53:30.914+0000] {processor.py:161} INFO - Started process (PID=83) to work on /opt/airflow/dags/main.py
[2026-02-12T22:53:30.918+0000] {processor.py:830} INFO - Processing file /opt/airflow/dags/main.py for tasks to queue
[2026-02-12T22:53:30.926+0000] {logging_mixin.py:188} INFO - [2026-02-12T22:53:30.925+0000] {dagbag.py:545} INFO - Filling up the DagBag from /opt/airflow/dags/main.py
[2026-02-12T22:53:31.342+0000] {processor.py:840} INFO - DAG(s) 'produce_json' retrieved from /opt/airflow/dags/main.py
[2026-02-12T22:53:31.470+0000] {logging_mixin.py:188} INFO - [2026-02-12T22:53:31.470+0000] {dag.py:3096} INFO - Sync 1 DAGs
[2026-02-12T22:53:31.801+0000] {logging_mixin.py:188} INFO - [2026-02-12T22:53:31.800+0000] {dag.py:3954} INFO - Setting next_dagrun for produce_json to 2026-02-12 14:00:00+00:00, run_after=2026-02-13 14:00:00+00:00
[2026-02-12T22:53:31.935+0000] {processor.py:183} INFO - Processing /opt/airflow/dags/main.py took 1.062 seconds
[2026-02-12T22:54:02.488+0000] {processor.py:161} INFO - Started process (PID=90) to work on /opt/airflow/dags/main.py
[2026-02-12T22:54:02.499+0000] {processor.py:830} INFO - Processing file /opt/airflow/dags/main.py for tasks to queue
[2026-02-12T22:54:02.504+0000] {logging_mixin.py:188} INFO - [2026-02-12T22:54:02.503+0000] {dagbag.py:545} INFO - Filling up the DagBag from /opt/airflow/dags/main.py
[2026-02-12T22:54:02.578+0000] {processor.py:840} INFO - DAG(s) 'produce_json' retrieved from /opt/airflow/dags/main.py
[2026-02-12T22:54:02.651+0000] {logging_mixin.py:188} INFO - [2026-02-12T22:54:02.650+0000] {dag.py:3096} INFO - Sync 1 DAGs
[2026-02-12T22:54:02.716+0000] {logging_mixin.py:188} INFO - [2026-02-12T22:54:02.716+0000] {dag.py:3954} INFO - Setting next_dagrun for produce_json to 2026-02-12 14:00:00+00:00, run_after=2026-02-13 14:00:00+00:00
[2026-02-12T22:54:02.767+0000] {processor.py:183} INFO - Processing /opt/airflow/dags/main.py took 0.295 seconds
[2026-02-12T22:54:33.544+0000] {processor.py:161} INFO - Started process (PID=97) to work on /opt/airflow/dags/main.py
[2026-02-12T22:54:33.549+0000] {processor.py:830} INFO - Processing file /opt/airflow/dags/main.py for tasks to queue
[2026-02-12T22:54:33.553+0000] {logging_mixin.py:188} INFO - [2026-02-12T22:54:33.552+0000] {dagbag.py:545} INFO - Filling up the DagBag from /opt/airflow/dags/main.py
[2026-02-12T22:54:33.611+0000] {processor.py:840} INFO - DAG(s) 'produce_json' retrieved from /opt/airflow/dags/main.py
[2026-02-12T22:54:33.672+0000] {logging_mixin.py:188} INFO - [2026-02-12T22:54:33.671+0000] {dag.py:3096} INFO - Sync 1 DAGs
[2026-02-12T22:54:33.732+0000] {logging_mixin.py:188} INFO - [2026-02-12T22:54:33.731+0000] {dag.py:3954} INFO - Setting next_dagrun for produce_json to 2026-02-12 14:00:00+00:00, run_after=2026-02-13 14:00:00+00:00
[2026-02-12T22:54:33.776+0000] {processor.py:183} INFO - Processing /opt/airflow/dags/main.py took 0.253 seconds
[2026-02-12T22:55:04.634+0000] {processor.py:161} INFO - Started process (PID=104) to work on /opt/airflow/dags/main.py
[2026-02-12T22:55:04.643+0000] {processor.py:830} INFO - Processing file /opt/airflow/dags/main.py for tasks to queue
[2026-02-12T22:55:04.646+0000] {logging_mixin.py:188} INFO - [2026-02-12T22:55:04.646+0000] {dagbag.py:545} INFO - Filling up the DagBag from /opt/airflow/dags/main.py
[2026-02-12T22:55:04.705+0000] {processor.py:840} INFO - DAG(s) 'produce_json' retrieved from /opt/airflow/dags/main.py
[2026-02-12T22:55:04.791+0000] {logging_mixin.py:188} INFO - [2026-02-12T22:55:04.790+0000] {dag.py:3096} INFO - Sync 1 DAGs
[2026-02-12T22:55:04.836+0000] {logging_mixin.py:188} INFO - [2026-02-12T22:55:04.835+0000] {dag.py:3954} INFO - Setting next_dagrun for produce_json to 2026-02-12 14:00:00+00:00, run_after=2026-02-13 14:00:00+00:00
[2026-02-12T22:55:04.887+0000] {processor.py:183} INFO - Processing /opt/airflow/dags/main.py took 0.267 seconds
[2026-02-12T22:55:35.257+0000] {processor.py:161} INFO - Started process (PID=110) to work on /opt/airflow/dags/main.py
[2026-02-12T22:55:35.289+0000] {processor.py:830} INFO - Processing file /opt/airflow/dags/main.py for tasks to queue
[2026-02-12T22:55:35.292+0000] {logging_mixin.py:188} INFO - [2026-02-12T22:55:35.291+0000] {dagbag.py:545} INFO - Filling up the DagBag from /opt/airflow/dags/main.py
[2026-02-12T22:55:35.435+0000] {processor.py:840} INFO - DAG(s) 'produce_json' retrieved from /opt/airflow/dags/main.py
[2026-02-12T22:55:35.747+0000] {logging_mixin.py:188} INFO - [2026-02-12T22:55:35.746+0000] {dag.py:3096} INFO - Sync 1 DAGs
[2026-02-12T22:55:36.083+0000] {logging_mixin.py:188} INFO - [2026-02-12T22:55:36.083+0000] {dag.py:3954} INFO - Setting next_dagrun for produce_json to 2026-02-12 14:00:00+00:00, run_after=2026-02-13 14:00:00+00:00
[2026-02-12T22:55:36.863+0000] {processor.py:183} INFO - Processing /opt/airflow/dags/main.py took 1.666 seconds
[2026-02-12T22:56:07.162+0000] {processor.py:161} INFO - Started process (PID=117) to work on /opt/airflow/dags/main.py
[2026-02-12T22:56:07.177+0000] {processor.py:830} INFO - Processing file /opt/airflow/dags/main.py for tasks to queue
[2026-02-12T22:56:07.187+0000] {logging_mixin.py:188} INFO - [2026-02-12T22:56:07.186+0000] {dagbag.py:545} INFO - Filling up the DagBag from /opt/airflow/dags/main.py
[2026-02-12T22:56:07.285+0000] {processor.py:840} INFO - DAG(s) 'produce_json' retrieved from /opt/airflow/dags/main.py
[2026-02-12T22:56:07.434+0000] {logging_mixin.py:188} INFO - [2026-02-12T22:56:07.433+0000] {dag.py:3096} INFO - Sync 1 DAGs
[2026-02-12T22:56:07.515+0000] {logging_mixin.py:188} INFO - [2026-02-12T22:56:07.515+0000] {dag.py:3954} INFO - Setting next_dagrun for produce_json to 2026-02-12 14:00:00+00:00, run_after=2026-02-13 14:00:00+00:00
[2026-02-12T22:56:07.589+0000] {processor.py:183} INFO - Processing /opt/airflow/dags/main.py took 0.441 seconds
[2026-02-12T22:56:37.679+0000] {processor.py:161} INFO - Started process (PID=124) to work on /opt/airflow/dags/main.py
[2026-02-12T22:56:37.683+0000] {processor.py:830} INFO - Processing file /opt/airflow/dags/main.py for tasks to queue
[2026-02-12T22:56:37.687+0000] {logging_mixin.py:188} INFO - [2026-02-12T22:56:37.687+0000] {dagbag.py:545} INFO - Filling up the DagBag from /opt/airflow/dags/main.py
[2026-02-12T22:56:37.761+0000] {processor.py:840} INFO - DAG(s) 'produce_json' retrieved from /opt/airflow/dags/main.py
[2026-02-12T22:56:37.945+0000] {logging_mixin.py:188} INFO - [2026-02-12T22:56:37.944+0000] {dag.py:3096} INFO - Sync 1 DAGs
[2026-02-12T22:56:38.025+0000] {logging_mixin.py:188} INFO - [2026-02-12T22:56:38.025+0000] {dag.py:3954} INFO - Setting next_dagrun for produce_json to 2026-02-12 14:00:00+00:00, run_after=2026-02-13 14:00:00+00:00
[2026-02-12T22:56:38.106+0000] {processor.py:183} INFO - Processing /opt/airflow/dags/main.py took 0.446 seconds
[2026-02-12T22:57:08.557+0000] {processor.py:161} INFO - Started process (PID=131) to work on /opt/airflow/dags/main.py
[2026-02-12T22:57:08.570+0000] {processor.py:830} INFO - Processing file /opt/airflow/dags/main.py for tasks to queue
[2026-02-12T22:57:08.574+0000] {logging_mixin.py:188} INFO - [2026-02-12T22:57:08.573+0000] {dagbag.py:545} INFO - Filling up the DagBag from /opt/airflow/dags/main.py
[2026-02-12T22:57:08.651+0000] {processor.py:840} INFO - DAG(s) 'produce_json' retrieved from /opt/airflow/dags/main.py
[2026-02-12T22:57:08.726+0000] {logging_mixin.py:188} INFO - [2026-02-12T22:57:08.725+0000] {dag.py:3096} INFO - Sync 1 DAGs
[2026-02-12T22:57:08.782+0000] {logging_mixin.py:188} INFO - [2026-02-12T22:57:08.781+0000] {dag.py:3954} INFO - Setting next_dagrun for produce_json to 2026-02-12 14:00:00+00:00, run_after=2026-02-13 14:00:00+00:00
[2026-02-12T22:57:08.825+0000] {processor.py:183} INFO - Processing /opt/airflow/dags/main.py took 0.280 seconds
[2026-02-12T22:57:40.191+0000] {processor.py:161} INFO - Started process (PID=137) to work on /opt/airflow/dags/main.py
[2026-02-12T22:57:40.195+0000] {processor.py:830} INFO - Processing file /opt/airflow/dags/main.py for tasks to queue
[2026-02-12T22:57:40.207+0000] {logging_mixin.py:188} INFO - [2026-02-12T22:57:40.207+0000] {dagbag.py:545} INFO - Filling up the DagBag from /opt/airflow/dags/main.py
[2026-02-12T22:57:40.272+0000] {processor.py:840} INFO - DAG(s) 'produce_json' retrieved from /opt/airflow/dags/main.py
[2026-02-12T22:57:40.440+0000] {logging_mixin.py:188} INFO - [2026-02-12T22:57:40.440+0000] {dag.py:3096} INFO - Sync 1 DAGs
[2026-02-12T22:57:40.542+0000] {logging_mixin.py:188} INFO - [2026-02-12T22:57:40.542+0000] {dag.py:3954} INFO - Setting next_dagrun for produce_json to 2026-02-12 14:00:00+00:00, run_after=2026-02-13 14:00:00+00:00
[2026-02-12T22:57:40.606+0000] {processor.py:183} INFO - Processing /opt/airflow/dags/main.py took 0.443 seconds
[2026-02-12T22:58:10.899+0000] {processor.py:161} INFO - Started process (PID=144) to work on /opt/airflow/dags/main.py
[2026-02-12T22:58:10.906+0000] {processor.py:830} INFO - Processing file /opt/airflow/dags/main.py for tasks to queue
[2026-02-12T22:58:10.910+0000] {logging_mixin.py:188} INFO - [2026-02-12T22:58:10.910+0000] {dagbag.py:545} INFO - Filling up the DagBag from /opt/airflow/dags/main.py
[2026-02-12T22:58:11.014+0000] {processor.py:840} INFO - DAG(s) 'produce_json' retrieved from /opt/airflow/dags/main.py
[2026-02-12T22:58:11.092+0000] {logging_mixin.py:188} INFO - [2026-02-12T22:58:11.092+0000] {dag.py:3096} INFO - Sync 1 DAGs
[2026-02-12T22:58:11.148+0000] {logging_mixin.py:188} INFO - [2026-02-12T22:58:11.147+0000] {dag.py:3954} INFO - Setting next_dagrun for produce_json to 2026-02-12 14:00:00+00:00, run_after=2026-02-13 14:00:00+00:00
[2026-02-12T22:58:11.198+0000] {processor.py:183} INFO - Processing /opt/airflow/dags/main.py took 0.352 seconds
[2026-02-12T22:58:42.052+0000] {processor.py:161} INFO - Started process (PID=151) to work on /opt/airflow/dags/main.py
[2026-02-12T22:58:42.059+0000] {processor.py:830} INFO - Processing file /opt/airflow/dags/main.py for tasks to queue
[2026-02-12T22:58:42.065+0000] {logging_mixin.py:188} INFO - [2026-02-12T22:58:42.064+0000] {dagbag.py:545} INFO - Filling up the DagBag from /opt/airflow/dags/main.py
[2026-02-12T22:58:42.135+0000] {processor.py:840} INFO - DAG(s) 'produce_json' retrieved from /opt/airflow/dags/main.py
[2026-02-12T22:58:42.244+0000] {logging_mixin.py:188} INFO - [2026-02-12T22:58:42.244+0000] {dag.py:3096} INFO - Sync 1 DAGs
[2026-02-12T22:58:42.316+0000] {logging_mixin.py:188} INFO - [2026-02-12T22:58:42.315+0000] {dag.py:3954} INFO - Setting next_dagrun for produce_json to 2026-02-12 14:00:00+00:00, run_after=2026-02-13 14:00:00+00:00
[2026-02-12T22:58:42.361+0000] {processor.py:183} INFO - Processing /opt/airflow/dags/main.py took 0.326 seconds
[2026-02-12T22:59:13.483+0000] {processor.py:161} INFO - Started process (PID=157) to work on /opt/airflow/dags/main.py
[2026-02-12T22:59:13.493+0000] {processor.py:830} INFO - Processing file /opt/airflow/dags/main.py for tasks to queue
[2026-02-12T22:59:13.513+0000] {logging_mixin.py:188} INFO - [2026-02-12T22:59:13.510+0000] {dagbag.py:545} INFO - Filling up the DagBag from /opt/airflow/dags/main.py
[2026-02-12T22:59:13.994+0000] {processor.py:840} INFO - DAG(s) 'produce_json' retrieved from /opt/airflow/dags/main.py
[2026-02-12T22:59:14.310+0000] {logging_mixin.py:188} INFO - [2026-02-12T22:59:14.310+0000] {dag.py:3096} INFO - Sync 1 DAGs
[2026-02-12T22:59:15.151+0000] {logging_mixin.py:188} INFO - [2026-02-12T22:59:15.150+0000] {dag.py:3954} INFO - Setting next_dagrun for produce_json to 2026-02-12 14:00:00+00:00, run_after=2026-02-13 14:00:00+00:00
[2026-02-12T22:59:15.244+0000] {processor.py:183} INFO - Processing /opt/airflow/dags/main.py took 1.832 seconds
[2026-02-12T22:59:46.243+0000] {processor.py:161} INFO - Started process (PID=170) to work on /opt/airflow/dags/main.py
[2026-02-12T22:59:46.247+0000] {processor.py:830} INFO - Processing file /opt/airflow/dags/main.py for tasks to queue
[2026-02-12T22:59:46.251+0000] {logging_mixin.py:188} INFO - [2026-02-12T22:59:46.250+0000] {dagbag.py:545} INFO - Filling up the DagBag from /opt/airflow/dags/main.py
[2026-02-12T22:59:46.354+0000] {processor.py:840} INFO - DAG(s) 'produce_json' retrieved from /opt/airflow/dags/main.py
[2026-02-12T22:59:46.562+0000] {logging_mixin.py:188} INFO - [2026-02-12T22:59:46.561+0000] {dag.py:3096} INFO - Sync 1 DAGs
[2026-02-12T22:59:46.634+0000] {logging_mixin.py:188} INFO - [2026-02-12T22:59:46.633+0000] {dag.py:3954} INFO - Setting next_dagrun for produce_json to 2026-02-12 14:00:00+00:00, run_after=2026-02-13 14:00:00+00:00
[2026-02-12T22:59:46.691+0000] {processor.py:183} INFO - Processing /opt/airflow/dags/main.py took 0.467 seconds
[2026-02-12T23:00:17.685+0000] {processor.py:161} INFO - Started process (PID=177) to work on /opt/airflow/dags/main.py
[2026-02-12T23:00:17.689+0000] {processor.py:830} INFO - Processing file /opt/airflow/dags/main.py for tasks to queue
[2026-02-12T23:00:17.694+0000] {logging_mixin.py:188} INFO - [2026-02-12T23:00:17.694+0000] {dagbag.py:545} INFO - Filling up the DagBag from /opt/airflow/dags/main.py
[2026-02-12T23:00:17.771+0000] {processor.py:840} INFO - DAG(s) 'produce_json' retrieved from /opt/airflow/dags/main.py
[2026-02-12T23:00:17.848+0000] {logging_mixin.py:188} INFO - [2026-02-12T23:00:17.847+0000] {dag.py:3096} INFO - Sync 1 DAGs
[2026-02-12T23:00:17.902+0000] {logging_mixin.py:188} INFO - [2026-02-12T23:00:17.902+0000] {dag.py:3954} INFO - Setting next_dagrun for produce_json to 2026-02-12 14:00:00+00:00, run_after=2026-02-13 14:00:00+00:00
[2026-02-12T23:00:17.962+0000] {processor.py:183} INFO - Processing /opt/airflow/dags/main.py took 0.302 seconds
[2026-02-12T23:00:48.385+0000] {processor.py:161} INFO - Started process (PID=184) to work on /opt/airflow/dags/main.py
[2026-02-12T23:00:48.388+0000] {processor.py:830} INFO - Processing file /opt/airflow/dags/main.py for tasks to queue
[2026-02-12T23:00:48.393+0000] {logging_mixin.py:188} INFO - [2026-02-12T23:00:48.392+0000] {dagbag.py:545} INFO - Filling up the DagBag from /opt/airflow/dags/main.py
[2026-02-12T23:00:48.465+0000] {processor.py:840} INFO - DAG(s) 'produce_json' retrieved from /opt/airflow/dags/main.py
[2026-02-12T23:00:48.554+0000] {logging_mixin.py:188} INFO - [2026-02-12T23:00:48.553+0000] {dag.py:3096} INFO - Sync 1 DAGs
[2026-02-12T23:00:48.624+0000] {logging_mixin.py:188} INFO - [2026-02-12T23:00:48.624+0000] {dag.py:3954} INFO - Setting next_dagrun for produce_json to 2026-02-12 14:00:00+00:00, run_after=2026-02-13 14:00:00+00:00
[2026-02-12T23:00:48.681+0000] {processor.py:183} INFO - Processing /opt/airflow/dags/main.py took 0.312 seconds
[2026-02-12T23:01:19.031+0000] {processor.py:161} INFO - Started process (PID=191) to work on /opt/airflow/dags/main.py
[2026-02-12T23:01:19.046+0000] {processor.py:830} INFO - Processing file /opt/airflow/dags/main.py for tasks to queue
[2026-02-12T23:01:19.053+0000] {logging_mixin.py:188} INFO - [2026-02-12T23:01:19.053+0000] {dagbag.py:545} INFO - Filling up the DagBag from /opt/airflow/dags/main.py
[2026-02-12T23:01:19.123+0000] {processor.py:840} INFO - DAG(s) 'produce_json' retrieved from /opt/airflow/dags/main.py
[2026-02-12T23:01:19.198+0000] {logging_mixin.py:188} INFO - [2026-02-12T23:01:19.197+0000] {dag.py:3096} INFO - Sync 1 DAGs
[2026-02-12T23:01:19.268+0000] {logging_mixin.py:188} INFO - [2026-02-12T23:01:19.267+0000] {dag.py:3954} INFO - Setting next_dagrun for produce_json to 2026-02-12 14:00:00+00:00, run_after=2026-02-13 14:00:00+00:00
[2026-02-12T23:01:19.313+0000] {processor.py:183} INFO - Processing /opt/airflow/dags/main.py took 0.300 seconds
[2026-02-12T23:01:50.064+0000] {processor.py:161} INFO - Started process (PID=198) to work on /opt/airflow/dags/main.py
[2026-02-12T23:01:50.075+0000] {processor.py:830} INFO - Processing file /opt/airflow/dags/main.py for tasks to queue
[2026-02-12T23:01:50.081+0000] {logging_mixin.py:188} INFO - [2026-02-12T23:01:50.080+0000] {dagbag.py:545} INFO - Filling up the DagBag from /opt/airflow/dags/main.py
[2026-02-12T23:01:50.157+0000] {processor.py:840} INFO - DAG(s) 'produce_json' retrieved from /opt/airflow/dags/main.py
[2026-02-12T23:01:50.256+0000] {logging_mixin.py:188} INFO - [2026-02-12T23:01:50.255+0000] {dag.py:3096} INFO - Sync 1 DAGs
[2026-02-12T23:01:50.326+0000] {logging_mixin.py:188} INFO - [2026-02-12T23:01:50.326+0000] {dag.py:3954} INFO - Setting next_dagrun for produce_json to 2026-02-12 14:00:00+00:00, run_after=2026-02-13 14:00:00+00:00
[2026-02-12T23:01:50.449+0000] {processor.py:183} INFO - Processing /opt/airflow/dags/main.py took 0.415 seconds
[2026-02-12T23:02:20.863+0000] {processor.py:161} INFO - Started process (PID=199) to work on /opt/airflow/dags/main.py
[2026-02-12T23:02:20.880+0000] {processor.py:830} INFO - Processing file /opt/airflow/dags/main.py for tasks to queue
[2026-02-12T23:02:20.899+0000] {logging_mixin.py:188} INFO - [2026-02-12T23:02:20.895+0000] {dagbag.py:545} INFO - Filling up the DagBag from /opt/airflow/dags/main.py
[2026-02-12T23:02:21.076+0000] {processor.py:840} INFO - DAG(s) 'produce_json' retrieved from /opt/airflow/dags/main.py
[2026-02-12T23:02:21.299+0000] {logging_mixin.py:188} INFO - [2026-02-12T23:02:21.295+0000] {dag.py:3096} INFO - Sync 1 DAGs
[2026-02-12T23:02:21.525+0000] {logging_mixin.py:188} INFO - [2026-02-12T23:02:21.525+0000] {dag.py:3954} INFO - Setting next_dagrun for produce_json to 2026-02-12 14:00:00+00:00, run_after=2026-02-13 14:00:00+00:00
[2026-02-12T23:02:22.060+0000] {processor.py:183} INFO - Processing /opt/airflow/dags/main.py took 1.270 seconds
[2026-02-12T23:02:53.530+0000] {processor.py:161} INFO - Started process (PID=213) to work on /opt/airflow/dags/main.py
[2026-02-12T23:02:53.544+0000] {processor.py:830} INFO - Processing file /opt/airflow/dags/main.py for tasks to queue
[2026-02-12T23:02:53.548+0000] {logging_mixin.py:188} INFO - [2026-02-12T23:02:53.547+0000] {dagbag.py:545} INFO - Filling up the DagBag from /opt/airflow/dags/main.py
[2026-02-12T23:02:53.608+0000] {processor.py:840} INFO - DAG(s) 'produce_json' retrieved from /opt/airflow/dags/main.py
[2026-02-12T23:02:53.795+0000] {logging_mixin.py:188} INFO - [2026-02-12T23:02:53.795+0000] {dag.py:3096} INFO - Sync 1 DAGs
[2026-02-12T23:02:53.859+0000] {logging_mixin.py:188} INFO - [2026-02-12T23:02:53.858+0000] {dag.py:3954} INFO - Setting next_dagrun for produce_json to 2026-02-12 14:00:00+00:00, run_after=2026-02-13 14:00:00+00:00
[2026-02-12T23:02:53.900+0000] {processor.py:183} INFO - Processing /opt/airflow/dags/main.py took 0.382 seconds
[2026-02-12T23:03:24.323+0000] {processor.py:161} INFO - Started process (PID=220) to work on /opt/airflow/dags/main.py
[2026-02-12T23:03:24.326+0000] {processor.py:830} INFO - Processing file /opt/airflow/dags/main.py for tasks to queue
[2026-02-12T23:03:24.334+0000] {logging_mixin.py:188} INFO - [2026-02-12T23:03:24.333+0000] {dagbag.py:545} INFO - Filling up the DagBag from /opt/airflow/dags/main.py
[2026-02-12T23:03:24.427+0000] {processor.py:840} INFO - DAG(s) 'produce_json' retrieved from /opt/airflow/dags/main.py
[2026-02-12T23:03:24.509+0000] {logging_mixin.py:188} INFO - [2026-02-12T23:03:24.508+0000] {dag.py:3096} INFO - Sync 1 DAGs
[2026-02-12T23:03:24.567+0000] {logging_mixin.py:188} INFO - [2026-02-12T23:03:24.566+0000] {dag.py:3954} INFO - Setting next_dagrun for produce_json to 2026-02-12 14:00:00+00:00, run_after=2026-02-13 14:00:00+00:00
[2026-02-12T23:03:24.627+0000] {processor.py:183} INFO - Processing /opt/airflow/dags/main.py took 0.320 seconds
[2026-02-12T23:04:20.931+0000] {processor.py:161} INFO - Started process (PID=221) to work on /opt/airflow/dags/main.py
[2026-02-12T23:04:20.948+0000] {processor.py:830} INFO - Processing file /opt/airflow/dags/main.py for tasks to queue
[2026-02-12T23:04:20.953+0000] {logging_mixin.py:188} INFO - [2026-02-12T23:04:20.952+0000] {dagbag.py:545} INFO - Filling up the DagBag from /opt/airflow/dags/main.py
[2026-02-12T23:04:21.037+0000] {processor.py:840} INFO - DAG(s) 'produce_json' retrieved from /opt/airflow/dags/main.py
[2026-02-12T23:04:21.140+0000] {logging_mixin.py:188} INFO - [2026-02-12T23:04:21.138+0000] {dag.py:3096} INFO - Sync 1 DAGs
[2026-02-12T23:04:21.255+0000] {logging_mixin.py:188} INFO - [2026-02-12T23:04:21.255+0000] {dag.py:3954} INFO - Setting next_dagrun for produce_json to 2026-02-12 14:00:00+00:00, run_after=2026-02-13 14:00:00+00:00
[2026-02-12T23:04:21.444+0000] {processor.py:183} INFO - Processing /opt/airflow/dags/main.py took 0.553 seconds
[2026-02-12T23:05:20.998+0000] {processor.py:161} INFO - Started process (PID=228) to work on /opt/airflow/dags/main.py
[2026-02-12T23:05:21.009+0000] {processor.py:830} INFO - Processing file /opt/airflow/dags/main.py for tasks to queue
[2026-02-12T23:05:21.031+0000] {logging_mixin.py:188} INFO - [2026-02-12T23:05:21.026+0000] {dagbag.py:545} INFO - Filling up the DagBag from /opt/airflow/dags/main.py
[2026-02-12T23:05:21.260+0000] {processor.py:840} INFO - DAG(s) 'produce_json' retrieved from /opt/airflow/dags/main.py
[2026-02-12T23:05:21.564+0000] {logging_mixin.py:188} INFO - [2026-02-12T23:05:21.563+0000] {dag.py:3096} INFO - Sync 1 DAGs
[2026-02-12T23:05:21.950+0000] {logging_mixin.py:188} INFO - [2026-02-12T23:05:21.949+0000] {dag.py:3954} INFO - Setting next_dagrun for produce_json to 2026-02-12 14:00:00+00:00, run_after=2026-02-13 14:00:00+00:00
[2026-02-12T23:05:21.993+0000] {processor.py:183} INFO - Processing /opt/airflow/dags/main.py took 1.110 seconds
[2026-02-12T23:05:52.214+0000] {processor.py:161} INFO - Started process (PID=240) to work on /opt/airflow/dags/main.py
[2026-02-12T23:05:52.217+0000] {processor.py:830} INFO - Processing file /opt/airflow/dags/main.py for tasks to queue
[2026-02-12T23:05:52.222+0000] {logging_mixin.py:188} INFO - [2026-02-12T23:05:52.221+0000] {dagbag.py:545} INFO - Filling up the DagBag from /opt/airflow/dags/main.py
[2026-02-12T23:05:52.318+0000] {processor.py:840} INFO - DAG(s) 'produce_json' retrieved from /opt/airflow/dags/main.py
[2026-02-12T23:05:52.394+0000] {logging_mixin.py:188} INFO - [2026-02-12T23:05:52.394+0000] {dag.py:3096} INFO - Sync 1 DAGs
[2026-02-12T23:05:52.445+0000] {logging_mixin.py:188} INFO - [2026-02-12T23:05:52.444+0000] {dag.py:3954} INFO - Setting next_dagrun for produce_json to 2026-02-12 14:00:00+00:00, run_after=2026-02-13 14:00:00+00:00
[2026-02-12T23:05:52.525+0000] {processor.py:183} INFO - Processing /opt/airflow/dags/main.py took 0.342 seconds
[2026-02-12T23:06:22.740+0000] {processor.py:161} INFO - Started process (PID=248) to work on /opt/airflow/dags/main.py
[2026-02-12T23:06:22.745+0000] {processor.py:830} INFO - Processing file /opt/airflow/dags/main.py for tasks to queue
[2026-02-12T23:06:22.754+0000] {logging_mixin.py:188} INFO - [2026-02-12T23:06:22.751+0000] {dagbag.py:545} INFO - Filling up the DagBag from /opt/airflow/dags/main.py
[2026-02-12T23:06:22.835+0000] {processor.py:840} INFO - DAG(s) 'produce_json' retrieved from /opt/airflow/dags/main.py
[2026-02-12T23:06:22.898+0000] {logging_mixin.py:188} INFO - [2026-02-12T23:06:22.897+0000] {dag.py:3096} INFO - Sync 1 DAGs
[2026-02-12T23:06:22.954+0000] {logging_mixin.py:188} INFO - [2026-02-12T23:06:22.953+0000] {dag.py:3954} INFO - Setting next_dagrun for produce_json to 2026-02-12 14:00:00+00:00, run_after=2026-02-13 14:00:00+00:00
[2026-02-12T23:06:22.991+0000] {processor.py:183} INFO - Processing /opt/airflow/dags/main.py took 0.262 seconds
[2026-02-12T23:06:53.751+0000] {processor.py:161} INFO - Started process (PID=255) to work on /opt/airflow/dags/main.py
[2026-02-12T23:06:53.754+0000] {processor.py:830} INFO - Processing file /opt/airflow/dags/main.py for tasks to queue
[2026-02-12T23:06:53.758+0000] {logging_mixin.py:188} INFO - [2026-02-12T23:06:53.758+0000] {dagbag.py:545} INFO - Filling up the DagBag from /opt/airflow/dags/main.py
[2026-02-12T23:06:53.806+0000] {processor.py:840} INFO - DAG(s) 'produce_json' retrieved from /opt/airflow/dags/main.py
[2026-02-12T23:06:53.901+0000] {logging_mixin.py:188} INFO - [2026-02-12T23:06:53.901+0000] {dag.py:3096} INFO - Sync 1 DAGs
[2026-02-12T23:06:53.959+0000] {logging_mixin.py:188} INFO - [2026-02-12T23:06:53.958+0000] {dag.py:3954} INFO - Setting next_dagrun for produce_json to 2026-02-12 14:00:00+00:00, run_after=2026-02-13 14:00:00+00:00
[2026-02-12T23:06:54.030+0000] {processor.py:183} INFO - Processing /opt/airflow/dags/main.py took 0.292 seconds
[2026-02-12T23:07:24.283+0000] {processor.py:161} INFO - Started process (PID=262) to work on /opt/airflow/dags/main.py
[2026-02-12T23:07:24.290+0000] {processor.py:830} INFO - Processing file /opt/airflow/dags/main.py for tasks to queue
[2026-02-12T23:07:24.298+0000] {logging_mixin.py:188} INFO - [2026-02-12T23:07:24.298+0000] {dagbag.py:545} INFO - Filling up the DagBag from /opt/airflow/dags/main.py
[2026-02-12T23:07:24.366+0000] {processor.py:840} INFO - DAG(s) 'produce_json' retrieved from /opt/airflow/dags/main.py
[2026-02-12T23:07:24.479+0000] {logging_mixin.py:188} INFO - [2026-02-12T23:07:24.466+0000] {dag.py:3096} INFO - Sync 1 DAGs
[2026-02-12T23:07:24.663+0000] {logging_mixin.py:188} INFO - [2026-02-12T23:07:24.663+0000] {dag.py:3954} INFO - Setting next_dagrun for produce_json to 2026-02-12 14:00:00+00:00, run_after=2026-02-13 14:00:00+00:00
[2026-02-12T23:07:24.712+0000] {processor.py:183} INFO - Processing /opt/airflow/dags/main.py took 0.439 seconds
[2026-02-12T23:07:55.277+0000] {processor.py:161} INFO - Started process (PID=269) to work on /opt/airflow/dags/main.py
[2026-02-12T23:07:55.279+0000] {processor.py:830} INFO - Processing file /opt/airflow/dags/main.py for tasks to queue
[2026-02-12T23:07:55.283+0000] {logging_mixin.py:188} INFO - [2026-02-12T23:07:55.282+0000] {dagbag.py:545} INFO - Filling up the DagBag from /opt/airflow/dags/main.py
[2026-02-12T23:07:55.328+0000] {processor.py:840} INFO - DAG(s) 'produce_json' retrieved from /opt/airflow/dags/main.py
[2026-02-12T23:07:55.398+0000] {logging_mixin.py:188} INFO - [2026-02-12T23:07:55.398+0000] {dag.py:3096} INFO - Sync 1 DAGs
[2026-02-12T23:07:55.437+0000] {logging_mixin.py:188} INFO - [2026-02-12T23:07:55.436+0000] {dag.py:3954} INFO - Setting next_dagrun for produce_json to 2026-02-12 14:00:00+00:00, run_after=2026-02-13 14:00:00+00:00
[2026-02-12T23:07:55.484+0000] {processor.py:183} INFO - Processing /opt/airflow/dags/main.py took 0.218 seconds
[2026-02-12T23:08:25.808+0000] {processor.py:161} INFO - Started process (PID=276) to work on /opt/airflow/dags/main.py
[2026-02-12T23:08:25.811+0000] {processor.py:830} INFO - Processing file /opt/airflow/dags/main.py for tasks to queue
[2026-02-12T23:08:25.818+0000] {logging_mixin.py:188} INFO - [2026-02-12T23:08:25.817+0000] {dagbag.py:545} INFO - Filling up the DagBag from /opt/airflow/dags/main.py
[2026-02-12T23:08:25.922+0000] {processor.py:840} INFO - DAG(s) 'produce_json' retrieved from /opt/airflow/dags/main.py
[2026-02-12T23:08:26.010+0000] {logging_mixin.py:188} INFO - [2026-02-12T23:08:26.010+0000] {dag.py:3096} INFO - Sync 1 DAGs
[2026-02-12T23:08:26.062+0000] {logging_mixin.py:188} INFO - [2026-02-12T23:08:26.062+0000] {dag.py:3954} INFO - Setting next_dagrun for produce_json to 2026-02-12 14:00:00+00:00, run_after=2026-02-13 14:00:00+00:00
[2026-02-12T23:08:26.095+0000] {processor.py:183} INFO - Processing /opt/airflow/dags/main.py took 0.300 seconds
[2026-02-12T23:08:56.195+0000] {processor.py:161} INFO - Started process (PID=283) to work on /opt/airflow/dags/main.py
[2026-02-12T23:08:56.198+0000] {processor.py:830} INFO - Processing file /opt/airflow/dags/main.py for tasks to queue
[2026-02-12T23:08:56.201+0000] {logging_mixin.py:188} INFO - [2026-02-12T23:08:56.201+0000] {dagbag.py:545} INFO - Filling up the DagBag from /opt/airflow/dags/main.py
[2026-02-12T23:08:56.247+0000] {processor.py:840} INFO - DAG(s) 'produce_json' retrieved from /opt/airflow/dags/main.py
[2026-02-12T23:08:56.323+0000] {logging_mixin.py:188} INFO - [2026-02-12T23:08:56.322+0000] {dag.py:3096} INFO - Sync 1 DAGs
[2026-02-12T23:08:56.418+0000] {logging_mixin.py:188} INFO - [2026-02-12T23:08:56.418+0000] {dag.py:3954} INFO - Setting next_dagrun for produce_json to 2026-02-12 14:00:00+00:00, run_after=2026-02-13 14:00:00+00:00
[2026-02-12T23:08:56.499+0000] {processor.py:183} INFO - Processing /opt/airflow/dags/main.py took 0.314 seconds
[2026-02-12T23:09:27.225+0000] {processor.py:161} INFO - Started process (PID=290) to work on /opt/airflow/dags/main.py
[2026-02-12T23:09:27.228+0000] {processor.py:830} INFO - Processing file /opt/airflow/dags/main.py for tasks to queue
[2026-02-12T23:09:27.233+0000] {logging_mixin.py:188} INFO - [2026-02-12T23:09:27.232+0000] {dagbag.py:545} INFO - Filling up the DagBag from /opt/airflow/dags/main.py
[2026-02-12T23:09:27.276+0000] {processor.py:840} INFO - DAG(s) 'produce_json' retrieved from /opt/airflow/dags/main.py
[2026-02-12T23:09:27.338+0000] {logging_mixin.py:188} INFO - [2026-02-12T23:09:27.338+0000] {dag.py:3096} INFO - Sync 1 DAGs
[2026-02-12T23:09:27.375+0000] {logging_mixin.py:188} INFO - [2026-02-12T23:09:27.375+0000] {dag.py:3954} INFO - Setting next_dagrun for produce_json to 2026-02-12 14:00:00+00:00, run_after=2026-02-13 14:00:00+00:00
[2026-02-12T23:09:27.414+0000] {processor.py:183} INFO - Processing /opt/airflow/dags/main.py took 0.207 seconds
[2026-02-12T23:09:57.774+0000] {processor.py:161} INFO - Started process (PID=297) to work on /opt/airflow/dags/main.py
[2026-02-12T23:09:57.792+0000] {processor.py:830} INFO - Processing file /opt/airflow/dags/main.py for tasks to queue
[2026-02-12T23:09:57.799+0000] {logging_mixin.py:188} INFO - [2026-02-12T23:09:57.799+0000] {dagbag.py:545} INFO - Filling up the DagBag from /opt/airflow/dags/main.py
[2026-02-12T23:09:57.933+0000] {processor.py:840} INFO - DAG(s) 'produce_json' retrieved from /opt/airflow/dags/main.py
[2026-02-12T23:09:58.051+0000] {logging_mixin.py:188} INFO - [2026-02-12T23:09:58.051+0000] {dag.py:3096} INFO - Sync 1 DAGs
[2026-02-12T23:09:58.100+0000] {logging_mixin.py:188} INFO - [2026-02-12T23:09:58.100+0000] {dag.py:3954} INFO - Setting next_dagrun for produce_json to 2026-02-12 14:00:00+00:00, run_after=2026-02-13 14:00:00+00:00
[2026-02-12T23:09:58.136+0000] {processor.py:183} INFO - Processing /opt/airflow/dags/main.py took 0.386 seconds
[2026-02-12T23:10:28.607+0000] {processor.py:161} INFO - Started process (PID=305) to work on /opt/airflow/dags/main.py
[2026-02-12T23:10:28.611+0000] {processor.py:830} INFO - Processing file /opt/airflow/dags/main.py for tasks to queue
[2026-02-12T23:10:28.616+0000] {logging_mixin.py:188} INFO - [2026-02-12T23:10:28.615+0000] {dagbag.py:545} INFO - Filling up the DagBag from /opt/airflow/dags/main.py
[2026-02-12T23:10:28.684+0000] {processor.py:840} INFO - DAG(s) 'produce_json' retrieved from /opt/airflow/dags/main.py
[2026-02-12T23:10:28.758+0000] {logging_mixin.py:188} INFO - [2026-02-12T23:10:28.757+0000] {dag.py:3096} INFO - Sync 1 DAGs
[2026-02-12T23:10:28.814+0000] {logging_mixin.py:188} INFO - [2026-02-12T23:10:28.812+0000] {dag.py:3954} INFO - Setting next_dagrun for produce_json to 2026-02-12 14:00:00+00:00, run_after=2026-02-13 14:00:00+00:00
[2026-02-12T23:10:28.873+0000] {processor.py:183} INFO - Processing /opt/airflow/dags/main.py took 0.287 seconds
[2026-02-12T23:10:59.006+0000] {processor.py:161} INFO - Started process (PID=312) to work on /opt/airflow/dags/main.py
[2026-02-12T23:10:59.013+0000] {processor.py:830} INFO - Processing file /opt/airflow/dags/main.py for tasks to queue
[2026-02-12T23:10:59.035+0000] {logging_mixin.py:188} INFO - [2026-02-12T23:10:59.030+0000] {dagbag.py:545} INFO - Filling up the DagBag from /opt/airflow/dags/main.py
[2026-02-12T23:10:59.123+0000] {processor.py:840} INFO - DAG(s) 'produce_json' retrieved from /opt/airflow/dags/main.py
[2026-02-12T23:10:59.185+0000] {logging_mixin.py:188} INFO - [2026-02-12T23:10:59.185+0000] {dag.py:3096} INFO - Sync 1 DAGs
[2026-02-12T23:10:59.227+0000] {logging_mixin.py:188} INFO - [2026-02-12T23:10:59.227+0000] {dag.py:3954} INFO - Setting next_dagrun for produce_json to 2026-02-12 14:00:00+00:00, run_after=2026-02-13 14:00:00+00:00
[2026-02-12T23:10:59.285+0000] {processor.py:183} INFO - Processing /opt/airflow/dags/main.py took 0.306 seconds
[2026-02-12T23:11:29.567+0000] {processor.py:161} INFO - Started process (PID=319) to work on /opt/airflow/dags/main.py
[2026-02-12T23:11:29.575+0000] {processor.py:830} INFO - Processing file /opt/airflow/dags/main.py for tasks to queue
[2026-02-12T23:11:29.581+0000] {logging_mixin.py:188} INFO - [2026-02-12T23:11:29.581+0000] {dagbag.py:545} INFO - Filling up the DagBag from /opt/airflow/dags/main.py
[2026-02-12T23:11:29.630+0000] {processor.py:840} INFO - DAG(s) 'produce_json' retrieved from /opt/airflow/dags/main.py
[2026-02-12T23:11:29.698+0000] {logging_mixin.py:188} INFO - [2026-02-12T23:11:29.698+0000] {dag.py:3096} INFO - Sync 1 DAGs
[2026-02-12T23:11:29.736+0000] {logging_mixin.py:188} INFO - [2026-02-12T23:11:29.735+0000] {dag.py:3954} INFO - Setting next_dagrun for produce_json to 2026-02-12 14:00:00+00:00, run_after=2026-02-13 14:00:00+00:00
[2026-02-12T23:11:29.830+0000] {processor.py:183} INFO - Processing /opt/airflow/dags/main.py took 0.393 seconds
[2026-02-12T23:12:00.271+0000] {processor.py:161} INFO - Started process (PID=326) to work on /opt/airflow/dags/main.py
[2026-02-12T23:12:00.273+0000] {processor.py:830} INFO - Processing file /opt/airflow/dags/main.py for tasks to queue
[2026-02-12T23:12:00.280+0000] {logging_mixin.py:188} INFO - [2026-02-12T23:12:00.279+0000] {dagbag.py:545} INFO - Filling up the DagBag from /opt/airflow/dags/main.py
[2026-02-12T23:12:00.363+0000] {processor.py:840} INFO - DAG(s) 'produce_json' retrieved from /opt/airflow/dags/main.py
[2026-02-12T23:12:00.425+0000] {logging_mixin.py:188} INFO - [2026-02-12T23:12:00.425+0000] {dag.py:3096} INFO - Sync 1 DAGs
[2026-02-12T23:12:00.491+0000] {logging_mixin.py:188} INFO - [2026-02-12T23:12:00.490+0000] {dag.py:3954} INFO - Setting next_dagrun for produce_json to 2026-02-12 14:00:00+00:00, run_after=2026-02-13 14:00:00+00:00
[2026-02-12T23:12:00.575+0000] {processor.py:183} INFO - Processing /opt/airflow/dags/main.py took 0.321 seconds
[2026-02-12T23:12:30.906+0000] {processor.py:161} INFO - Started process (PID=333) to work on /opt/airflow/dags/main.py
[2026-02-12T23:12:30.909+0000] {processor.py:830} INFO - Processing file /opt/airflow/dags/main.py for tasks to queue
[2026-02-12T23:12:30.917+0000] {logging_mixin.py:188} INFO - [2026-02-12T23:12:30.916+0000] {dagbag.py:545} INFO - Filling up the DagBag from /opt/airflow/dags/main.py
[2026-02-12T23:12:30.999+0000] {processor.py:840} INFO - DAG(s) 'produce_json' retrieved from /opt/airflow/dags/main.py
[2026-02-12T23:12:31.064+0000] {logging_mixin.py:188} INFO - [2026-02-12T23:12:31.063+0000] {dag.py:3096} INFO - Sync 1 DAGs
[2026-02-12T23:12:31.122+0000] {logging_mixin.py:188} INFO - [2026-02-12T23:12:31.122+0000] {dag.py:3954} INFO - Setting next_dagrun for produce_json to 2026-02-12 14:00:00+00:00, run_after=2026-02-13 14:00:00+00:00
[2026-02-12T23:12:31.178+0000] {processor.py:183} INFO - Processing /opt/airflow/dags/main.py took 0.287 seconds
[2026-02-12T23:13:01.337+0000] {processor.py:161} INFO - Started process (PID=340) to work on /opt/airflow/dags/main.py
[2026-02-12T23:13:01.340+0000] {processor.py:830} INFO - Processing file /opt/airflow/dags/main.py for tasks to queue
[2026-02-12T23:13:01.346+0000] {logging_mixin.py:188} INFO - [2026-02-12T23:13:01.345+0000] {dagbag.py:545} INFO - Filling up the DagBag from /opt/airflow/dags/main.py
[2026-02-12T23:13:01.395+0000] {processor.py:840} INFO - DAG(s) 'produce_json' retrieved from /opt/airflow/dags/main.py
[2026-02-12T23:13:01.458+0000] {logging_mixin.py:188} INFO - [2026-02-12T23:13:01.457+0000] {dag.py:3096} INFO - Sync 1 DAGs
[2026-02-12T23:13:01.493+0000] {logging_mixin.py:188} INFO - [2026-02-12T23:13:01.492+0000] {dag.py:3954} INFO - Setting next_dagrun for produce_json to 2026-02-12 14:00:00+00:00, run_after=2026-02-13 14:00:00+00:00
[2026-02-12T23:13:01.547+0000] {processor.py:183} INFO - Processing /opt/airflow/dags/main.py took 0.236 seconds
[2026-02-12T23:13:32.013+0000] {processor.py:161} INFO - Started process (PID=347) to work on /opt/airflow/dags/main.py
[2026-02-12T23:13:32.019+0000] {processor.py:830} INFO - Processing file /opt/airflow/dags/main.py for tasks to queue
[2026-02-12T23:13:32.022+0000] {logging_mixin.py:188} INFO - [2026-02-12T23:13:32.022+0000] {dagbag.py:545} INFO - Filling up the DagBag from /opt/airflow/dags/main.py
[2026-02-12T23:13:32.093+0000] {processor.py:840} INFO - DAG(s) 'produce_json' retrieved from /opt/airflow/dags/main.py
[2026-02-12T23:13:32.178+0000] {logging_mixin.py:188} INFO - [2026-02-12T23:13:32.178+0000] {dag.py:3096} INFO - Sync 1 DAGs
[2026-02-12T23:13:32.470+0000] {logging_mixin.py:188} INFO - [2026-02-12T23:13:32.470+0000] {dag.py:3954} INFO - Setting next_dagrun for produce_json to 2026-02-12 14:00:00+00:00, run_after=2026-02-13 14:00:00+00:00
[2026-02-12T23:13:32.577+0000] {processor.py:183} INFO - Processing /opt/airflow/dags/main.py took 0.580 seconds
[2026-02-12T23:14:03.583+0000] {processor.py:161} INFO - Started process (PID=353) to work on /opt/airflow/dags/main.py
[2026-02-12T23:14:03.586+0000] {processor.py:830} INFO - Processing file /opt/airflow/dags/main.py for tasks to queue
[2026-02-12T23:14:03.589+0000] {logging_mixin.py:188} INFO - [2026-02-12T23:14:03.588+0000] {dagbag.py:545} INFO - Filling up the DagBag from /opt/airflow/dags/main.py
[2026-02-12T23:14:03.640+0000] {processor.py:840} INFO - DAG(s) 'produce_json' retrieved from /opt/airflow/dags/main.py
[2026-02-12T23:14:03.692+0000] {logging_mixin.py:188} INFO - [2026-02-12T23:14:03.692+0000] {dag.py:3096} INFO - Sync 1 DAGs
[2026-02-12T23:14:03.758+0000] {logging_mixin.py:188} INFO - [2026-02-12T23:14:03.757+0000] {dag.py:3954} INFO - Setting next_dagrun for produce_json to 2026-02-12 14:00:00+00:00, run_after=2026-02-13 14:00:00+00:00
[2026-02-12T23:14:03.817+0000] {processor.py:183} INFO - Processing /opt/airflow/dags/main.py took 0.263 seconds
[2026-02-12T23:14:34.098+0000] {processor.py:161} INFO - Started process (PID=361) to work on /opt/airflow/dags/main.py
[2026-02-12T23:14:34.119+0000] {processor.py:830} INFO - Processing file /opt/airflow/dags/main.py for tasks to queue
[2026-02-12T23:14:34.149+0000] {logging_mixin.py:188} INFO - [2026-02-12T23:14:34.143+0000] {dagbag.py:545} INFO - Filling up the DagBag from /opt/airflow/dags/main.py
[2026-02-12T23:14:34.237+0000] {processor.py:840} INFO - DAG(s) 'produce_json' retrieved from /opt/airflow/dags/main.py
[2026-02-12T23:14:34.491+0000] {logging_mixin.py:188} INFO - [2026-02-12T23:14:34.490+0000] {dag.py:3096} INFO - Sync 1 DAGs
[2026-02-12T23:14:34.591+0000] {logging_mixin.py:188} INFO - [2026-02-12T23:14:34.591+0000] {dag.py:3954} INFO - Setting next_dagrun for produce_json to 2026-02-12 14:00:00+00:00, run_after=2026-02-13 14:00:00+00:00
[2026-02-12T23:14:34.738+0000] {processor.py:183} INFO - Processing /opt/airflow/dags/main.py took 0.658 seconds
[2026-02-12T23:15:05.382+0000] {processor.py:161} INFO - Started process (PID=368) to work on /opt/airflow/dags/main.py
[2026-02-12T23:15:05.385+0000] {processor.py:830} INFO - Processing file /opt/airflow/dags/main.py for tasks to queue
[2026-02-12T23:15:05.392+0000] {logging_mixin.py:188} INFO - [2026-02-12T23:15:05.390+0000] {dagbag.py:545} INFO - Filling up the DagBag from /opt/airflow/dags/main.py
[2026-02-12T23:15:05.464+0000] {processor.py:840} INFO - DAG(s) 'produce_json' retrieved from /opt/airflow/dags/main.py
[2026-02-12T23:15:05.542+0000] {logging_mixin.py:188} INFO - [2026-02-12T23:15:05.542+0000] {dag.py:3096} INFO - Sync 1 DAGs
[2026-02-12T23:15:05.580+0000] {logging_mixin.py:188} INFO - [2026-02-12T23:15:05.580+0000] {dag.py:3954} INFO - Setting next_dagrun for produce_json to 2026-02-12 14:00:00+00:00, run_after=2026-02-13 14:00:00+00:00
[2026-02-12T23:15:05.633+0000] {processor.py:183} INFO - Processing /opt/airflow/dags/main.py took 0.277 seconds
[2026-02-12T23:15:35.762+0000] {processor.py:161} INFO - Started process (PID=376) to work on /opt/airflow/dags/main.py
[2026-02-12T23:15:35.766+0000] {processor.py:830} INFO - Processing file /opt/airflow/dags/main.py for tasks to queue
[2026-02-12T23:15:35.770+0000] {logging_mixin.py:188} INFO - [2026-02-12T23:15:35.770+0000] {dagbag.py:545} INFO - Filling up the DagBag from /opt/airflow/dags/main.py
[2026-02-12T23:15:35.829+0000] {processor.py:840} INFO - DAG(s) 'produce_json' retrieved from /opt/airflow/dags/main.py
[2026-02-12T23:15:35.914+0000] {logging_mixin.py:188} INFO - [2026-02-12T23:15:35.913+0000] {dag.py:3096} INFO - Sync 1 DAGs
[2026-02-12T23:15:35.974+0000] {logging_mixin.py:188} INFO - [2026-02-12T23:15:35.972+0000] {dag.py:3954} INFO - Setting next_dagrun for produce_json to 2026-02-12 14:00:00+00:00, run_after=2026-02-13 14:00:00+00:00
[2026-02-12T23:15:36.036+0000] {processor.py:183} INFO - Processing /opt/airflow/dags/main.py took 0.292 seconds
[2026-02-12T23:16:06.904+0000] {processor.py:161} INFO - Started process (PID=383) to work on /opt/airflow/dags/main.py
[2026-02-12T23:16:06.906+0000] {processor.py:830} INFO - Processing file /opt/airflow/dags/main.py for tasks to queue
[2026-02-12T23:16:06.910+0000] {logging_mixin.py:188} INFO - [2026-02-12T23:16:06.910+0000] {dagbag.py:545} INFO - Filling up the DagBag from /opt/airflow/dags/main.py
[2026-02-12T23:16:06.972+0000] {processor.py:840} INFO - DAG(s) 'produce_json' retrieved from /opt/airflow/dags/main.py
[2026-02-12T23:16:07.038+0000] {logging_mixin.py:188} INFO - [2026-02-12T23:16:07.038+0000] {dag.py:3096} INFO - Sync 1 DAGs
[2026-02-12T23:16:07.081+0000] {logging_mixin.py:188} INFO - [2026-02-12T23:16:07.080+0000] {dag.py:3954} INFO - Setting next_dagrun for produce_json to 2026-02-12 14:00:00+00:00, run_after=2026-02-13 14:00:00+00:00
[2026-02-12T23:16:07.242+0000] {processor.py:183} INFO - Processing /opt/airflow/dags/main.py took 0.351 seconds
[2026-02-12T23:16:38.253+0000] {processor.py:161} INFO - Started process (PID=391) to work on /opt/airflow/dags/main.py
[2026-02-12T23:16:38.258+0000] {processor.py:830} INFO - Processing file /opt/airflow/dags/main.py for tasks to queue
[2026-02-12T23:16:38.261+0000] {logging_mixin.py:188} INFO - [2026-02-12T23:16:38.261+0000] {dagbag.py:545} INFO - Filling up the DagBag from /opt/airflow/dags/main.py
[2026-02-12T23:16:38.305+0000] {processor.py:840} INFO - DAG(s) 'produce_json' retrieved from /opt/airflow/dags/main.py
[2026-02-12T23:16:38.368+0000] {logging_mixin.py:188} INFO - [2026-02-12T23:16:38.368+0000] {dag.py:3096} INFO - Sync 1 DAGs
[2026-02-12T23:16:38.414+0000] {logging_mixin.py:188} INFO - [2026-02-12T23:16:38.414+0000] {dag.py:3954} INFO - Setting next_dagrun for produce_json to 2026-02-12 14:00:00+00:00, run_after=2026-02-13 14:00:00+00:00
[2026-02-12T23:16:38.468+0000] {processor.py:183} INFO - Processing /opt/airflow/dags/main.py took 0.226 seconds
[2026-02-12T23:17:09.091+0000] {processor.py:161} INFO - Started process (PID=399) to work on /opt/airflow/dags/main.py
[2026-02-12T23:17:09.094+0000] {processor.py:830} INFO - Processing file /opt/airflow/dags/main.py for tasks to queue
[2026-02-12T23:17:09.099+0000] {logging_mixin.py:188} INFO - [2026-02-12T23:17:09.098+0000] {dagbag.py:545} INFO - Filling up the DagBag from /opt/airflow/dags/main.py
[2026-02-12T23:17:09.142+0000] {processor.py:840} INFO - DAG(s) 'produce_json' retrieved from /opt/airflow/dags/main.py
[2026-02-12T23:17:09.210+0000] {logging_mixin.py:188} INFO - [2026-02-12T23:17:09.210+0000] {dag.py:3096} INFO - Sync 1 DAGs
[2026-02-12T23:17:09.252+0000] {logging_mixin.py:188} INFO - [2026-02-12T23:17:09.251+0000] {dag.py:3954} INFO - Setting next_dagrun for produce_json to 2026-02-12 14:00:00+00:00, run_after=2026-02-13 14:00:00+00:00
[2026-02-12T23:17:09.302+0000] {processor.py:183} INFO - Processing /opt/airflow/dags/main.py took 0.222 seconds
[2026-02-12T23:17:40.247+0000] {processor.py:161} INFO - Started process (PID=406) to work on /opt/airflow/dags/main.py
[2026-02-12T23:17:40.250+0000] {processor.py:830} INFO - Processing file /opt/airflow/dags/main.py for tasks to queue
[2026-02-12T23:17:40.254+0000] {logging_mixin.py:188} INFO - [2026-02-12T23:17:40.254+0000] {dagbag.py:545} INFO - Filling up the DagBag from /opt/airflow/dags/main.py
[2026-02-12T23:17:40.308+0000] {processor.py:840} INFO - DAG(s) 'produce_json' retrieved from /opt/airflow/dags/main.py
[2026-02-12T23:17:40.380+0000] {logging_mixin.py:188} INFO - [2026-02-12T23:17:40.379+0000] {dag.py:3096} INFO - Sync 1 DAGs
[2026-02-12T23:17:40.426+0000] {logging_mixin.py:188} INFO - [2026-02-12T23:17:40.425+0000] {dag.py:3954} INFO - Setting next_dagrun for produce_json to 2026-02-12 14:00:00+00:00, run_after=2026-02-13 14:00:00+00:00
[2026-02-12T23:17:40.478+0000] {processor.py:183} INFO - Processing /opt/airflow/dags/main.py took 0.244 seconds
[2026-02-12T23:18:10.822+0000] {processor.py:161} INFO - Started process (PID=413) to work on /opt/airflow/dags/main.py
[2026-02-12T23:18:10.825+0000] {processor.py:830} INFO - Processing file /opt/airflow/dags/main.py for tasks to queue
[2026-02-12T23:18:10.829+0000] {logging_mixin.py:188} INFO - [2026-02-12T23:18:10.828+0000] {dagbag.py:545} INFO - Filling up the DagBag from /opt/airflow/dags/main.py
[2026-02-12T23:18:10.884+0000] {processor.py:840} INFO - DAG(s) 'produce_json' retrieved from /opt/airflow/dags/main.py
[2026-02-12T23:18:10.942+0000] {logging_mixin.py:188} INFO - [2026-02-12T23:18:10.942+0000] {dag.py:3096} INFO - Sync 1 DAGs
[2026-02-12T23:18:10.975+0000] {logging_mixin.py:188} INFO - [2026-02-12T23:18:10.975+0000] {dag.py:3954} INFO - Setting next_dagrun for produce_json to 2026-02-12 14:00:00+00:00, run_after=2026-02-13 14:00:00+00:00
[2026-02-12T23:18:11.009+0000] {processor.py:183} INFO - Processing /opt/airflow/dags/main.py took 0.200 seconds
[2026-02-12T23:18:41.131+0000] {processor.py:161} INFO - Started process (PID=420) to work on /opt/airflow/dags/main.py
[2026-02-12T23:18:41.134+0000] {processor.py:830} INFO - Processing file /opt/airflow/dags/main.py for tasks to queue
[2026-02-12T23:18:41.140+0000] {logging_mixin.py:188} INFO - [2026-02-12T23:18:41.139+0000] {dagbag.py:545} INFO - Filling up the DagBag from /opt/airflow/dags/main.py
[2026-02-12T23:18:41.196+0000] {processor.py:840} INFO - DAG(s) 'produce_json' retrieved from /opt/airflow/dags/main.py
[2026-02-12T23:18:41.257+0000] {logging_mixin.py:188} INFO - [2026-02-12T23:18:41.256+0000] {dag.py:3096} INFO - Sync 1 DAGs
[2026-02-12T23:18:41.314+0000] {logging_mixin.py:188} INFO - [2026-02-12T23:18:41.313+0000] {dag.py:3954} INFO - Setting next_dagrun for produce_json to 2026-02-12 14:00:00+00:00, run_after=2026-02-13 14:00:00+00:00
[2026-02-12T23:18:41.369+0000] {processor.py:183} INFO - Processing /opt/airflow/dags/main.py took 0.253 seconds
[2026-02-12T23:19:11.740+0000] {processor.py:161} INFO - Started process (PID=427) to work on /opt/airflow/dags/main.py
[2026-02-12T23:19:11.743+0000] {processor.py:830} INFO - Processing file /opt/airflow/dags/main.py for tasks to queue
[2026-02-12T23:19:11.748+0000] {logging_mixin.py:188} INFO - [2026-02-12T23:19:11.747+0000] {dagbag.py:545} INFO - Filling up the DagBag from /opt/airflow/dags/main.py
[2026-02-12T23:19:11.801+0000] {processor.py:840} INFO - DAG(s) 'produce_json' retrieved from /opt/airflow/dags/main.py
[2026-02-12T23:19:11.866+0000] {logging_mixin.py:188} INFO - [2026-02-12T23:19:11.865+0000] {dag.py:3096} INFO - Sync 1 DAGs
[2026-02-12T23:19:11.912+0000] {logging_mixin.py:188} INFO - [2026-02-12T23:19:11.912+0000] {dag.py:3954} INFO - Setting next_dagrun for produce_json to 2026-02-12 14:00:00+00:00, run_after=2026-02-13 14:00:00+00:00
[2026-02-12T23:19:11.958+0000] {processor.py:183} INFO - Processing /opt/airflow/dags/main.py took 0.233 seconds
[2026-02-12T23:19:42.134+0000] {processor.py:161} INFO - Started process (PID=433) to work on /opt/airflow/dags/main.py
[2026-02-12T23:19:42.138+0000] {processor.py:830} INFO - Processing file /opt/airflow/dags/main.py for tasks to queue
[2026-02-12T23:19:42.142+0000] {logging_mixin.py:188} INFO - [2026-02-12T23:19:42.142+0000] {dagbag.py:545} INFO - Filling up the DagBag from /opt/airflow/dags/main.py
[2026-02-12T23:19:42.188+0000] {processor.py:840} INFO - DAG(s) 'produce_json' retrieved from /opt/airflow/dags/main.py
[2026-02-12T23:19:42.255+0000] {logging_mixin.py:188} INFO - [2026-02-12T23:19:42.255+0000] {dag.py:3096} INFO - Sync 1 DAGs
[2026-02-12T23:19:42.305+0000] {logging_mixin.py:188} INFO - [2026-02-12T23:19:42.305+0000] {dag.py:3954} INFO - Setting next_dagrun for produce_json to 2026-02-12 14:00:00+00:00, run_after=2026-02-13 14:00:00+00:00
[2026-02-12T23:19:42.450+0000] {processor.py:183} INFO - Processing /opt/airflow/dags/main.py took 0.326 seconds
[2026-02-12T23:20:12.616+0000] {processor.py:161} INFO - Started process (PID=441) to work on /opt/airflow/dags/main.py
[2026-02-12T23:20:12.619+0000] {processor.py:830} INFO - Processing file /opt/airflow/dags/main.py for tasks to queue
[2026-02-12T23:20:12.625+0000] {logging_mixin.py:188} INFO - [2026-02-12T23:20:12.624+0000] {dagbag.py:545} INFO - Filling up the DagBag from /opt/airflow/dags/main.py
[2026-02-12T23:20:12.678+0000] {processor.py:840} INFO - DAG(s) 'produce_json' retrieved from /opt/airflow/dags/main.py
[2026-02-12T23:20:12.763+0000] {logging_mixin.py:188} INFO - [2026-02-12T23:20:12.762+0000] {dag.py:3096} INFO - Sync 1 DAGs
[2026-02-12T23:20:12.807+0000] {logging_mixin.py:188} INFO - [2026-02-12T23:20:12.807+0000] {dag.py:3954} INFO - Setting next_dagrun for produce_json to 2026-02-12 14:00:00+00:00, run_after=2026-02-13 14:00:00+00:00
[2026-02-12T23:20:12.860+0000] {processor.py:183} INFO - Processing /opt/airflow/dags/main.py took 0.259 seconds
[2026-02-12T23:20:43.843+0000] {processor.py:161} INFO - Started process (PID=447) to work on /opt/airflow/dags/main.py
[2026-02-12T23:20:43.847+0000] {processor.py:830} INFO - Processing file /opt/airflow/dags/main.py for tasks to queue
[2026-02-12T23:20:43.852+0000] {logging_mixin.py:188} INFO - [2026-02-12T23:20:43.852+0000] {dagbag.py:545} INFO - Filling up the DagBag from /opt/airflow/dags/main.py
[2026-02-12T23:20:43.903+0000] {processor.py:840} INFO - DAG(s) 'produce_json' retrieved from /opt/airflow/dags/main.py
[2026-02-12T23:20:43.969+0000] {logging_mixin.py:188} INFO - [2026-02-12T23:20:43.968+0000] {dag.py:3096} INFO - Sync 1 DAGs
[2026-02-12T23:20:44.016+0000] {logging_mixin.py:188} INFO - [2026-02-12T23:20:44.016+0000] {dag.py:3954} INFO - Setting next_dagrun for produce_json to 2026-02-12 14:00:00+00:00, run_after=2026-02-13 14:00:00+00:00
[2026-02-12T23:20:44.064+0000] {processor.py:183} INFO - Processing /opt/airflow/dags/main.py took 0.236 seconds
[2026-02-12T23:21:14.370+0000] {processor.py:161} INFO - Started process (PID=454) to work on /opt/airflow/dags/main.py
[2026-02-12T23:21:14.376+0000] {processor.py:830} INFO - Processing file /opt/airflow/dags/main.py for tasks to queue
[2026-02-12T23:21:14.382+0000] {logging_mixin.py:188} INFO - [2026-02-12T23:21:14.380+0000] {dagbag.py:545} INFO - Filling up the DagBag from /opt/airflow/dags/main.py
[2026-02-12T23:21:14.438+0000] {processor.py:840} INFO - DAG(s) 'produce_json' retrieved from /opt/airflow/dags/main.py
[2026-02-12T23:21:14.509+0000] {logging_mixin.py:188} INFO - [2026-02-12T23:21:14.508+0000] {dag.py:3096} INFO - Sync 1 DAGs
[2026-02-12T23:21:14.563+0000] {logging_mixin.py:188} INFO - [2026-02-12T23:21:14.563+0000] {dag.py:3954} INFO - Setting next_dagrun for produce_json to 2026-02-12 14:00:00+00:00, run_after=2026-02-13 14:00:00+00:00
[2026-02-12T23:21:14.622+0000] {processor.py:183} INFO - Processing /opt/airflow/dags/main.py took 0.264 seconds
[2026-02-12T23:21:45.237+0000] {processor.py:161} INFO - Started process (PID=461) to work on /opt/airflow/dags/main.py
[2026-02-12T23:21:45.248+0000] {processor.py:830} INFO - Processing file /opt/airflow/dags/main.py for tasks to queue
[2026-02-12T23:21:45.252+0000] {logging_mixin.py:188} INFO - [2026-02-12T23:21:45.252+0000] {dagbag.py:545} INFO - Filling up the DagBag from /opt/airflow/dags/main.py
[2026-02-12T23:21:45.305+0000] {processor.py:840} INFO - DAG(s) 'produce_json' retrieved from /opt/airflow/dags/main.py
[2026-02-12T23:21:45.374+0000] {logging_mixin.py:188} INFO - [2026-02-12T23:21:45.373+0000] {dag.py:3096} INFO - Sync 1 DAGs
[2026-02-12T23:21:45.434+0000] {logging_mixin.py:188} INFO - [2026-02-12T23:21:45.434+0000] {dag.py:3954} INFO - Setting next_dagrun for produce_json to 2026-02-12 14:00:00+00:00, run_after=2026-02-13 14:00:00+00:00
[2026-02-12T23:21:45.490+0000] {processor.py:183} INFO - Processing /opt/airflow/dags/main.py took 0.284 seconds
[2026-02-12T23:22:15.997+0000] {processor.py:161} INFO - Started process (PID=468) to work on /opt/airflow/dags/main.py
[2026-02-12T23:22:16.000+0000] {processor.py:830} INFO - Processing file /opt/airflow/dags/main.py for tasks to queue
[2026-02-12T23:22:16.004+0000] {logging_mixin.py:188} INFO - [2026-02-12T23:22:16.003+0000] {dagbag.py:545} INFO - Filling up the DagBag from /opt/airflow/dags/main.py
[2026-02-12T23:22:16.056+0000] {processor.py:840} INFO - DAG(s) 'produce_json' retrieved from /opt/airflow/dags/main.py
[2026-02-12T23:22:16.120+0000] {logging_mixin.py:188} INFO - [2026-02-12T23:22:16.120+0000] {dag.py:3096} INFO - Sync 1 DAGs
[2026-02-12T23:22:16.166+0000] {logging_mixin.py:188} INFO - [2026-02-12T23:22:16.165+0000] {dag.py:3954} INFO - Setting next_dagrun for produce_json to 2026-02-12 14:00:00+00:00, run_after=2026-02-13 14:00:00+00:00
[2026-02-12T23:22:16.201+0000] {processor.py:183} INFO - Processing /opt/airflow/dags/main.py took 0.219 seconds
[2026-02-12T23:22:47.210+0000] {processor.py:161} INFO - Started process (PID=475) to work on /opt/airflow/dags/main.py
[2026-02-12T23:22:47.213+0000] {processor.py:830} INFO - Processing file /opt/airflow/dags/main.py for tasks to queue
[2026-02-12T23:22:47.217+0000] {logging_mixin.py:188} INFO - [2026-02-12T23:22:47.217+0000] {dagbag.py:545} INFO - Filling up the DagBag from /opt/airflow/dags/main.py
[2026-02-12T23:22:47.263+0000] {processor.py:840} INFO - DAG(s) 'produce_json' retrieved from /opt/airflow/dags/main.py
[2026-02-12T23:22:47.341+0000] {logging_mixin.py:188} INFO - [2026-02-12T23:22:47.341+0000] {dag.py:3096} INFO - Sync 1 DAGs
[2026-02-12T23:22:47.386+0000] {logging_mixin.py:188} INFO - [2026-02-12T23:22:47.386+0000] {dag.py:3954} INFO - Setting next_dagrun for produce_json to 2026-02-12 14:00:00+00:00, run_after=2026-02-13 14:00:00+00:00
[2026-02-12T23:22:47.445+0000] {processor.py:183} INFO - Processing /opt/airflow/dags/main.py took 0.246 seconds
[2026-02-12T23:23:17.756+0000] {processor.py:161} INFO - Started process (PID=482) to work on /opt/airflow/dags/main.py
[2026-02-12T23:23:17.759+0000] {processor.py:830} INFO - Processing file /opt/airflow/dags/main.py for tasks to queue
[2026-02-12T23:23:17.763+0000] {logging_mixin.py:188} INFO - [2026-02-12T23:23:17.762+0000] {dagbag.py:545} INFO - Filling up the DagBag from /opt/airflow/dags/main.py
[2026-02-12T23:23:17.810+0000] {processor.py:840} INFO - DAG(s) 'produce_json' retrieved from /opt/airflow/dags/main.py
[2026-02-12T23:23:17.873+0000] {logging_mixin.py:188} INFO - [2026-02-12T23:23:17.873+0000] {dag.py:3096} INFO - Sync 1 DAGs
[2026-02-12T23:23:18.067+0000] {logging_mixin.py:188} INFO - [2026-02-12T23:23:18.067+0000] {dag.py:3954} INFO - Setting next_dagrun for produce_json to 2026-02-12 14:00:00+00:00, run_after=2026-02-13 14:00:00+00:00
[2026-02-12T23:23:18.173+0000] {processor.py:183} INFO - Processing /opt/airflow/dags/main.py took 0.428 seconds
[2026-02-12T23:23:49.600+0000] {processor.py:161} INFO - Started process (PID=488) to work on /opt/airflow/dags/main.py
[2026-02-12T23:23:49.611+0000] {processor.py:830} INFO - Processing file /opt/airflow/dags/main.py for tasks to queue
[2026-02-12T23:23:49.619+0000] {logging_mixin.py:188} INFO - [2026-02-12T23:23:49.619+0000] {dagbag.py:545} INFO - Filling up the DagBag from /opt/airflow/dags/main.py
[2026-02-12T23:23:49.705+0000] {processor.py:840} INFO - DAG(s) 'produce_json' retrieved from /opt/airflow/dags/main.py
[2026-02-12T23:23:49.774+0000] {logging_mixin.py:188} INFO - [2026-02-12T23:23:49.773+0000] {dag.py:3096} INFO - Sync 1 DAGs
[2026-02-12T23:23:49.838+0000] {logging_mixin.py:188} INFO - [2026-02-12T23:23:49.838+0000] {dag.py:3954} INFO - Setting next_dagrun for produce_json to 2026-02-12 14:00:00+00:00, run_after=2026-02-13 14:00:00+00:00
[2026-02-12T23:23:49.902+0000] {processor.py:183} INFO - Processing /opt/airflow/dags/main.py took 0.338 seconds
[2026-02-12T23:24:20.250+0000] {processor.py:161} INFO - Started process (PID=496) to work on /opt/airflow/dags/main.py
[2026-02-12T23:24:20.255+0000] {processor.py:830} INFO - Processing file /opt/airflow/dags/main.py for tasks to queue
[2026-02-12T23:24:20.259+0000] {logging_mixin.py:188} INFO - [2026-02-12T23:24:20.258+0000] {dagbag.py:545} INFO - Filling up the DagBag from /opt/airflow/dags/main.py
[2026-02-12T23:24:20.304+0000] {processor.py:840} INFO - DAG(s) 'produce_json' retrieved from /opt/airflow/dags/main.py
[2026-02-12T23:24:20.371+0000] {logging_mixin.py:188} INFO - [2026-02-12T23:24:20.370+0000] {dag.py:3096} INFO - Sync 1 DAGs
[2026-02-12T23:24:20.417+0000] {logging_mixin.py:188} INFO - [2026-02-12T23:24:20.417+0000] {dag.py:3954} INFO - Setting next_dagrun for produce_json to 2026-02-12 14:00:00+00:00, run_after=2026-02-13 14:00:00+00:00
[2026-02-12T23:24:20.476+0000] {processor.py:183} INFO - Processing /opt/airflow/dags/main.py took 0.240 seconds
[2026-02-12T23:24:51.089+0000] {processor.py:161} INFO - Started process (PID=503) to work on /opt/airflow/dags/main.py
[2026-02-12T23:24:51.092+0000] {processor.py:830} INFO - Processing file /opt/airflow/dags/main.py for tasks to queue
[2026-02-12T23:24:51.096+0000] {logging_mixin.py:188} INFO - [2026-02-12T23:24:51.095+0000] {dagbag.py:545} INFO - Filling up the DagBag from /opt/airflow/dags/main.py
[2026-02-12T23:24:51.293+0000] {processor.py:840} INFO - DAG(s) 'produce_json' retrieved from /opt/airflow/dags/main.py
[2026-02-12T23:24:51.348+0000] {logging_mixin.py:188} INFO - [2026-02-12T23:24:51.347+0000] {dag.py:3096} INFO - Sync 1 DAGs
[2026-02-12T23:24:51.398+0000] {logging_mixin.py:188} INFO - [2026-02-12T23:24:51.398+0000] {dag.py:3954} INFO - Setting next_dagrun for produce_json to 2026-02-12 14:00:00+00:00, run_after=2026-02-13 14:00:00+00:00
[2026-02-12T23:24:51.454+0000] {processor.py:183} INFO - Processing /opt/airflow/dags/main.py took 0.378 seconds
[2026-02-12T23:25:21.755+0000] {processor.py:161} INFO - Started process (PID=509) to work on /opt/airflow/dags/main.py
[2026-02-12T23:25:21.757+0000] {processor.py:830} INFO - Processing file /opt/airflow/dags/main.py for tasks to queue
[2026-02-12T23:25:21.762+0000] {logging_mixin.py:188} INFO - [2026-02-12T23:25:21.762+0000] {dagbag.py:545} INFO - Filling up the DagBag from /opt/airflow/dags/main.py
[2026-02-12T23:25:21.818+0000] {processor.py:840} INFO - DAG(s) 'produce_json' retrieved from /opt/airflow/dags/main.py
[2026-02-12T23:25:21.877+0000] {logging_mixin.py:188} INFO - [2026-02-12T23:25:21.876+0000] {dag.py:3096} INFO - Sync 1 DAGs
[2026-02-12T23:25:21.915+0000] {logging_mixin.py:188} INFO - [2026-02-12T23:25:21.914+0000] {dag.py:3954} INFO - Setting next_dagrun for produce_json to 2026-02-12 14:00:00+00:00, run_after=2026-02-13 14:00:00+00:00
[2026-02-12T23:25:21.962+0000] {processor.py:183} INFO - Processing /opt/airflow/dags/main.py took 0.220 seconds
[2026-02-12T23:25:52.836+0000] {processor.py:161} INFO - Started process (PID=516) to work on /opt/airflow/dags/main.py
[2026-02-12T23:25:52.838+0000] {processor.py:830} INFO - Processing file /opt/airflow/dags/main.py for tasks to queue
[2026-02-12T23:25:52.846+0000] {logging_mixin.py:188} INFO - [2026-02-12T23:25:52.844+0000] {dagbag.py:545} INFO - Filling up the DagBag from /opt/airflow/dags/main.py
[2026-02-12T23:25:52.897+0000] {processor.py:840} INFO - DAG(s) 'produce_json' retrieved from /opt/airflow/dags/main.py
[2026-02-12T23:25:52.941+0000] {logging_mixin.py:188} INFO - [2026-02-12T23:25:52.941+0000] {dag.py:3096} INFO - Sync 1 DAGs
[2026-02-12T23:25:52.995+0000] {logging_mixin.py:188} INFO - [2026-02-12T23:25:52.995+0000] {dag.py:3954} INFO - Setting next_dagrun for produce_json to 2026-02-12 14:00:00+00:00, run_after=2026-02-13 14:00:00+00:00
[2026-02-12T23:25:53.039+0000] {processor.py:183} INFO - Processing /opt/airflow/dags/main.py took 0.219 seconds
[2026-02-12T23:26:23.237+0000] {processor.py:161} INFO - Started process (PID=524) to work on /opt/airflow/dags/main.py
[2026-02-12T23:26:23.242+0000] {processor.py:830} INFO - Processing file /opt/airflow/dags/main.py for tasks to queue
[2026-02-12T23:26:23.248+0000] {logging_mixin.py:188} INFO - [2026-02-12T23:26:23.247+0000] {dagbag.py:545} INFO - Filling up the DagBag from /opt/airflow/dags/main.py
[2026-02-12T23:26:23.307+0000] {processor.py:840} INFO - DAG(s) 'produce_json' retrieved from /opt/airflow/dags/main.py
[2026-02-12T23:26:23.386+0000] {logging_mixin.py:188} INFO - [2026-02-12T23:26:23.385+0000] {dag.py:3096} INFO - Sync 1 DAGs
[2026-02-12T23:26:23.432+0000] {logging_mixin.py:188} INFO - [2026-02-12T23:26:23.432+0000] {dag.py:3954} INFO - Setting next_dagrun for produce_json to 2026-02-12 14:00:00+00:00, run_after=2026-02-13 14:00:00+00:00
[2026-02-12T23:26:23.489+0000] {processor.py:183} INFO - Processing /opt/airflow/dags/main.py took 0.268 seconds
[2026-02-12T23:26:53.815+0000] {processor.py:161} INFO - Started process (PID=531) to work on /opt/airflow/dags/main.py
[2026-02-12T23:26:53.819+0000] {processor.py:830} INFO - Processing file /opt/airflow/dags/main.py for tasks to queue
[2026-02-12T23:26:53.823+0000] {logging_mixin.py:188} INFO - [2026-02-12T23:26:53.822+0000] {dagbag.py:545} INFO - Filling up the DagBag from /opt/airflow/dags/main.py
[2026-02-12T23:26:53.877+0000] {processor.py:840} INFO - DAG(s) 'produce_json' retrieved from /opt/airflow/dags/main.py
[2026-02-12T23:26:53.951+0000] {logging_mixin.py:188} INFO - [2026-02-12T23:26:53.950+0000] {dag.py:3096} INFO - Sync 1 DAGs
[2026-02-12T23:26:53.997+0000] {logging_mixin.py:188} INFO - [2026-02-12T23:26:53.997+0000] {dag.py:3954} INFO - Setting next_dagrun for produce_json to 2026-02-12 14:00:00+00:00, run_after=2026-02-13 14:00:00+00:00
[2026-02-12T23:26:54.057+0000] {processor.py:183} INFO - Processing /opt/airflow/dags/main.py took 0.254 seconds
[2026-02-12T23:27:24.168+0000] {processor.py:161} INFO - Started process (PID=538) to work on /opt/airflow/dags/main.py
[2026-02-12T23:27:24.171+0000] {processor.py:830} INFO - Processing file /opt/airflow/dags/main.py for tasks to queue
[2026-02-12T23:27:24.177+0000] {logging_mixin.py:188} INFO - [2026-02-12T23:27:24.176+0000] {dagbag.py:545} INFO - Filling up the DagBag from /opt/airflow/dags/main.py
[2026-02-12T23:27:24.227+0000] {processor.py:840} INFO - DAG(s) 'produce_json' retrieved from /opt/airflow/dags/main.py
[2026-02-12T23:27:24.269+0000] {logging_mixin.py:188} INFO - [2026-02-12T23:27:24.268+0000] {dag.py:3096} INFO - Sync 1 DAGs
[2026-02-12T23:27:24.303+0000] {logging_mixin.py:188} INFO - [2026-02-12T23:27:24.302+0000] {dag.py:3954} INFO - Setting next_dagrun for produce_json to 2026-02-12 14:00:00+00:00, run_after=2026-02-13 14:00:00+00:00
[2026-02-12T23:27:24.355+0000] {processor.py:183} INFO - Processing /opt/airflow/dags/main.py took 0.200 seconds
[2026-02-12T23:27:54.660+0000] {processor.py:161} INFO - Started process (PID=544) to work on /opt/airflow/dags/main.py
[2026-02-12T23:27:54.663+0000] {processor.py:830} INFO - Processing file /opt/airflow/dags/main.py for tasks to queue
[2026-02-12T23:27:54.667+0000] {logging_mixin.py:188} INFO - [2026-02-12T23:27:54.666+0000] {dagbag.py:545} INFO - Filling up the DagBag from /opt/airflow/dags/main.py
[2026-02-12T23:27:54.719+0000] {processor.py:840} INFO - DAG(s) 'produce_json' retrieved from /opt/airflow/dags/main.py
[2026-02-12T23:27:54.795+0000] {logging_mixin.py:188} INFO - [2026-02-12T23:27:54.794+0000] {dag.py:3096} INFO - Sync 1 DAGs
[2026-02-12T23:27:54.876+0000] {logging_mixin.py:188} INFO - [2026-02-12T23:27:54.876+0000] {dag.py:3954} INFO - Setting next_dagrun for produce_json to 2026-02-12 14:00:00+00:00, run_after=2026-02-13 14:00:00+00:00
[2026-02-12T23:27:54.921+0000] {processor.py:183} INFO - Processing /opt/airflow/dags/main.py took 0.273 seconds
[2026-02-12T23:28:26.262+0000] {processor.py:161} INFO - Started process (PID=552) to work on /opt/airflow/dags/main.py
[2026-02-12T23:28:26.276+0000] {processor.py:830} INFO - Processing file /opt/airflow/dags/main.py for tasks to queue
[2026-02-12T23:28:26.295+0000] {logging_mixin.py:188} INFO - [2026-02-12T23:28:26.294+0000] {dagbag.py:545} INFO - Filling up the DagBag from /opt/airflow/dags/main.py
[2026-02-12T23:28:26.510+0000] {processor.py:840} INFO - DAG(s) 'produce_json' retrieved from /opt/airflow/dags/main.py
[2026-02-12T23:28:26.697+0000] {logging_mixin.py:188} INFO - [2026-02-12T23:28:26.697+0000] {dag.py:3096} INFO - Sync 1 DAGs
[2026-02-12T23:28:26.999+0000] {logging_mixin.py:188} INFO - [2026-02-12T23:28:26.998+0000] {dag.py:3954} INFO - Setting next_dagrun for produce_json to 2026-02-12 14:00:00+00:00, run_after=2026-02-13 14:00:00+00:00
[2026-02-12T23:28:27.070+0000] {processor.py:183} INFO - Processing /opt/airflow/dags/main.py took 0.910 seconds
[2026-02-12T23:28:57.448+0000] {processor.py:161} INFO - Started process (PID=559) to work on /opt/airflow/dags/main.py
[2026-02-12T23:28:57.455+0000] {processor.py:830} INFO - Processing file /opt/airflow/dags/main.py for tasks to queue
[2026-02-12T23:28:57.462+0000] {logging_mixin.py:188} INFO - [2026-02-12T23:28:57.460+0000] {dagbag.py:545} INFO - Filling up the DagBag from /opt/airflow/dags/main.py
[2026-02-12T23:28:57.546+0000] {processor.py:840} INFO - DAG(s) 'produce_json' retrieved from /opt/airflow/dags/main.py
[2026-02-12T23:28:57.635+0000] {logging_mixin.py:188} INFO - [2026-02-12T23:28:57.634+0000] {dag.py:3096} INFO - Sync 1 DAGs
[2026-02-12T23:28:57.674+0000] {logging_mixin.py:188} INFO - [2026-02-12T23:28:57.674+0000] {dag.py:3954} INFO - Setting next_dagrun for produce_json to 2026-02-12 14:00:00+00:00, run_after=2026-02-13 14:00:00+00:00
[2026-02-12T23:28:57.749+0000] {processor.py:183} INFO - Processing /opt/airflow/dags/main.py took 0.324 seconds
[2026-02-12T23:29:27.968+0000] {processor.py:161} INFO - Started process (PID=566) to work on /opt/airflow/dags/main.py
[2026-02-12T23:29:27.971+0000] {processor.py:830} INFO - Processing file /opt/airflow/dags/main.py for tasks to queue
[2026-02-12T23:29:27.975+0000] {logging_mixin.py:188} INFO - [2026-02-12T23:29:27.974+0000] {dagbag.py:545} INFO - Filling up the DagBag from /opt/airflow/dags/main.py
[2026-02-12T23:29:28.049+0000] {processor.py:840} INFO - DAG(s) 'produce_json' retrieved from /opt/airflow/dags/main.py
[2026-02-12T23:29:28.139+0000] {logging_mixin.py:188} INFO - [2026-02-12T23:29:28.138+0000] {dag.py:3096} INFO - Sync 1 DAGs
[2026-02-12T23:29:28.201+0000] {logging_mixin.py:188} INFO - [2026-02-12T23:29:28.201+0000] {dag.py:3954} INFO - Setting next_dagrun for produce_json to 2026-02-12 14:00:00+00:00, run_after=2026-02-13 14:00:00+00:00
[2026-02-12T23:29:28.360+0000] {processor.py:183} INFO - Processing /opt/airflow/dags/main.py took 0.406 seconds
[2026-02-12T23:29:59.019+0000] {processor.py:161} INFO - Started process (PID=573) to work on /opt/airflow/dags/main.py
[2026-02-12T23:29:59.022+0000] {processor.py:830} INFO - Processing file /opt/airflow/dags/main.py for tasks to queue
[2026-02-12T23:29:59.027+0000] {logging_mixin.py:188} INFO - [2026-02-12T23:29:59.026+0000] {dagbag.py:545} INFO - Filling up the DagBag from /opt/airflow/dags/main.py
[2026-02-12T23:29:59.082+0000] {processor.py:840} INFO - DAG(s) 'produce_json' retrieved from /opt/airflow/dags/main.py
[2026-02-12T23:29:59.132+0000] {logging_mixin.py:188} INFO - [2026-02-12T23:29:59.132+0000] {dag.py:3096} INFO - Sync 1 DAGs
[2026-02-12T23:29:59.168+0000] {logging_mixin.py:188} INFO - [2026-02-12T23:29:59.168+0000] {dag.py:3954} INFO - Setting next_dagrun for produce_json to 2026-02-12 14:00:00+00:00, run_after=2026-02-13 14:00:00+00:00
[2026-02-12T23:29:59.218+0000] {processor.py:183} INFO - Processing /opt/airflow/dags/main.py took 0.211 seconds
[2026-02-12T23:30:30.130+0000] {processor.py:161} INFO - Started process (PID=580) to work on /opt/airflow/dags/main.py
[2026-02-12T23:30:30.134+0000] {processor.py:830} INFO - Processing file /opt/airflow/dags/main.py for tasks to queue
[2026-02-12T23:30:30.137+0000] {logging_mixin.py:188} INFO - [2026-02-12T23:30:30.137+0000] {dagbag.py:545} INFO - Filling up the DagBag from /opt/airflow/dags/main.py
[2026-02-12T23:30:30.197+0000] {processor.py:840} INFO - DAG(s) 'produce_json' retrieved from /opt/airflow/dags/main.py
[2026-02-12T23:30:30.269+0000] {logging_mixin.py:188} INFO - [2026-02-12T23:30:30.269+0000] {dag.py:3096} INFO - Sync 1 DAGs
[2026-02-12T23:30:30.336+0000] {logging_mixin.py:188} INFO - [2026-02-12T23:30:30.336+0000] {dag.py:3954} INFO - Setting next_dagrun for produce_json to 2026-02-12 14:00:00+00:00, run_after=2026-02-13 14:00:00+00:00
[2026-02-12T23:30:30.391+0000] {processor.py:183} INFO - Processing /opt/airflow/dags/main.py took 0.282 seconds
[2026-02-12T23:31:00.514+0000] {processor.py:161} INFO - Started process (PID=587) to work on /opt/airflow/dags/main.py
[2026-02-12T23:31:00.517+0000] {processor.py:830} INFO - Processing file /opt/airflow/dags/main.py for tasks to queue
[2026-02-12T23:31:00.521+0000] {logging_mixin.py:188} INFO - [2026-02-12T23:31:00.520+0000] {dagbag.py:545} INFO - Filling up the DagBag from /opt/airflow/dags/main.py
[2026-02-12T23:31:00.577+0000] {processor.py:840} INFO - DAG(s) 'produce_json' retrieved from /opt/airflow/dags/main.py
[2026-02-12T23:31:00.650+0000] {logging_mixin.py:188} INFO - [2026-02-12T23:31:00.649+0000] {dag.py:3096} INFO - Sync 1 DAGs
[2026-02-12T23:31:00.698+0000] {logging_mixin.py:188} INFO - [2026-02-12T23:31:00.697+0000] {dag.py:3954} INFO - Setting next_dagrun for produce_json to 2026-02-12 14:00:00+00:00, run_after=2026-02-13 14:00:00+00:00
[2026-02-12T23:31:00.764+0000] {processor.py:183} INFO - Processing /opt/airflow/dags/main.py took 0.262 seconds
[2026-02-12T23:31:52.134+0000] {processor.py:161} INFO - Started process (PID=588) to work on /opt/airflow/dags/main.py
[2026-02-12T23:31:52.141+0000] {processor.py:830} INFO - Processing file /opt/airflow/dags/main.py for tasks to queue
[2026-02-12T23:31:52.198+0000] {logging_mixin.py:188} INFO - [2026-02-12T23:31:52.173+0000] {dagbag.py:545} INFO - Filling up the DagBag from /opt/airflow/dags/main.py
[2026-02-12T23:31:52.552+0000] {processor.py:840} INFO - DAG(s) 'produce_json' retrieved from /opt/airflow/dags/main.py
[2026-02-12T23:31:53.748+0000] {logging_mixin.py:188} INFO - [2026-02-12T23:31:53.748+0000] {dag.py:3096} INFO - Sync 1 DAGs
[2026-02-12T23:31:54.044+0000] {logging_mixin.py:188} INFO - [2026-02-12T23:31:54.044+0000] {dag.py:3954} INFO - Setting next_dagrun for produce_json to 2026-02-12 14:00:00+00:00, run_after=2026-02-13 14:00:00+00:00
[2026-02-12T23:31:54.101+0000] {processor.py:183} INFO - Processing /opt/airflow/dags/main.py took 2.059 seconds
[2026-02-12T23:32:24.817+0000] {processor.py:161} INFO - Started process (PID=601) to work on /opt/airflow/dags/main.py
[2026-02-12T23:32:24.824+0000] {processor.py:830} INFO - Processing file /opt/airflow/dags/main.py for tasks to queue
[2026-02-12T23:32:24.829+0000] {logging_mixin.py:188} INFO - [2026-02-12T23:32:24.828+0000] {dagbag.py:545} INFO - Filling up the DagBag from /opt/airflow/dags/main.py
[2026-02-12T23:32:24.883+0000] {processor.py:840} INFO - DAG(s) 'produce_json' retrieved from /opt/airflow/dags/main.py
[2026-02-12T23:32:24.938+0000] {logging_mixin.py:188} INFO - [2026-02-12T23:32:24.938+0000] {dag.py:3096} INFO - Sync 1 DAGs
[2026-02-12T23:32:24.986+0000] {logging_mixin.py:188} INFO - [2026-02-12T23:32:24.985+0000] {dag.py:3954} INFO - Setting next_dagrun for produce_json to 2026-02-12 14:00:00+00:00, run_after=2026-02-13 14:00:00+00:00
[2026-02-12T23:32:25.032+0000] {processor.py:183} INFO - Processing /opt/airflow/dags/main.py took 0.239 seconds
[2026-02-12T23:32:55.283+0000] {processor.py:161} INFO - Started process (PID=608) to work on /opt/airflow/dags/main.py
[2026-02-12T23:32:55.286+0000] {processor.py:830} INFO - Processing file /opt/airflow/dags/main.py for tasks to queue
[2026-02-12T23:32:55.291+0000] {logging_mixin.py:188} INFO - [2026-02-12T23:32:55.290+0000] {dagbag.py:545} INFO - Filling up the DagBag from /opt/airflow/dags/main.py
[2026-02-12T23:32:55.520+0000] {processor.py:840} INFO - DAG(s) 'produce_json' retrieved from /opt/airflow/dags/main.py
[2026-02-12T23:32:55.671+0000] {logging_mixin.py:188} INFO - [2026-02-12T23:32:55.671+0000] {dag.py:3096} INFO - Sync 1 DAGs
[2026-02-12T23:32:55.722+0000] {logging_mixin.py:188} INFO - [2026-02-12T23:32:55.721+0000] {dag.py:3954} INFO - Setting next_dagrun for produce_json to 2026-02-12 14:00:00+00:00, run_after=2026-02-13 14:00:00+00:00
[2026-02-12T23:32:55.800+0000] {processor.py:183} INFO - Processing /opt/airflow/dags/main.py took 0.528 seconds
[2026-02-12T23:33:26.095+0000] {processor.py:161} INFO - Started process (PID=616) to work on /opt/airflow/dags/main.py
[2026-02-12T23:33:26.099+0000] {processor.py:830} INFO - Processing file /opt/airflow/dags/main.py for tasks to queue
[2026-02-12T23:33:26.102+0000] {logging_mixin.py:188} INFO - [2026-02-12T23:33:26.102+0000] {dagbag.py:545} INFO - Filling up the DagBag from /opt/airflow/dags/main.py
[2026-02-12T23:33:26.177+0000] {processor.py:840} INFO - DAG(s) 'produce_json' retrieved from /opt/airflow/dags/main.py
[2026-02-12T23:33:26.259+0000] {logging_mixin.py:188} INFO - [2026-02-12T23:33:26.259+0000] {dag.py:3096} INFO - Sync 1 DAGs
[2026-02-12T23:33:26.300+0000] {logging_mixin.py:188} INFO - [2026-02-12T23:33:26.300+0000] {dag.py:3954} INFO - Setting next_dagrun for produce_json to 2026-02-12 14:00:00+00:00, run_after=2026-02-13 14:00:00+00:00
[2026-02-12T23:33:26.351+0000] {processor.py:183} INFO - Processing /opt/airflow/dags/main.py took 0.279 seconds
[2026-02-12T23:33:57.304+0000] {processor.py:161} INFO - Started process (PID=623) to work on /opt/airflow/dags/main.py
[2026-02-12T23:33:57.313+0000] {processor.py:830} INFO - Processing file /opt/airflow/dags/main.py for tasks to queue
[2026-02-12T23:33:57.317+0000] {logging_mixin.py:188} INFO - [2026-02-12T23:33:57.316+0000] {dagbag.py:545} INFO - Filling up the DagBag from /opt/airflow/dags/main.py
[2026-02-12T23:33:57.426+0000] {processor.py:840} INFO - DAG(s) 'produce_json' retrieved from /opt/airflow/dags/main.py
[2026-02-12T23:33:57.518+0000] {logging_mixin.py:188} INFO - [2026-02-12T23:33:57.518+0000] {dag.py:3096} INFO - Sync 1 DAGs
[2026-02-12T23:33:57.560+0000] {logging_mixin.py:188} INFO - [2026-02-12T23:33:57.560+0000] {dag.py:3954} INFO - Setting next_dagrun for produce_json to 2026-02-12 14:00:00+00:00, run_after=2026-02-13 14:00:00+00:00
[2026-02-12T23:33:57.611+0000] {processor.py:183} INFO - Processing /opt/airflow/dags/main.py took 0.358 seconds
[2026-02-12T23:34:28.203+0000] {processor.py:161} INFO - Started process (PID=631) to work on /opt/airflow/dags/main.py
[2026-02-12T23:34:28.207+0000] {processor.py:830} INFO - Processing file /opt/airflow/dags/main.py for tasks to queue
[2026-02-12T23:34:28.211+0000] {logging_mixin.py:188} INFO - [2026-02-12T23:34:28.210+0000] {dagbag.py:545} INFO - Filling up the DagBag from /opt/airflow/dags/main.py
[2026-02-12T23:34:28.253+0000] {processor.py:840} INFO - DAG(s) 'produce_json' retrieved from /opt/airflow/dags/main.py
[2026-02-12T23:34:28.323+0000] {logging_mixin.py:188} INFO - [2026-02-12T23:34:28.321+0000] {dag.py:3096} INFO - Sync 1 DAGs
[2026-02-12T23:34:28.367+0000] {logging_mixin.py:188} INFO - [2026-02-12T23:34:28.367+0000] {dag.py:3954} INFO - Setting next_dagrun for produce_json to 2026-02-12 14:00:00+00:00, run_after=2026-02-13 14:00:00+00:00
[2026-02-12T23:34:28.427+0000] {processor.py:183} INFO - Processing /opt/airflow/dags/main.py took 0.255 seconds
[2026-02-12T23:34:58.633+0000] {processor.py:161} INFO - Started process (PID=637) to work on /opt/airflow/dags/main.py
[2026-02-12T23:34:58.636+0000] {processor.py:830} INFO - Processing file /opt/airflow/dags/main.py for tasks to queue
[2026-02-12T23:34:58.638+0000] {logging_mixin.py:188} INFO - [2026-02-12T23:34:58.638+0000] {dagbag.py:545} INFO - Filling up the DagBag from /opt/airflow/dags/main.py
[2026-02-12T23:34:58.687+0000] {processor.py:840} INFO - DAG(s) 'produce_json' retrieved from /opt/airflow/dags/main.py
[2026-02-12T23:34:58.755+0000] {logging_mixin.py:188} INFO - [2026-02-12T23:34:58.755+0000] {dag.py:3096} INFO - Sync 1 DAGs
[2026-02-12T23:34:58.796+0000] {logging_mixin.py:188} INFO - [2026-02-12T23:34:58.795+0000] {dag.py:3954} INFO - Setting next_dagrun for produce_json to 2026-02-12 14:00:00+00:00, run_after=2026-02-13 14:00:00+00:00
[2026-02-12T23:34:58.852+0000] {processor.py:183} INFO - Processing /opt/airflow/dags/main.py took 0.230 seconds
[2026-02-12T23:35:29.855+0000] {processor.py:161} INFO - Started process (PID=644) to work on /opt/airflow/dags/main.py
[2026-02-12T23:35:29.862+0000] {processor.py:830} INFO - Processing file /opt/airflow/dags/main.py for tasks to queue
[2026-02-12T23:35:29.883+0000] {logging_mixin.py:188} INFO - [2026-02-12T23:35:29.881+0000] {dagbag.py:545} INFO - Filling up the DagBag from /opt/airflow/dags/main.py
[2026-02-12T23:35:29.996+0000] {processor.py:840} INFO - DAG(s) 'produce_json' retrieved from /opt/airflow/dags/main.py
[2026-02-12T23:35:30.086+0000] {logging_mixin.py:188} INFO - [2026-02-12T23:35:30.086+0000] {dag.py:3096} INFO - Sync 1 DAGs
[2026-02-12T23:35:30.170+0000] {logging_mixin.py:188} INFO - [2026-02-12T23:35:30.169+0000] {dag.py:3954} INFO - Setting next_dagrun for produce_json to 2026-02-12 14:00:00+00:00, run_after=2026-02-13 14:00:00+00:00
[2026-02-12T23:35:30.203+0000] {processor.py:183} INFO - Processing /opt/airflow/dags/main.py took 0.365 seconds
[2026-02-12T23:36:00.994+0000] {processor.py:161} INFO - Started process (PID=651) to work on /opt/airflow/dags/main.py
[2026-02-12T23:36:01.001+0000] {processor.py:830} INFO - Processing file /opt/airflow/dags/main.py for tasks to queue
[2026-02-12T23:36:01.004+0000] {logging_mixin.py:188} INFO - [2026-02-12T23:36:01.003+0000] {dagbag.py:545} INFO - Filling up the DagBag from /opt/airflow/dags/main.py
[2026-02-12T23:36:01.055+0000] {processor.py:840} INFO - DAG(s) 'produce_json' retrieved from /opt/airflow/dags/main.py
[2026-02-12T23:36:01.143+0000] {logging_mixin.py:188} INFO - [2026-02-12T23:36:01.143+0000] {dag.py:3096} INFO - Sync 1 DAGs
[2026-02-12T23:36:01.196+0000] {logging_mixin.py:188} INFO - [2026-02-12T23:36:01.196+0000] {dag.py:3954} INFO - Setting next_dagrun for produce_json to 2026-02-12 14:00:00+00:00, run_after=2026-02-13 14:00:00+00:00
[2026-02-12T23:36:01.230+0000] {processor.py:183} INFO - Processing /opt/airflow/dags/main.py took 0.249 seconds
[2026-02-12T23:36:31.546+0000] {processor.py:161} INFO - Started process (PID=658) to work on /opt/airflow/dags/main.py
[2026-02-12T23:36:31.553+0000] {processor.py:830} INFO - Processing file /opt/airflow/dags/main.py for tasks to queue
[2026-02-12T23:36:31.559+0000] {logging_mixin.py:188} INFO - [2026-02-12T23:36:31.558+0000] {dagbag.py:545} INFO - Filling up the DagBag from /opt/airflow/dags/main.py
[2026-02-12T23:36:31.636+0000] {processor.py:840} INFO - DAG(s) 'produce_json' retrieved from /opt/airflow/dags/main.py
[2026-02-12T23:36:31.779+0000] {logging_mixin.py:188} INFO - [2026-02-12T23:36:31.778+0000] {dag.py:3096} INFO - Sync 1 DAGs
[2026-02-12T23:36:31.827+0000] {logging_mixin.py:188} INFO - [2026-02-12T23:36:31.827+0000] {dag.py:3954} INFO - Setting next_dagrun for produce_json to 2026-02-12 14:00:00+00:00, run_after=2026-02-13 14:00:00+00:00
[2026-02-12T23:36:31.875+0000] {processor.py:183} INFO - Processing /opt/airflow/dags/main.py took 0.375 seconds
[2026-02-12T23:37:02.459+0000] {processor.py:161} INFO - Started process (PID=667) to work on /opt/airflow/dags/main.py
[2026-02-12T23:37:02.462+0000] {processor.py:830} INFO - Processing file /opt/airflow/dags/main.py for tasks to queue
[2026-02-12T23:37:02.466+0000] {logging_mixin.py:188} INFO - [2026-02-12T23:37:02.465+0000] {dagbag.py:545} INFO - Filling up the DagBag from /opt/airflow/dags/main.py
[2026-02-12T23:37:02.888+0000] {processor.py:840} INFO - DAG(s) 'produce_json' retrieved from /opt/airflow/dags/main.py
[2026-02-12T23:37:03.028+0000] {logging_mixin.py:188} INFO - [2026-02-12T23:37:03.027+0000] {dag.py:3096} INFO - Sync 1 DAGs
[2026-02-12T23:37:03.123+0000] {logging_mixin.py:188} INFO - [2026-02-12T23:37:03.118+0000] {dag.py:3954} INFO - Setting next_dagrun for produce_json to 2026-02-12 14:00:00+00:00, run_after=2026-02-13 14:00:00+00:00
[2026-02-12T23:37:03.205+0000] {processor.py:183} INFO - Processing /opt/airflow/dags/main.py took 0.761 seconds
[2026-02-12T23:37:33.882+0000] {processor.py:161} INFO - Started process (PID=674) to work on /opt/airflow/dags/main.py
[2026-02-12T23:37:33.892+0000] {processor.py:830} INFO - Processing file /opt/airflow/dags/main.py for tasks to queue
[2026-02-12T23:37:33.910+0000] {logging_mixin.py:188} INFO - [2026-02-12T23:37:33.909+0000] {dagbag.py:545} INFO - Filling up the DagBag from /opt/airflow/dags/main.py
[2026-02-12T23:37:33.985+0000] {processor.py:840} INFO - DAG(s) 'produce_json' retrieved from /opt/airflow/dags/main.py
[2026-02-12T23:37:34.059+0000] {logging_mixin.py:188} INFO - [2026-02-12T23:37:34.059+0000] {dag.py:3096} INFO - Sync 1 DAGs
[2026-02-12T23:37:34.100+0000] {logging_mixin.py:188} INFO - [2026-02-12T23:37:34.099+0000] {dag.py:3954} INFO - Setting next_dagrun for produce_json to 2026-02-12 14:00:00+00:00, run_after=2026-02-13 14:00:00+00:00
[2026-02-12T23:37:34.145+0000] {processor.py:183} INFO - Processing /opt/airflow/dags/main.py took 0.301 seconds
[2026-02-12T23:38:04.194+0000] {processor.py:161} INFO - Started process (PID=681) to work on /opt/airflow/dags/main.py
[2026-02-12T23:38:04.198+0000] {processor.py:830} INFO - Processing file /opt/airflow/dags/main.py for tasks to queue
[2026-02-12T23:38:04.206+0000] {logging_mixin.py:188} INFO - [2026-02-12T23:38:04.205+0000] {dagbag.py:545} INFO - Filling up the DagBag from /opt/airflow/dags/main.py
[2026-02-12T23:38:04.258+0000] {processor.py:840} INFO - DAG(s) 'produce_json' retrieved from /opt/airflow/dags/main.py
[2026-02-12T23:38:04.319+0000] {logging_mixin.py:188} INFO - [2026-02-12T23:38:04.318+0000] {dag.py:3096} INFO - Sync 1 DAGs
[2026-02-12T23:38:04.357+0000] {logging_mixin.py:188} INFO - [2026-02-12T23:38:04.357+0000] {dag.py:3954} INFO - Setting next_dagrun for produce_json to 2026-02-12 14:00:00+00:00, run_after=2026-02-13 14:00:00+00:00
[2026-02-12T23:38:04.399+0000] {processor.py:183} INFO - Processing /opt/airflow/dags/main.py took 0.215 seconds
[2026-02-12T23:38:34.871+0000] {processor.py:161} INFO - Started process (PID=688) to work on /opt/airflow/dags/main.py
[2026-02-12T23:38:34.876+0000] {processor.py:830} INFO - Processing file /opt/airflow/dags/main.py for tasks to queue
[2026-02-12T23:38:34.886+0000] {logging_mixin.py:188} INFO - [2026-02-12T23:38:34.885+0000] {dagbag.py:545} INFO - Filling up the DagBag from /opt/airflow/dags/main.py
[2026-02-12T23:38:34.955+0000] {processor.py:840} INFO - DAG(s) 'produce_json' retrieved from /opt/airflow/dags/main.py
[2026-02-12T23:38:35.095+0000] {logging_mixin.py:188} INFO - [2026-02-12T23:38:35.094+0000] {dag.py:3096} INFO - Sync 1 DAGs
[2026-02-12T23:38:35.174+0000] {logging_mixin.py:188} INFO - [2026-02-12T23:38:35.173+0000] {dag.py:3954} INFO - Setting next_dagrun for produce_json to 2026-02-12 14:00:00+00:00, run_after=2026-02-13 14:00:00+00:00
[2026-02-12T23:38:35.243+0000] {processor.py:183} INFO - Processing /opt/airflow/dags/main.py took 0.393 seconds
