[2026-02-02T23:35:30.441+0000] {local_task_job_runner.py:120} INFO - ::group::Pre task execution logs
[2026-02-02T23:35:30.491+0000] {taskinstance.py:2076} INFO - Dependencies all met for dep_context=non-requeueable deps ti=<TaskInstance: produce_json.get_playlist_id manual__2026-02-02T23:35:27.193938+00:00 [queued]>
[2026-02-02T23:35:30.513+0000] {taskinstance.py:2076} INFO - Dependencies all met for dep_context=requeueable deps ti=<TaskInstance: produce_json.get_playlist_id manual__2026-02-02T23:35:27.193938+00:00 [queued]>
[2026-02-02T23:35:30.513+0000] {taskinstance.py:2306} INFO - Starting attempt 1 of 1
[2026-02-02T23:35:30.545+0000] {taskinstance.py:2330} INFO - Executing <Task(_PythonDecoratedOperator): get_playlist_id> on 2026-02-02 23:35:27.193938+00:00
[2026-02-02T23:35:30.556+0000] {standard_task_runner.py:63} INFO - Started process 768 to run task
[2026-02-02T23:35:30.563+0000] {standard_task_runner.py:90} INFO - Running: ['airflow', 'tasks', 'run', 'produce_json', 'get_playlist_id', 'manual__2026-02-02T23:35:27.193938+00:00', '--job-id', '2', '--raw', '--subdir', 'DAGS_FOLDER/main.py', '--cfg-path', '/tmp/tmpzsbw61rb']
[2026-02-02T23:35:30.564+0000] {standard_task_runner.py:91} INFO - Job 2: Subtask get_playlist_id
[2026-02-02T23:35:30.694+0000] {task_command.py:426} INFO - Running <TaskInstance: produce_json.get_playlist_id manual__2026-02-02T23:35:27.193938+00:00 [running]> on host a9a9531a1f20
[2026-02-02T23:35:30.956+0000] {taskinstance.py:2648} INFO - Exporting env vars: AIRFLOW_CTX_DAG_EMAIL='data@engineers.com' AIRFLOW_CTX_DAG_OWNER='dataengineers' AIRFLOW_CTX_DAG_ID='produce_json' AIRFLOW_CTX_TASK_ID='get_playlist_id' AIRFLOW_CTX_EXECUTION_DATE='2026-02-02T23:35:27.193938+00:00' AIRFLOW_CTX_TRY_NUMBER='1' AIRFLOW_CTX_DAG_RUN_ID='manual__2026-02-02T23:35:27.193938+00:00'
[2026-02-02T23:35:30.957+0000] {taskinstance.py:430} INFO - ::endgroup::
[2026-02-02T23:35:30.958+0000] {taskinstance.py:441} INFO - ::group::Post task execution logs
[2026-02-02T23:35:30.959+0000] {taskinstance.py:2905} ERROR - Task failed with exception
Traceback (most recent call last):
  File "/opt/airflow/dags/api/video_stats.py", line 25, in get_playlist_id
    url=f"https://youtube.googleapis.com/youtube/v3/channels?part=contentDetails&forHandle={CHANNEL}&key={API_KEY}"
NameError: name 'CHANNEL' is not defined

During handling of the above exception, another exception occurred:

Traceback (most recent call last):
  File "/home/airflow/.local/lib/python3.10/site-packages/airflow/models/taskinstance.py", line 465, in _execute_task
    result = _execute_callable(context=context, **execute_callable_kwargs)
  File "/home/airflow/.local/lib/python3.10/site-packages/airflow/models/taskinstance.py", line 432, in _execute_callable
    return execute_callable(context=context, **execute_callable_kwargs)
  File "/home/airflow/.local/lib/python3.10/site-packages/airflow/models/baseoperator.py", line 401, in wrapper
    return func(self, *args, **kwargs)
  File "/home/airflow/.local/lib/python3.10/site-packages/airflow/decorators/base.py", line 265, in execute
    return_value = super().execute(context)
  File "/home/airflow/.local/lib/python3.10/site-packages/airflow/models/baseoperator.py", line 401, in wrapper
    return func(self, *args, **kwargs)
  File "/home/airflow/.local/lib/python3.10/site-packages/airflow/operators/python.py", line 235, in execute
    return_value = self.execute_callable()
  File "/home/airflow/.local/lib/python3.10/site-packages/airflow/operators/python.py", line 252, in execute_callable
    return self.python_callable(*self.op_args, **self.op_kwargs)
  File "/opt/airflow/dags/api/video_stats.py", line 37, in get_playlist_id
    except requests.exceptions.RequestExceptions as e:
AttributeError: module 'requests.exceptions' has no attribute 'RequestExceptions'
[2026-02-02T23:35:30.974+0000] {taskinstance.py:1206} INFO - Marking task as FAILED. dag_id=produce_json, task_id=get_playlist_id, run_id=manual__2026-02-02T23:35:27.193938+00:00, execution_date=20260202T233527, start_date=20260202T233530, end_date=20260202T233530
[2026-02-02T23:35:30.992+0000] {standard_task_runner.py:110} ERROR - Failed to execute job 2 for task get_playlist_id (module 'requests.exceptions' has no attribute 'RequestExceptions'; 768)
[2026-02-02T23:35:31.032+0000] {local_task_job_runner.py:240} INFO - Task exited with return code 1
[2026-02-02T23:35:31.101+0000] {taskinstance.py:3503} INFO - 0 downstream tasks scheduled from follow-on schedule check
[2026-02-02T23:35:31.113+0000] {local_task_job_runner.py:222} INFO - ::endgroup::
