[2026-02-16T22:59:13.799+0000] {local_task_job_runner.py:120} INFO - ::group::Pre task execution logs
[2026-02-16T22:59:14.125+0000] {taskinstance.py:2076} INFO - Dependencies all met for dep_context=non-requeueable deps ti=<TaskInstance: data_quality.core_table manual__2026-02-16T22:59:07.610812+00:00 [queued]>
[2026-02-16T22:59:14.339+0000] {taskinstance.py:2076} INFO - Dependencies all met for dep_context=requeueable deps ti=<TaskInstance: data_quality.core_table manual__2026-02-16T22:59:07.610812+00:00 [queued]>
[2026-02-16T22:59:14.340+0000] {taskinstance.py:2306} INFO - Starting attempt 1 of 1
[2026-02-16T22:59:14.478+0000] {taskinstance.py:2330} INFO - Executing <Task(_PythonDecoratedOperator): core_table> on 2026-02-16 22:59:07.610812+00:00
[2026-02-16T22:59:14.527+0000] {standard_task_runner.py:63} INFO - Started process 781 to run task
[2026-02-16T22:59:14.562+0000] {standard_task_runner.py:90} INFO - Running: ['airflow', 'tasks', 'run', 'data_quality', 'core_table', 'manual__2026-02-16T22:59:07.610812+00:00', '--job-id', '99', '--raw', '--subdir', 'DAGS_FOLDER/main.py', '--cfg-path', '/tmp/tmpcxfq6v6k']
[2026-02-16T22:59:14.610+0000] {standard_task_runner.py:91} INFO - Job 99: Subtask core_table
[2026-02-16T22:59:15.383+0000] {task_command.py:426} INFO - Running <TaskInstance: data_quality.core_table manual__2026-02-16T22:59:07.610812+00:00 [running]> on host 30532672bc03
[2026-02-16T22:59:17.041+0000] {taskinstance.py:2648} INFO - Exporting env vars: AIRFLOW_CTX_DAG_EMAIL='data@engineers.com' AIRFLOW_CTX_DAG_OWNER='dataengineers' AIRFLOW_CTX_DAG_ID='data_quality' AIRFLOW_CTX_TASK_ID='core_table' AIRFLOW_CTX_EXECUTION_DATE='2026-02-16T22:59:07.610812+00:00' AIRFLOW_CTX_TRY_NUMBER='1' AIRFLOW_CTX_DAG_RUN_ID='manual__2026-02-16T22:59:07.610812+00:00'
[2026-02-16T22:59:17.084+0000] {taskinstance.py:430} INFO - ::endgroup::
[2026-02-16T22:59:17.175+0000] {base.py:84} INFO - Using connection ID 'postgres_db_yt_elt' for task execution.
[2026-02-16T22:59:17.654+0000] {base.py:84} INFO - Using connection ID 'postgres_db_yt_elt' for task execution.
[2026-02-16T22:59:18.012+0000] {base.py:84} INFO - Using connection ID 'postgres_db_yt_elt' for task execution.
[2026-02-16T22:59:18.102+0000] {data_modification.py:63} INFO - Updated row with Video_ID: NfhuGUyWYfQ
[2026-02-16T22:59:18.107+0000] {data_modification.py:63} INFO - Updated row with Video_ID: ywIcdSNJolo
[2026-02-16T22:59:18.112+0000] {data_modification.py:63} INFO - Updated row with Video_ID: WROMyJAJmp4
[2026-02-16T22:59:18.120+0000] {data_modification.py:63} INFO - Updated row with Video_ID: wIpWCJKfRXs
[2026-02-16T22:59:18.125+0000] {data_modification.py:63} INFO - Updated row with Video_ID: 9Xeepzg1B8I
[2026-02-16T22:59:18.130+0000] {data_modification.py:63} INFO - Updated row with Video_ID: 50G0kIty7Cg
[2026-02-16T22:59:18.135+0000] {data_modification.py:63} INFO - Updated row with Video_ID: XbaZ45LVzzM
[2026-02-16T22:59:18.140+0000] {data_modification.py:63} INFO - Updated row with Video_ID: gar4U3n-ILY
[2026-02-16T22:59:18.144+0000] {data_modification.py:63} INFO - Updated row with Video_ID: 9WEQts7b8Pw
[2026-02-16T22:59:18.149+0000] {data_modification.py:63} INFO - Updated row with Video_ID: _sBRk9ADpK8
[2026-02-16T22:59:18.173+0000] {data_modification.py:63} INFO - Updated row with Video_ID: kNLr-cduzuo
[2026-02-16T22:59:18.461+0000] {data_modification.py:63} INFO - Updated row with Video_ID: pAnGwRiQ4-4
[2026-02-16T22:59:18.575+0000] {data_modification.py:63} INFO - Updated row with Video_ID: wSh8fAFWEWs
[2026-02-16T22:59:18.595+0000] {data_modification.py:63} INFO - Updated row with Video_ID: QJI0an6irrA
[2026-02-16T22:59:18.621+0000] {data_modification.py:63} INFO - Updated row with Video_ID: mktYW177p6U
[2026-02-16T22:59:18.735+0000] {data_modification.py:63} INFO - Updated row with Video_ID: 7aE4EhHXzlA
[2026-02-16T22:59:18.758+0000] {data_modification.py:63} INFO - Updated row with Video_ID: IJkB-oapuks
[2026-02-16T22:59:18.846+0000] {data_modification.py:63} INFO - Updated row with Video_ID: ZFoNBxpXen4
[2026-02-16T22:59:18.934+0000] {data_modification.py:63} INFO - Updated row with Video_ID: RB71Z-vVvCc
[2026-02-16T22:59:19.041+0000] {data_modification.py:63} INFO - Updated row with Video_ID: fO5FwBcCJBY
[2026-02-16T22:59:19.075+0000] {data_modification.py:63} INFO - Updated row with Video_ID: U-x6KxH1kB4
[2026-02-16T22:59:19.113+0000] {data_modification.py:63} INFO - Updated row with Video_ID: 8bMh8azh3CY
[2026-02-16T22:59:19.395+0000] {data_modification.py:63} INFO - Updated row with Video_ID: SE9xF1l3ZwE
[2026-02-16T22:59:19.465+0000] {data_modification.py:63} INFO - Updated row with Video_ID: rF00lQ_upzg
[2026-02-16T22:59:19.513+0000] {data_modification.py:63} INFO - Updated row with Video_ID: uZY9xr-QAk0
[2026-02-16T22:59:19.530+0000] {data_modification.py:63} INFO - Updated row with Video_ID: AWBsoArakNY
[2026-02-16T22:59:19.548+0000] {data_modification.py:63} INFO - Updated row with Video_ID: Ah_uuTwGOYU
[2026-02-16T22:59:19.563+0000] {data_modification.py:63} INFO - Updated row with Video_ID: HISfrcjiNPM
[2026-02-16T22:59:19.571+0000] {data_modification.py:63} INFO - Updated row with Video_ID: tAwzBYE18Us
[2026-02-16T22:59:19.594+0000] {data_modification.py:63} INFO - Updated row with Video_ID: LyFMbY-c_Lc
[2026-02-16T22:59:19.602+0000] {data_modification.py:63} INFO - Updated row with Video_ID: 3RmOvxilbPM
[2026-02-16T22:59:19.612+0000] {data_modification.py:63} INFO - Updated row with Video_ID: R7MkZL5i3FQ
[2026-02-16T22:59:19.624+0000] {data_modification.py:63} INFO - Updated row with Video_ID: 26QQE7EsnLA
[2026-02-16T22:59:19.629+0000] {data_modification.py:63} INFO - Updated row with Video_ID: PryTbmudhS8
[2026-02-16T22:59:19.637+0000] {data_modification.py:63} INFO - Updated row with Video_ID: Oo9EbArcQ1c
[2026-02-16T22:59:19.641+0000] {data_modification.py:63} INFO - Updated row with Video_ID: yWEUL3crU_E
[2026-02-16T22:59:19.654+0000] {data_modification.py:63} INFO - Updated row with Video_ID: JgJrQnDIRgg
[2026-02-16T22:59:19.669+0000] {data_modification.py:63} INFO - Updated row with Video_ID: gtkqnhN0VkU
[2026-02-16T22:59:19.724+0000] {data_modification.py:63} INFO - Updated row with Video_ID: oBXSvS2QKxU
[2026-02-16T22:59:19.854+0000] {data_modification.py:63} INFO - Updated row with Video_ID: UTdcX1e0cMA
[2026-02-16T22:59:19.942+0000] {data_modification.py:63} INFO - Updated row with Video_ID: oiZvK6MY7tI
[2026-02-16T22:59:20.252+0000] {data_modification.py:63} INFO - Updated row with Video_ID: F0OkwXKcPSE
[2026-02-16T22:59:20.334+0000] {data_modification.py:63} INFO - Updated row with Video_ID: 686PL7rt654
[2026-02-16T22:59:20.370+0000] {data_modification.py:63} INFO - Updated row with Video_ID: zo7i8VTpfNM
[2026-02-16T22:59:20.377+0000] {data_modification.py:63} INFO - Updated row with Video_ID: 4l97aNza_Zc
[2026-02-16T22:59:20.383+0000] {data_modification.py:63} INFO - Updated row with Video_ID: 3ih2bPKSWsQ
[2026-02-16T22:59:20.389+0000] {data_modification.py:63} INFO - Updated row with Video_ID: uA9Zcg3vHvo
[2026-02-16T22:59:20.395+0000] {data_modification.py:63} INFO - Updated row with Video_ID: _AbFXuGDRTs
[2026-02-16T22:59:20.402+0000] {data_modification.py:63} INFO - Updated row with Video_ID: MOGW3v3pJ5Y
[2026-02-16T22:59:20.407+0000] {data_modification.py:63} INFO - Updated row with Video_ID: 3GNyw4uaAqU
[2026-02-16T22:59:20.414+0000] {dwh.py:82} INFO - core table update completed
[2026-02-16T22:59:20.430+0000] {python.py:237} INFO - Done. Returned value was: None
[2026-02-16T22:59:20.463+0000] {taskinstance.py:441} INFO - ::group::Post task execution logs
[2026-02-16T22:59:21.030+0000] {taskinstance.py:1206} INFO - Marking task as SUCCESS. dag_id=data_quality, task_id=core_table, run_id=manual__2026-02-16T22:59:07.610812+00:00, execution_date=20260216T225907, start_date=20260216T225914, end_date=20260216T225921
[2026-02-16T22:59:21.523+0000] {local_task_job_runner.py:240} INFO - Task exited with return code 0
[2026-02-16T22:59:21.909+0000] {taskinstance.py:3503} INFO - 0 downstream tasks scheduled from follow-on schedule check
[2026-02-16T22:59:21.932+0000] {local_task_job_runner.py:222} INFO - ::endgroup::
