[2026-02-15T18:19:46.059+0000] {local_task_job_runner.py:120} INFO - ::group::Pre task execution logs
[2026-02-15T18:19:46.135+0000] {taskinstance.py:2076} INFO - Dependencies all met for dep_context=non-requeueable deps ti=<TaskInstance: update_db.staging_table manual__2026-02-15T18:19:44.217782+00:00 [queued]>
[2026-02-15T18:19:46.157+0000] {taskinstance.py:2076} INFO - Dependencies all met for dep_context=requeueable deps ti=<TaskInstance: update_db.staging_table manual__2026-02-15T18:19:44.217782+00:00 [queued]>
[2026-02-15T18:19:46.158+0000] {taskinstance.py:2306} INFO - Starting attempt 1 of 1
[2026-02-15T18:19:46.199+0000] {taskinstance.py:2330} INFO - Executing <Task(_PythonDecoratedOperator): staging_table> on 2026-02-15 18:19:44.217782+00:00
[2026-02-15T18:19:46.208+0000] {standard_task_runner.py:63} INFO - Started process 3915 to run task
[2026-02-15T18:19:46.222+0000] {standard_task_runner.py:90} INFO - Running: ['airflow', 'tasks', 'run', 'update_db', 'staging_table', 'manual__2026-02-15T18:19:44.217782+00:00', '--job-id', '71', '--raw', '--subdir', 'DAGS_FOLDER/main.py', '--cfg-path', '/tmp/tmpqtgq66gv']
[2026-02-15T18:19:46.223+0000] {standard_task_runner.py:91} INFO - Job 71: Subtask staging_table
[2026-02-15T18:19:46.368+0000] {task_command.py:426} INFO - Running <TaskInstance: update_db.staging_table manual__2026-02-15T18:19:44.217782+00:00 [running]> on host a9a9531a1f20
[2026-02-15T18:19:46.531+0000] {taskinstance.py:2648} INFO - Exporting env vars: AIRFLOW_CTX_DAG_EMAIL='data@engineers.com' AIRFLOW_CTX_DAG_OWNER='dataengineers' AIRFLOW_CTX_DAG_ID='update_db' AIRFLOW_CTX_TASK_ID='staging_table' AIRFLOW_CTX_EXECUTION_DATE='2026-02-15T18:19:44.217782+00:00' AIRFLOW_CTX_TRY_NUMBER='1' AIRFLOW_CTX_DAG_RUN_ID='manual__2026-02-15T18:19:44.217782+00:00'
[2026-02-15T18:19:46.533+0000] {taskinstance.py:430} INFO - ::endgroup::
[2026-02-15T18:19:46.543+0000] {base.py:84} INFO - Using connection ID 'postgres_db_yt_elt' for task execution.
[2026-02-15T18:19:46.556+0000] {data_loading.py:12} INFO - Processing file: YT_data_2026-02-15
[2026-02-15T18:19:46.561+0000] {base.py:84} INFO - Using connection ID 'postgres_db_yt_elt' for task execution.
[2026-02-15T18:19:46.574+0000] {base.py:84} INFO - Using connection ID 'postgres_db_yt_elt' for task execution.
[2026-02-15T18:19:46.604+0000] {data_modification.py:24} INFO - Inserted row with Video_ID: XbaZ45LVzzM
[2026-02-15T18:19:46.610+0000] {data_modification.py:24} INFO - Inserted row with Video_ID: gar4U3n-ILY
[2026-02-15T18:19:46.615+0000] {data_modification.py:24} INFO - Inserted row with Video_ID: 9WEQts7b8Pw
[2026-02-15T18:19:46.619+0000] {data_modification.py:24} INFO - Inserted row with Video_ID: _sBRk9ADpK8
[2026-02-15T18:19:46.623+0000] {data_modification.py:24} INFO - Inserted row with Video_ID: kNLr-cduzuo
[2026-02-15T18:19:46.626+0000] {data_modification.py:24} INFO - Inserted row with Video_ID: pAnGwRiQ4-4
[2026-02-15T18:19:46.631+0000] {data_modification.py:24} INFO - Inserted row with Video_ID: wSh8fAFWEWs
[2026-02-15T18:19:46.636+0000] {data_modification.py:24} INFO - Inserted row with Video_ID: 3GNyw4uaAqU
[2026-02-15T18:19:46.640+0000] {data_modification.py:24} INFO - Inserted row with Video_ID: ywIcdSNJolo
[2026-02-15T18:19:46.643+0000] {data_modification.py:24} INFO - Inserted row with Video_ID: QJI0an6irrA
[2026-02-15T18:19:46.649+0000] {data_modification.py:24} INFO - Inserted row with Video_ID: mktYW177p6U
[2026-02-15T18:19:46.655+0000] {data_modification.py:24} INFO - Inserted row with Video_ID: 7aE4EhHXzlA
[2026-02-15T18:19:46.665+0000] {data_modification.py:24} INFO - Inserted row with Video_ID: IJkB-oapuks
[2026-02-15T18:19:46.672+0000] {data_modification.py:24} INFO - Inserted row with Video_ID: ZFoNBxpXen4
[2026-02-15T18:19:46.682+0000] {data_modification.py:24} INFO - Inserted row with Video_ID: RB71Z-vVvCc
[2026-02-15T18:19:46.690+0000] {data_modification.py:24} INFO - Inserted row with Video_ID: fO5FwBcCJBY
[2026-02-15T18:19:46.696+0000] {data_modification.py:24} INFO - Inserted row with Video_ID: U-x6KxH1kB4
[2026-02-15T18:19:46.701+0000] {data_modification.py:24} INFO - Inserted row with Video_ID: 8bMh8azh3CY
[2026-02-15T18:19:46.706+0000] {data_modification.py:24} INFO - Inserted row with Video_ID: SE9xF1l3ZwE
[2026-02-15T18:19:46.709+0000] {data_modification.py:24} INFO - Inserted row with Video_ID: rF00lQ_upzg
[2026-02-15T18:19:46.715+0000] {data_modification.py:24} INFO - Inserted row with Video_ID: uZY9xr-QAk0
[2026-02-15T18:19:46.722+0000] {data_modification.py:24} INFO - Inserted row with Video_ID: AWBsoArakNY
[2026-02-15T18:19:46.725+0000] {data_modification.py:24} INFO - Inserted row with Video_ID: Ah_uuTwGOYU
[2026-02-15T18:19:46.733+0000] {data_modification.py:24} INFO - Inserted row with Video_ID: HISfrcjiNPM
[2026-02-15T18:19:46.750+0000] {data_modification.py:24} INFO - Inserted row with Video_ID: WROMyJAJmp4
[2026-02-15T18:19:46.756+0000] {data_modification.py:24} INFO - Inserted row with Video_ID: tAwzBYE18Us
[2026-02-15T18:19:46.764+0000] {data_modification.py:24} INFO - Inserted row with Video_ID: LyFMbY-c_Lc
[2026-02-15T18:19:46.768+0000] {data_modification.py:24} INFO - Inserted row with Video_ID: 3RmOvxilbPM
[2026-02-15T18:19:46.771+0000] {data_modification.py:24} INFO - Inserted row with Video_ID: R7MkZL5i3FQ
[2026-02-15T18:19:46.775+0000] {data_modification.py:24} INFO - Inserted row with Video_ID: 26QQE7EsnLA
[2026-02-15T18:19:46.780+0000] {data_modification.py:24} INFO - Inserted row with Video_ID: PryTbmudhS8
[2026-02-15T18:19:46.784+0000] {data_modification.py:24} INFO - Inserted row with Video_ID: Oo9EbArcQ1c
[2026-02-15T18:19:46.788+0000] {data_modification.py:24} INFO - Inserted row with Video_ID: yWEUL3crU_E
[2026-02-15T18:19:46.791+0000] {data_modification.py:24} INFO - Inserted row with Video_ID: JgJrQnDIRgg
[2026-02-15T18:19:46.795+0000] {data_modification.py:24} INFO - Inserted row with Video_ID: gtkqnhN0VkU
[2026-02-15T18:19:46.799+0000] {data_modification.py:24} INFO - Inserted row with Video_ID: oBXSvS2QKxU
[2026-02-15T18:19:46.804+0000] {data_modification.py:24} INFO - Inserted row with Video_ID: UTdcX1e0cMA
[2026-02-15T18:19:46.808+0000] {data_modification.py:24} INFO - Inserted row with Video_ID: oiZvK6MY7tI
[2026-02-15T18:19:46.812+0000] {data_modification.py:24} INFO - Inserted row with Video_ID: F0OkwXKcPSE
[2026-02-15T18:19:46.815+0000] {data_modification.py:24} INFO - Inserted row with Video_ID: 686PL7rt654
[2026-02-15T18:19:46.819+0000] {data_modification.py:24} INFO - Inserted row with Video_ID: zo7i8VTpfNM
[2026-02-15T18:19:46.822+0000] {data_modification.py:24} INFO - Inserted row with Video_ID: NfhuGUyWYfQ
[2026-02-15T18:19:46.826+0000] {data_modification.py:24} INFO - Inserted row with Video_ID: wIpWCJKfRXs
[2026-02-15T18:19:46.829+0000] {data_modification.py:24} INFO - Inserted row with Video_ID: 9Xeepzg1B8I
[2026-02-15T18:19:46.833+0000] {data_modification.py:24} INFO - Inserted row with Video_ID: 50G0kIty7Cg
[2026-02-15T18:19:46.836+0000] {data_modification.py:24} INFO - Inserted row with Video_ID: 4l97aNza_Zc
[2026-02-15T18:19:46.839+0000] {data_modification.py:24} INFO - Inserted row with Video_ID: 3ih2bPKSWsQ
[2026-02-15T18:19:46.843+0000] {data_modification.py:24} INFO - Inserted row with Video_ID: uA9Zcg3vHvo
[2026-02-15T18:19:46.847+0000] {data_modification.py:24} INFO - Inserted row with Video_ID: _AbFXuGDRTs
[2026-02-15T18:19:46.851+0000] {data_modification.py:24} INFO - Inserted row with Video_ID: MOGW3v3pJ5Y
[2026-02-15T18:19:46.852+0000] {dwh.py:38} INFO - staging table update completed
[2026-02-15T18:19:46.856+0000] {python.py:237} INFO - Done. Returned value was: None
[2026-02-15T18:19:46.858+0000] {taskinstance.py:441} INFO - ::group::Post task execution logs
[2026-02-15T18:19:46.877+0000] {taskinstance.py:1206} INFO - Marking task as SUCCESS. dag_id=update_db, task_id=staging_table, run_id=manual__2026-02-15T18:19:44.217782+00:00, execution_date=20260215T181944, start_date=20260215T181946, end_date=20260215T181946
[2026-02-15T18:19:46.922+0000] {local_task_job_runner.py:240} INFO - Task exited with return code 0
[2026-02-15T18:19:46.964+0000] {taskinstance.py:3503} INFO - 1 downstream tasks scheduled from follow-on schedule check
[2026-02-15T18:19:46.970+0000] {local_task_job_runner.py:222} INFO - ::endgroup::
