[2026-03-04T17:07:09.385+0000] {local_task_job_runner.py:120} INFO - ::group::Pre task execution logs
[2026-03-04T17:07:09.453+0000] {taskinstance.py:2076} INFO - Dependencies all met for dep_context=non-requeueable deps ti=<TaskInstance: update_db.staging_table manual__2026-03-04T17:06:57.274071+00:00 [queued]>
[2026-03-04T17:07:09.480+0000] {taskinstance.py:2076} INFO - Dependencies all met for dep_context=requeueable deps ti=<TaskInstance: update_db.staging_table manual__2026-03-04T17:06:57.274071+00:00 [queued]>
[2026-03-04T17:07:09.481+0000] {taskinstance.py:2306} INFO - Starting attempt 1 of 1
[2026-03-04T17:07:09.521+0000] {taskinstance.py:2330} INFO - Executing <Task(_PythonDecoratedOperator): staging_table> on 2026-03-04 17:06:57.274071+00:00
[2026-03-04T17:07:09.536+0000] {standard_task_runner.py:63} INFO - Started process 2236 to run task
[2026-03-04T17:07:09.548+0000] {standard_task_runner.py:90} INFO - Running: ['airflow', 'tasks', 'run', 'update_db', 'staging_table', 'manual__2026-03-04T17:06:57.274071+00:00', '--job-id', '212', '--raw', '--subdir', 'DAGS_FOLDER/main.py', '--cfg-path', '/tmp/tmpsqu5p626']
[2026-03-04T17:07:09.552+0000] {standard_task_runner.py:91} INFO - Job 212: Subtask staging_table
[2026-03-04T17:07:09.743+0000] {task_command.py:426} INFO - Running <TaskInstance: update_db.staging_table manual__2026-03-04T17:06:57.274071+00:00 [running]> on host 30532672bc03
[2026-03-04T17:07:10.775+0000] {taskinstance.py:2648} INFO - Exporting env vars: AIRFLOW_CTX_DAG_EMAIL='data@engineers.com' AIRFLOW_CTX_DAG_OWNER='dataengineers' AIRFLOW_CTX_DAG_ID='update_db' AIRFLOW_CTX_TASK_ID='staging_table' AIRFLOW_CTX_EXECUTION_DATE='2026-03-04T17:06:57.274071+00:00' AIRFLOW_CTX_TRY_NUMBER='1' AIRFLOW_CTX_DAG_RUN_ID='manual__2026-03-04T17:06:57.274071+00:00'
[2026-03-04T17:07:10.778+0000] {taskinstance.py:430} INFO - ::endgroup::
[2026-03-04T17:07:10.871+0000] {base.py:84} INFO - Using connection ID 'postgres_db_yt_elt' for task execution.
[2026-03-04T17:07:10.952+0000] {data_loading.py:12} INFO - Processing file: YT_data_2026-03-04
[2026-03-04T17:07:10.956+0000] {base.py:84} INFO - Using connection ID 'postgres_db_yt_elt' for task execution.
[2026-03-04T17:07:11.032+0000] {base.py:84} INFO - Using connection ID 'postgres_db_yt_elt' for task execution.
[2026-03-04T17:07:11.137+0000] {data_modification.py:63} INFO - Updated row with Video_ID: c9VS_cgInT4
[2026-03-04T17:07:11.170+0000] {data_modification.py:63} INFO - Updated row with Video_ID: KaUuPNYHFNg
[2026-03-04T17:07:11.184+0000] {data_modification.py:63} INFO - Updated row with Video_ID: 5OLs1GWB4OA
[2026-03-04T17:07:11.193+0000] {data_modification.py:63} INFO - Updated row with Video_ID: hjkbqeWQAM8
[2026-03-04T17:07:11.255+0000] {data_modification.py:63} INFO - Updated row with Video_ID: XbaZ45LVzzM
[2026-03-04T17:07:11.296+0000] {data_modification.py:63} INFO - Updated row with Video_ID: gar4U3n-ILY
[2026-03-04T17:07:11.303+0000] {data_modification.py:63} INFO - Updated row with Video_ID: 9WEQts7b8Pw
[2026-03-04T17:07:11.313+0000] {data_modification.py:63} INFO - Updated row with Video_ID: _sBRk9ADpK8
[2026-03-04T17:07:11.320+0000] {data_modification.py:63} INFO - Updated row with Video_ID: kNLr-cduzuo
[2026-03-04T17:07:11.326+0000] {data_modification.py:63} INFO - Updated row with Video_ID: pAnGwRiQ4-4
[2026-03-04T17:07:11.357+0000] {data_modification.py:63} INFO - Updated row with Video_ID: wSh8fAFWEWs
[2026-03-04T17:07:11.366+0000] {data_modification.py:63} INFO - Updated row with Video_ID: 3GNyw4uaAqU
[2026-03-04T17:07:11.372+0000] {data_modification.py:63} INFO - Updated row with Video_ID: ywIcdSNJolo
[2026-03-04T17:07:11.381+0000] {data_modification.py:63} INFO - Updated row with Video_ID: QJI0an6irrA
[2026-03-04T17:07:11.397+0000] {data_modification.py:63} INFO - Updated row with Video_ID: mktYW177p6U
[2026-03-04T17:07:11.407+0000] {data_modification.py:63} INFO - Updated row with Video_ID: 7aE4EhHXzlA
[2026-03-04T17:07:11.423+0000] {data_modification.py:63} INFO - Updated row with Video_ID: IJkB-oapuks
[2026-03-04T17:07:11.447+0000] {data_modification.py:63} INFO - Updated row with Video_ID: ZFoNBxpXen4
[2026-03-04T17:07:11.454+0000] {data_modification.py:63} INFO - Updated row with Video_ID: RB71Z-vVvCc
[2026-03-04T17:07:11.461+0000] {data_modification.py:63} INFO - Updated row with Video_ID: fO5FwBcCJBY
[2026-03-04T17:07:11.484+0000] {data_modification.py:63} INFO - Updated row with Video_ID: U-x6KxH1kB4
[2026-03-04T17:07:11.519+0000] {data_modification.py:63} INFO - Updated row with Video_ID: 8bMh8azh3CY
[2026-03-04T17:07:11.524+0000] {data_modification.py:63} INFO - Updated row with Video_ID: SE9xF1l3ZwE
[2026-03-04T17:07:11.537+0000] {data_modification.py:63} INFO - Updated row with Video_ID: rF00lQ_upzg
[2026-03-04T17:07:11.549+0000] {data_modification.py:63} INFO - Updated row with Video_ID: uZY9xr-QAk0
[2026-03-04T17:07:11.555+0000] {data_modification.py:63} INFO - Updated row with Video_ID: AWBsoArakNY
[2026-03-04T17:07:11.580+0000] {data_modification.py:63} INFO - Updated row with Video_ID: Ah_uuTwGOYU
[2026-03-04T17:07:11.592+0000] {data_modification.py:63} INFO - Updated row with Video_ID: HISfrcjiNPM
[2026-03-04T17:07:11.623+0000] {data_modification.py:63} INFO - Updated row with Video_ID: WROMyJAJmp4
[2026-03-04T17:07:11.648+0000] {data_modification.py:63} INFO - Updated row with Video_ID: tAwzBYE18Us
[2026-03-04T17:07:11.667+0000] {data_modification.py:63} INFO - Updated row with Video_ID: LyFMbY-c_Lc
[2026-03-04T17:07:11.690+0000] {data_modification.py:63} INFO - Updated row with Video_ID: 3RmOvxilbPM
[2026-03-04T17:07:11.706+0000] {data_modification.py:63} INFO - Updated row with Video_ID: R7MkZL5i3FQ
[2026-03-04T17:07:11.722+0000] {data_modification.py:63} INFO - Updated row with Video_ID: 26QQE7EsnLA
[2026-03-04T17:07:11.856+0000] {data_modification.py:63} INFO - Updated row with Video_ID: PryTbmudhS8
[2026-03-04T17:07:11.877+0000] {data_modification.py:63} INFO - Updated row with Video_ID: Oo9EbArcQ1c
[2026-03-04T17:07:11.906+0000] {data_modification.py:63} INFO - Updated row with Video_ID: yWEUL3crU_E
[2026-03-04T17:07:11.980+0000] {data_modification.py:63} INFO - Updated row with Video_ID: JgJrQnDIRgg
[2026-03-04T17:07:11.984+0000] {data_modification.py:63} INFO - Updated row with Video_ID: gtkqnhN0VkU
[2026-03-04T17:07:11.988+0000] {data_modification.py:63} INFO - Updated row with Video_ID: oBXSvS2QKxU
[2026-03-04T17:07:11.992+0000] {data_modification.py:63} INFO - Updated row with Video_ID: UTdcX1e0cMA
[2026-03-04T17:07:11.997+0000] {data_modification.py:63} INFO - Updated row with Video_ID: oiZvK6MY7tI
[2026-03-04T17:07:12.001+0000] {data_modification.py:63} INFO - Updated row with Video_ID: F0OkwXKcPSE
[2026-03-04T17:07:12.005+0000] {data_modification.py:63} INFO - Updated row with Video_ID: 686PL7rt654
[2026-03-04T17:07:12.009+0000] {data_modification.py:63} INFO - Updated row with Video_ID: zo7i8VTpfNM
[2026-03-04T17:07:12.014+0000] {data_modification.py:63} INFO - Updated row with Video_ID: NfhuGUyWYfQ
[2026-03-04T17:07:12.023+0000] {data_modification.py:63} INFO - Updated row with Video_ID: wIpWCJKfRXs
[2026-03-04T17:07:12.028+0000] {data_modification.py:63} INFO - Updated row with Video_ID: 9Xeepzg1B8I
[2026-03-04T17:07:12.031+0000] {data_modification.py:63} INFO - Updated row with Video_ID: 50G0kIty7Cg
[2026-03-04T17:07:12.035+0000] {data_modification.py:63} INFO - Updated row with Video_ID: 4l97aNza_Zc
[2026-03-04T17:07:12.036+0000] {dwh.py:38} INFO - staging table update completed
[2026-03-04T17:07:12.036+0000] {python.py:237} INFO - Done. Returned value was: None
[2026-03-04T17:07:12.037+0000] {taskinstance.py:441} INFO - ::group::Post task execution logs
[2026-03-04T17:07:13.351+0000] {taskinstance.py:1206} INFO - Marking task as SUCCESS. dag_id=update_db, task_id=staging_table, run_id=manual__2026-03-04T17:06:57.274071+00:00, execution_date=20260304T170657, start_date=20260304T170709, end_date=20260304T170713
[2026-03-04T17:07:13.513+0000] {local_task_job_runner.py:240} INFO - Task exited with return code 0
[2026-03-04T17:07:13.683+0000] {taskinstance.py:3503} INFO - 1 downstream tasks scheduled from follow-on schedule check
[2026-03-04T17:07:13.700+0000] {local_task_job_runner.py:222} INFO - ::endgroup::
