[2026-03-03T22:39:06.841+0000] {local_task_job_runner.py:120} INFO - ::group::Pre task execution logs
[2026-03-03T22:39:06.903+0000] {taskinstance.py:2076} INFO - Dependencies all met for dep_context=non-requeueable deps ti=<TaskInstance: update_db.staging_table manual__2026-03-03T22:38:59.329530+00:00 [queued]>
[2026-03-03T22:39:06.934+0000] {taskinstance.py:2076} INFO - Dependencies all met for dep_context=requeueable deps ti=<TaskInstance: update_db.staging_table manual__2026-03-03T22:38:59.329530+00:00 [queued]>
[2026-03-03T22:39:06.935+0000] {taskinstance.py:2306} INFO - Starting attempt 1 of 1
[2026-03-03T22:39:06.967+0000] {taskinstance.py:2330} INFO - Executing <Task(_PythonDecoratedOperator): staging_table> on 2026-03-03 22:38:59.329530+00:00
[2026-03-03T22:39:06.978+0000] {standard_task_runner.py:63} INFO - Started process 1850 to run task
[2026-03-03T22:39:06.989+0000] {standard_task_runner.py:90} INFO - Running: ['airflow', 'tasks', 'run', 'update_db', 'staging_table', 'manual__2026-03-03T22:38:59.329530+00:00', '--job-id', '202', '--raw', '--subdir', 'DAGS_FOLDER/main.py', '--cfg-path', '/tmp/tmpz4mqm21m']
[2026-03-03T22:39:06.993+0000] {standard_task_runner.py:91} INFO - Job 202: Subtask staging_table
[2026-03-03T22:39:07.155+0000] {task_command.py:426} INFO - Running <TaskInstance: update_db.staging_table manual__2026-03-03T22:38:59.329530+00:00 [running]> on host 30532672bc03
[2026-03-03T22:39:07.539+0000] {taskinstance.py:2648} INFO - Exporting env vars: AIRFLOW_CTX_DAG_EMAIL='data@engineers.com' AIRFLOW_CTX_DAG_OWNER='dataengineers' AIRFLOW_CTX_DAG_ID='update_db' AIRFLOW_CTX_TASK_ID='staging_table' AIRFLOW_CTX_EXECUTION_DATE='2026-03-03T22:38:59.329530+00:00' AIRFLOW_CTX_TRY_NUMBER='1' AIRFLOW_CTX_DAG_RUN_ID='manual__2026-03-03T22:38:59.329530+00:00'
[2026-03-03T22:39:07.540+0000] {taskinstance.py:430} INFO - ::endgroup::
[2026-03-03T22:39:07.565+0000] {base.py:84} INFO - Using connection ID 'postgres_db_yt_elt' for task execution.
[2026-03-03T22:39:07.577+0000] {data_loading.py:12} INFO - Processing file: YT_data_2026-03-03
[2026-03-03T22:39:07.583+0000] {base.py:84} INFO - Using connection ID 'postgres_db_yt_elt' for task execution.
[2026-03-03T22:39:07.598+0000] {base.py:84} INFO - Using connection ID 'postgres_db_yt_elt' for task execution.
[2026-03-03T22:39:07.636+0000] {data_modification.py:63} INFO - Updated row with Video_ID: c9VS_cgInT4
[2026-03-03T22:39:07.640+0000] {data_modification.py:63} INFO - Updated row with Video_ID: KaUuPNYHFNg
[2026-03-03T22:39:07.650+0000] {data_modification.py:63} INFO - Updated row with Video_ID: 5OLs1GWB4OA
[2026-03-03T22:39:07.656+0000] {data_modification.py:63} INFO - Updated row with Video_ID: hjkbqeWQAM8
[2026-03-03T22:39:07.663+0000] {data_modification.py:63} INFO - Updated row with Video_ID: XbaZ45LVzzM
[2026-03-03T22:39:07.668+0000] {data_modification.py:63} INFO - Updated row with Video_ID: gar4U3n-ILY
[2026-03-03T22:39:07.673+0000] {data_modification.py:63} INFO - Updated row with Video_ID: 9WEQts7b8Pw
[2026-03-03T22:39:07.677+0000] {data_modification.py:63} INFO - Updated row with Video_ID: _sBRk9ADpK8
[2026-03-03T22:39:07.682+0000] {data_modification.py:63} INFO - Updated row with Video_ID: kNLr-cduzuo
[2026-03-03T22:39:07.691+0000] {data_modification.py:63} INFO - Updated row with Video_ID: pAnGwRiQ4-4
[2026-03-03T22:39:07.696+0000] {data_modification.py:63} INFO - Updated row with Video_ID: wSh8fAFWEWs
[2026-03-03T22:39:07.701+0000] {data_modification.py:63} INFO - Updated row with Video_ID: 3GNyw4uaAqU
[2026-03-03T22:39:07.706+0000] {data_modification.py:63} INFO - Updated row with Video_ID: ywIcdSNJolo
[2026-03-03T22:39:07.710+0000] {data_modification.py:63} INFO - Updated row with Video_ID: QJI0an6irrA
[2026-03-03T22:39:07.714+0000] {data_modification.py:63} INFO - Updated row with Video_ID: mktYW177p6U
[2026-03-03T22:39:07.719+0000] {data_modification.py:63} INFO - Updated row with Video_ID: 7aE4EhHXzlA
[2026-03-03T22:39:07.723+0000] {data_modification.py:63} INFO - Updated row with Video_ID: IJkB-oapuks
[2026-03-03T22:39:07.728+0000] {data_modification.py:63} INFO - Updated row with Video_ID: ZFoNBxpXen4
[2026-03-03T22:39:07.733+0000] {data_modification.py:63} INFO - Updated row with Video_ID: RB71Z-vVvCc
[2026-03-03T22:39:07.737+0000] {data_modification.py:63} INFO - Updated row with Video_ID: fO5FwBcCJBY
[2026-03-03T22:39:07.742+0000] {data_modification.py:63} INFO - Updated row with Video_ID: U-x6KxH1kB4
[2026-03-03T22:39:07.750+0000] {data_modification.py:63} INFO - Updated row with Video_ID: 8bMh8azh3CY
[2026-03-03T22:39:07.759+0000] {data_modification.py:63} INFO - Updated row with Video_ID: SE9xF1l3ZwE
[2026-03-03T22:39:07.767+0000] {data_modification.py:63} INFO - Updated row with Video_ID: rF00lQ_upzg
[2026-03-03T22:39:07.776+0000] {data_modification.py:63} INFO - Updated row with Video_ID: uZY9xr-QAk0
[2026-03-03T22:39:07.785+0000] {data_modification.py:63} INFO - Updated row with Video_ID: AWBsoArakNY
[2026-03-03T22:39:07.792+0000] {data_modification.py:63} INFO - Updated row with Video_ID: Ah_uuTwGOYU
[2026-03-03T22:39:07.801+0000] {data_modification.py:63} INFO - Updated row with Video_ID: HISfrcjiNPM
[2026-03-03T22:39:07.806+0000] {data_modification.py:63} INFO - Updated row with Video_ID: WROMyJAJmp4
[2026-03-03T22:39:07.811+0000] {data_modification.py:63} INFO - Updated row with Video_ID: tAwzBYE18Us
[2026-03-03T22:39:07.820+0000] {data_modification.py:63} INFO - Updated row with Video_ID: LyFMbY-c_Lc
[2026-03-03T22:39:07.828+0000] {data_modification.py:63} INFO - Updated row with Video_ID: 3RmOvxilbPM
[2026-03-03T22:39:07.840+0000] {data_modification.py:63} INFO - Updated row with Video_ID: R7MkZL5i3FQ
[2026-03-03T22:39:07.853+0000] {data_modification.py:63} INFO - Updated row with Video_ID: 26QQE7EsnLA
[2026-03-03T22:39:07.861+0000] {data_modification.py:63} INFO - Updated row with Video_ID: PryTbmudhS8
[2026-03-03T22:39:07.866+0000] {data_modification.py:63} INFO - Updated row with Video_ID: Oo9EbArcQ1c
[2026-03-03T22:39:07.874+0000] {data_modification.py:63} INFO - Updated row with Video_ID: yWEUL3crU_E
[2026-03-03T22:39:07.882+0000] {data_modification.py:63} INFO - Updated row with Video_ID: JgJrQnDIRgg
[2026-03-03T22:39:07.889+0000] {data_modification.py:63} INFO - Updated row with Video_ID: gtkqnhN0VkU
[2026-03-03T22:39:07.896+0000] {data_modification.py:63} INFO - Updated row with Video_ID: oBXSvS2QKxU
[2026-03-03T22:39:07.902+0000] {data_modification.py:63} INFO - Updated row with Video_ID: UTdcX1e0cMA
[2026-03-03T22:39:07.910+0000] {data_modification.py:63} INFO - Updated row with Video_ID: oiZvK6MY7tI
[2026-03-03T22:39:07.917+0000] {data_modification.py:63} INFO - Updated row with Video_ID: F0OkwXKcPSE
[2026-03-03T22:39:07.925+0000] {data_modification.py:63} INFO - Updated row with Video_ID: 686PL7rt654
[2026-03-03T22:39:07.932+0000] {data_modification.py:63} INFO - Updated row with Video_ID: zo7i8VTpfNM
[2026-03-03T22:39:07.939+0000] {data_modification.py:63} INFO - Updated row with Video_ID: NfhuGUyWYfQ
[2026-03-03T22:39:07.945+0000] {data_modification.py:63} INFO - Updated row with Video_ID: wIpWCJKfRXs
[2026-03-03T22:39:07.953+0000] {data_modification.py:63} INFO - Updated row with Video_ID: 9Xeepzg1B8I
[2026-03-03T22:39:07.960+0000] {data_modification.py:63} INFO - Updated row with Video_ID: 50G0kIty7Cg
[2026-03-03T22:39:07.969+0000] {data_modification.py:63} INFO - Updated row with Video_ID: 4l97aNza_Zc
[2026-03-03T22:39:07.969+0000] {dwh.py:38} INFO - staging table update completed
[2026-03-03T22:39:07.971+0000] {python.py:237} INFO - Done. Returned value was: None
[2026-03-03T22:39:07.972+0000] {taskinstance.py:441} INFO - ::group::Post task execution logs
[2026-03-03T22:39:08.003+0000] {taskinstance.py:1206} INFO - Marking task as SUCCESS. dag_id=update_db, task_id=staging_table, run_id=manual__2026-03-03T22:38:59.329530+00:00, execution_date=20260303T223859, start_date=20260303T223906, end_date=20260303T223908
[2026-03-03T22:39:08.048+0000] {local_task_job_runner.py:240} INFO - Task exited with return code 0
[2026-03-03T22:39:08.132+0000] {taskinstance.py:3503} INFO - 1 downstream tasks scheduled from follow-on schedule check
[2026-03-03T22:39:08.139+0000] {local_task_job_runner.py:222} INFO - ::endgroup::
