[2026-02-15T18:43:51.899+0000] {local_task_job_runner.py:120} INFO - ::group::Pre task execution logs
[2026-02-15T18:43:51.974+0000] {taskinstance.py:2076} INFO - Dependencies all met for dep_context=non-requeueable deps ti=<TaskInstance: update_db.staging_table manual__2026-02-15T18:43:50.102092+00:00 [queued]>
[2026-02-15T18:43:52.010+0000] {taskinstance.py:2076} INFO - Dependencies all met for dep_context=requeueable deps ti=<TaskInstance: update_db.staging_table manual__2026-02-15T18:43:50.102092+00:00 [queued]>
[2026-02-15T18:43:52.011+0000] {taskinstance.py:2306} INFO - Starting attempt 1 of 1
[2026-02-15T18:43:52.037+0000] {taskinstance.py:2330} INFO - Executing <Task(_PythonDecoratedOperator): staging_table> on 2026-02-15 18:43:50.102092+00:00
[2026-02-15T18:43:52.044+0000] {standard_task_runner.py:63} INFO - Started process 4240 to run task
[2026-02-15T18:43:52.062+0000] {standard_task_runner.py:90} INFO - Running: ['airflow', 'tasks', 'run', 'update_db', 'staging_table', 'manual__2026-02-15T18:43:50.102092+00:00', '--job-id', '83', '--raw', '--subdir', 'DAGS_FOLDER/main.py', '--cfg-path', '/tmp/tmp7avf2zdd']
[2026-02-15T18:43:52.066+0000] {standard_task_runner.py:91} INFO - Job 83: Subtask staging_table
[2026-02-15T18:43:52.200+0000] {task_command.py:426} INFO - Running <TaskInstance: update_db.staging_table manual__2026-02-15T18:43:50.102092+00:00 [running]> on host a9a9531a1f20
[2026-02-15T18:43:52.340+0000] {taskinstance.py:2648} INFO - Exporting env vars: AIRFLOW_CTX_DAG_EMAIL='data@engineers.com' AIRFLOW_CTX_DAG_OWNER='dataengineers' AIRFLOW_CTX_DAG_ID='update_db' AIRFLOW_CTX_TASK_ID='staging_table' AIRFLOW_CTX_EXECUTION_DATE='2026-02-15T18:43:50.102092+00:00' AIRFLOW_CTX_TRY_NUMBER='1' AIRFLOW_CTX_DAG_RUN_ID='manual__2026-02-15T18:43:50.102092+00:00'
[2026-02-15T18:43:52.344+0000] {taskinstance.py:430} INFO - ::endgroup::
[2026-02-15T18:43:52.357+0000] {base.py:84} INFO - Using connection ID 'postgres_db_yt_elt' for task execution.
[2026-02-15T18:43:52.369+0000] {data_loading.py:12} INFO - Processing file: YT_data_2026-02-15
[2026-02-15T18:43:52.373+0000] {base.py:84} INFO - Using connection ID 'postgres_db_yt_elt' for task execution.
[2026-02-15T18:43:52.390+0000] {base.py:84} INFO - Using connection ID 'postgres_db_yt_elt' for task execution.
[2026-02-15T18:43:52.417+0000] {data_modification.py:63} INFO - Updated row with Video_ID: XbaZ45LVzzM
[2026-02-15T18:43:52.423+0000] {data_modification.py:63} INFO - Updated row with Video_ID: gar4U3n-ILY
[2026-02-15T18:43:52.427+0000] {data_modification.py:63} INFO - Updated row with Video_ID: 9WEQts7b8Pw
[2026-02-15T18:43:52.432+0000] {data_modification.py:63} INFO - Updated row with Video_ID: _sBRk9ADpK8
[2026-02-15T18:43:52.436+0000] {data_modification.py:63} INFO - Updated row with Video_ID: kNLr-cduzuo
[2026-02-15T18:43:52.440+0000] {data_modification.py:63} INFO - Updated row with Video_ID: pAnGwRiQ4-4
[2026-02-15T18:43:52.444+0000] {data_modification.py:63} INFO - Updated row with Video_ID: wSh8fAFWEWs
[2026-02-15T18:43:52.449+0000] {data_modification.py:63} INFO - Updated row with Video_ID: 3GNyw4uaAqU
[2026-02-15T18:43:52.456+0000] {data_modification.py:63} INFO - Updated row with Video_ID: ywIcdSNJolo
[2026-02-15T18:43:52.462+0000] {data_modification.py:63} INFO - Updated row with Video_ID: QJI0an6irrA
[2026-02-15T18:43:52.471+0000] {data_modification.py:63} INFO - Updated row with Video_ID: mktYW177p6U
[2026-02-15T18:43:52.478+0000] {data_modification.py:63} INFO - Updated row with Video_ID: 7aE4EhHXzlA
[2026-02-15T18:43:52.487+0000] {data_modification.py:63} INFO - Updated row with Video_ID: IJkB-oapuks
[2026-02-15T18:43:52.493+0000] {data_modification.py:63} INFO - Updated row with Video_ID: ZFoNBxpXen4
[2026-02-15T18:43:52.499+0000] {data_modification.py:63} INFO - Updated row with Video_ID: RB71Z-vVvCc
[2026-02-15T18:43:52.503+0000] {data_modification.py:63} INFO - Updated row with Video_ID: fO5FwBcCJBY
[2026-02-15T18:43:52.508+0000] {data_modification.py:63} INFO - Updated row with Video_ID: U-x6KxH1kB4
[2026-02-15T18:43:52.513+0000] {data_modification.py:63} INFO - Updated row with Video_ID: 8bMh8azh3CY
[2026-02-15T18:43:52.518+0000] {data_modification.py:63} INFO - Updated row with Video_ID: SE9xF1l3ZwE
[2026-02-15T18:43:52.521+0000] {data_modification.py:63} INFO - Updated row with Video_ID: rF00lQ_upzg
[2026-02-15T18:43:52.525+0000] {data_modification.py:63} INFO - Updated row with Video_ID: uZY9xr-QAk0
[2026-02-15T18:43:52.529+0000] {data_modification.py:63} INFO - Updated row with Video_ID: AWBsoArakNY
[2026-02-15T18:43:52.535+0000] {data_modification.py:63} INFO - Updated row with Video_ID: Ah_uuTwGOYU
[2026-02-15T18:43:52.539+0000] {data_modification.py:63} INFO - Updated row with Video_ID: HISfrcjiNPM
[2026-02-15T18:43:52.546+0000] {data_modification.py:63} INFO - Updated row with Video_ID: WROMyJAJmp4
[2026-02-15T18:43:52.551+0000] {data_modification.py:63} INFO - Updated row with Video_ID: tAwzBYE18Us
[2026-02-15T18:43:52.556+0000] {data_modification.py:63} INFO - Updated row with Video_ID: LyFMbY-c_Lc
[2026-02-15T18:43:52.560+0000] {data_modification.py:63} INFO - Updated row with Video_ID: 3RmOvxilbPM
[2026-02-15T18:43:52.565+0000] {data_modification.py:63} INFO - Updated row with Video_ID: R7MkZL5i3FQ
[2026-02-15T18:43:52.578+0000] {data_modification.py:63} INFO - Updated row with Video_ID: 26QQE7EsnLA
[2026-02-15T18:43:52.584+0000] {data_modification.py:63} INFO - Updated row with Video_ID: PryTbmudhS8
[2026-02-15T18:43:52.591+0000] {data_modification.py:63} INFO - Updated row with Video_ID: Oo9EbArcQ1c
[2026-02-15T18:43:52.598+0000] {data_modification.py:63} INFO - Updated row with Video_ID: yWEUL3crU_E
[2026-02-15T18:43:52.604+0000] {data_modification.py:63} INFO - Updated row with Video_ID: JgJrQnDIRgg
[2026-02-15T18:43:52.609+0000] {data_modification.py:63} INFO - Updated row with Video_ID: gtkqnhN0VkU
[2026-02-15T18:43:52.617+0000] {data_modification.py:63} INFO - Updated row with Video_ID: oBXSvS2QKxU
[2026-02-15T18:43:52.624+0000] {data_modification.py:63} INFO - Updated row with Video_ID: UTdcX1e0cMA
[2026-02-15T18:43:52.632+0000] {data_modification.py:63} INFO - Updated row with Video_ID: oiZvK6MY7tI
[2026-02-15T18:43:52.639+0000] {data_modification.py:63} INFO - Updated row with Video_ID: F0OkwXKcPSE
[2026-02-15T18:43:52.650+0000] {data_modification.py:63} INFO - Updated row with Video_ID: 686PL7rt654
[2026-02-15T18:43:52.656+0000] {data_modification.py:63} INFO - Updated row with Video_ID: zo7i8VTpfNM
[2026-02-15T18:43:52.662+0000] {data_modification.py:63} INFO - Updated row with Video_ID: NfhuGUyWYfQ
[2026-02-15T18:43:52.672+0000] {data_modification.py:63} INFO - Updated row with Video_ID: wIpWCJKfRXs
[2026-02-15T18:43:52.682+0000] {data_modification.py:63} INFO - Updated row with Video_ID: 9Xeepzg1B8I
[2026-02-15T18:43:52.691+0000] {data_modification.py:63} INFO - Updated row with Video_ID: 50G0kIty7Cg
[2026-02-15T18:43:52.697+0000] {data_modification.py:63} INFO - Updated row with Video_ID: 4l97aNza_Zc
[2026-02-15T18:43:52.702+0000] {data_modification.py:63} INFO - Updated row with Video_ID: 3ih2bPKSWsQ
[2026-02-15T18:43:52.710+0000] {data_modification.py:63} INFO - Updated row with Video_ID: uA9Zcg3vHvo
[2026-02-15T18:43:52.716+0000] {data_modification.py:63} INFO - Updated row with Video_ID: _AbFXuGDRTs
[2026-02-15T18:43:52.721+0000] {data_modification.py:63} INFO - Updated row with Video_ID: MOGW3v3pJ5Y
[2026-02-15T18:43:52.721+0000] {dwh.py:38} INFO - staging table update completed
[2026-02-15T18:43:52.722+0000] {python.py:237} INFO - Done. Returned value was: None
[2026-02-15T18:43:52.725+0000] {taskinstance.py:441} INFO - ::group::Post task execution logs
[2026-02-15T18:43:52.746+0000] {taskinstance.py:1206} INFO - Marking task as SUCCESS. dag_id=update_db, task_id=staging_table, run_id=manual__2026-02-15T18:43:50.102092+00:00, execution_date=20260215T184350, start_date=20260215T184351, end_date=20260215T184352
[2026-02-15T18:43:52.808+0000] {local_task_job_runner.py:240} INFO - Task exited with return code 0
[2026-02-15T18:43:52.852+0000] {taskinstance.py:3503} INFO - 1 downstream tasks scheduled from follow-on schedule check
[2026-02-15T18:43:52.858+0000] {local_task_job_runner.py:222} INFO - ::endgroup::
