[2026-03-03T22:39:10.712+0000] {local_task_job_runner.py:120} INFO - ::group::Pre task execution logs
[2026-03-03T22:39:10.798+0000] {taskinstance.py:2076} INFO - Dependencies all met for dep_context=non-requeueable deps ti=<TaskInstance: update_db.core_table manual__2026-03-03T22:38:59.329530+00:00 [queued]>
[2026-03-03T22:39:10.829+0000] {taskinstance.py:2076} INFO - Dependencies all met for dep_context=requeueable deps ti=<TaskInstance: update_db.core_table manual__2026-03-03T22:38:59.329530+00:00 [queued]>
[2026-03-03T22:39:10.830+0000] {taskinstance.py:2306} INFO - Starting attempt 1 of 1
[2026-03-03T22:39:10.862+0000] {taskinstance.py:2330} INFO - Executing <Task(_PythonDecoratedOperator): core_table> on 2026-03-03 22:38:59.329530+00:00
[2026-03-03T22:39:10.877+0000] {standard_task_runner.py:63} INFO - Started process 1852 to run task
[2026-03-03T22:39:10.886+0000] {standard_task_runner.py:90} INFO - Running: ['airflow', 'tasks', 'run', 'update_db', 'core_table', 'manual__2026-03-03T22:38:59.329530+00:00', '--job-id', '203', '--raw', '--subdir', 'DAGS_FOLDER/main.py', '--cfg-path', '/tmp/tmpgu_pz523']
[2026-03-03T22:39:10.888+0000] {standard_task_runner.py:91} INFO - Job 203: Subtask core_table
[2026-03-03T22:39:11.030+0000] {task_command.py:426} INFO - Running <TaskInstance: update_db.core_table manual__2026-03-03T22:38:59.329530+00:00 [running]> on host 30532672bc03
[2026-03-03T22:39:11.320+0000] {taskinstance.py:2648} INFO - Exporting env vars: AIRFLOW_CTX_DAG_EMAIL='data@engineers.com' AIRFLOW_CTX_DAG_OWNER='dataengineers' AIRFLOW_CTX_DAG_ID='update_db' AIRFLOW_CTX_TASK_ID='core_table' AIRFLOW_CTX_EXECUTION_DATE='2026-03-03T22:38:59.329530+00:00' AIRFLOW_CTX_TRY_NUMBER='1' AIRFLOW_CTX_DAG_RUN_ID='manual__2026-03-03T22:38:59.329530+00:00'
[2026-03-03T22:39:11.322+0000] {taskinstance.py:430} INFO - ::endgroup::
[2026-03-03T22:39:11.345+0000] {base.py:84} INFO - Using connection ID 'postgres_db_yt_elt' for task execution.
[2026-03-03T22:39:11.363+0000] {base.py:84} INFO - Using connection ID 'postgres_db_yt_elt' for task execution.
[2026-03-03T22:39:11.387+0000] {base.py:84} INFO - Using connection ID 'postgres_db_yt_elt' for task execution.
[2026-03-03T22:39:11.420+0000] {data_modification.py:63} INFO - Updated row with Video_ID: 8bMh8azh3CY
[2026-03-03T22:39:11.428+0000] {data_modification.py:63} INFO - Updated row with Video_ID: SE9xF1l3ZwE
[2026-03-03T22:39:11.435+0000] {data_modification.py:63} INFO - Updated row with Video_ID: c9VS_cgInT4
[2026-03-03T22:39:11.442+0000] {data_modification.py:63} INFO - Updated row with Video_ID: KaUuPNYHFNg
[2026-03-03T22:39:11.452+0000] {data_modification.py:63} INFO - Updated row with Video_ID: rF00lQ_upzg
[2026-03-03T22:39:11.457+0000] {data_modification.py:63} INFO - Updated row with Video_ID: uZY9xr-QAk0
[2026-03-03T22:39:11.461+0000] {data_modification.py:63} INFO - Updated row with Video_ID: AWBsoArakNY
[2026-03-03T22:39:11.466+0000] {data_modification.py:63} INFO - Updated row with Video_ID: Ah_uuTwGOYU
[2026-03-03T22:39:11.470+0000] {data_modification.py:63} INFO - Updated row with Video_ID: HISfrcjiNPM
[2026-03-03T22:39:11.476+0000] {data_modification.py:63} INFO - Updated row with Video_ID: WROMyJAJmp4
[2026-03-03T22:39:11.480+0000] {data_modification.py:63} INFO - Updated row with Video_ID: tAwzBYE18Us
[2026-03-03T22:39:11.485+0000] {data_modification.py:63} INFO - Updated row with Video_ID: LyFMbY-c_Lc
[2026-03-03T22:39:11.490+0000] {data_modification.py:63} INFO - Updated row with Video_ID: 3RmOvxilbPM
[2026-03-03T22:39:11.497+0000] {data_modification.py:63} INFO - Updated row with Video_ID: R7MkZL5i3FQ
[2026-03-03T22:39:11.506+0000] {data_modification.py:63} INFO - Updated row with Video_ID: 26QQE7EsnLA
[2026-03-03T22:39:11.513+0000] {data_modification.py:63} INFO - Updated row with Video_ID: PryTbmudhS8
[2026-03-03T22:39:11.519+0000] {data_modification.py:63} INFO - Updated row with Video_ID: Oo9EbArcQ1c
[2026-03-03T22:39:11.527+0000] {data_modification.py:63} INFO - Updated row with Video_ID: yWEUL3crU_E
[2026-03-03T22:39:11.534+0000] {data_modification.py:63} INFO - Updated row with Video_ID: 5OLs1GWB4OA
[2026-03-03T22:39:11.542+0000] {data_modification.py:63} INFO - Updated row with Video_ID: hjkbqeWQAM8
[2026-03-03T22:39:11.549+0000] {data_modification.py:63} INFO - Updated row with Video_ID: XbaZ45LVzzM
[2026-03-03T22:39:11.556+0000] {data_modification.py:63} INFO - Updated row with Video_ID: gar4U3n-ILY
[2026-03-03T22:39:11.562+0000] {data_modification.py:63} INFO - Updated row with Video_ID: 9WEQts7b8Pw
[2026-03-03T22:39:11.569+0000] {data_modification.py:63} INFO - Updated row with Video_ID: _sBRk9ADpK8
[2026-03-03T22:39:11.575+0000] {data_modification.py:63} INFO - Updated row with Video_ID: kNLr-cduzuo
[2026-03-03T22:39:11.580+0000] {data_modification.py:63} INFO - Updated row with Video_ID: pAnGwRiQ4-4
[2026-03-03T22:39:11.592+0000] {data_modification.py:63} INFO - Updated row with Video_ID: wSh8fAFWEWs
[2026-03-03T22:39:11.600+0000] {data_modification.py:63} INFO - Updated row with Video_ID: 3GNyw4uaAqU
[2026-03-03T22:39:11.611+0000] {data_modification.py:63} INFO - Updated row with Video_ID: ywIcdSNJolo
[2026-03-03T22:39:11.617+0000] {data_modification.py:63} INFO - Updated row with Video_ID: QJI0an6irrA
[2026-03-03T22:39:11.621+0000] {data_modification.py:63} INFO - Updated row with Video_ID: mktYW177p6U
[2026-03-03T22:39:11.625+0000] {data_modification.py:63} INFO - Updated row with Video_ID: 7aE4EhHXzlA
[2026-03-03T22:39:11.629+0000] {data_modification.py:63} INFO - Updated row with Video_ID: IJkB-oapuks
[2026-03-03T22:39:11.634+0000] {data_modification.py:63} INFO - Updated row with Video_ID: ZFoNBxpXen4
[2026-03-03T22:39:11.637+0000] {data_modification.py:63} INFO - Updated row with Video_ID: RB71Z-vVvCc
[2026-03-03T22:39:11.641+0000] {data_modification.py:63} INFO - Updated row with Video_ID: fO5FwBcCJBY
[2026-03-03T22:39:11.649+0000] {data_modification.py:63} INFO - Updated row with Video_ID: U-x6KxH1kB4
[2026-03-03T22:39:11.653+0000] {data_modification.py:63} INFO - Updated row with Video_ID: JgJrQnDIRgg
[2026-03-03T22:39:11.658+0000] {data_modification.py:63} INFO - Updated row with Video_ID: gtkqnhN0VkU
[2026-03-03T22:39:11.662+0000] {data_modification.py:63} INFO - Updated row with Video_ID: oBXSvS2QKxU
[2026-03-03T22:39:11.666+0000] {data_modification.py:63} INFO - Updated row with Video_ID: UTdcX1e0cMA
[2026-03-03T22:39:11.673+0000] {data_modification.py:63} INFO - Updated row with Video_ID: oiZvK6MY7tI
[2026-03-03T22:39:11.680+0000] {data_modification.py:63} INFO - Updated row with Video_ID: F0OkwXKcPSE
[2026-03-03T22:39:11.688+0000] {data_modification.py:63} INFO - Updated row with Video_ID: 686PL7rt654
[2026-03-03T22:39:11.695+0000] {data_modification.py:63} INFO - Updated row with Video_ID: zo7i8VTpfNM
[2026-03-03T22:39:11.706+0000] {data_modification.py:63} INFO - Updated row with Video_ID: NfhuGUyWYfQ
[2026-03-03T22:39:11.715+0000] {data_modification.py:63} INFO - Updated row with Video_ID: wIpWCJKfRXs
[2026-03-03T22:39:11.720+0000] {data_modification.py:63} INFO - Updated row with Video_ID: 9Xeepzg1B8I
[2026-03-03T22:39:11.725+0000] {data_modification.py:63} INFO - Updated row with Video_ID: 50G0kIty7Cg
[2026-03-03T22:39:11.730+0000] {data_modification.py:63} INFO - Updated row with Video_ID: 4l97aNza_Zc
[2026-03-03T22:39:11.731+0000] {dwh.py:82} INFO - core table update completed
[2026-03-03T22:39:11.733+0000] {python.py:237} INFO - Done. Returned value was: None
[2026-03-03T22:39:11.733+0000] {taskinstance.py:441} INFO - ::group::Post task execution logs
[2026-03-03T22:39:11.763+0000] {taskinstance.py:1206} INFO - Marking task as SUCCESS. dag_id=update_db, task_id=core_table, run_id=manual__2026-03-03T22:38:59.329530+00:00, execution_date=20260303T223859, start_date=20260303T223910, end_date=20260303T223911
[2026-03-03T22:39:11.833+0000] {local_task_job_runner.py:240} INFO - Task exited with return code 0
[2026-03-03T22:39:11.897+0000] {taskinstance.py:3503} INFO - 1 downstream tasks scheduled from follow-on schedule check
[2026-03-03T22:39:11.903+0000] {local_task_job_runner.py:222} INFO - ::endgroup::
