[2026-02-24T22:52:44.025+0000] {processor.py:161} INFO - Started process (PID=55) to work on /opt/airflow/dags/main.py
[2026-02-24T22:52:44.101+0000] {processor.py:830} INFO - Processing file /opt/airflow/dags/main.py for tasks to queue
[2026-02-24T22:52:44.116+0000] {logging_mixin.py:188} INFO - [2026-02-24T22:52:44.115+0000] {dagbag.py:545} INFO - Filling up the DagBag from /opt/airflow/dags/main.py
[2026-02-24T22:52:45.394+0000] {processor.py:840} INFO - DAG(s) 'data_quality', 'produce_json', 'update_db' retrieved from /opt/airflow/dags/main.py
[2026-02-24T22:52:46.624+0000] {logging_mixin.py:188} INFO - [2026-02-24T22:52:46.602+0000] {dag.py:3096} INFO - Sync 3 DAGs
[2026-02-24T22:52:47.616+0000] {logging_mixin.py:188} INFO - [2026-02-24T22:52:47.615+0000] {dag.py:3954} INFO - Setting next_dagrun for data_quality to 2026-02-24 16:00:00+00:00, run_after=2026-02-25 16:00:00+00:00
[2026-02-24T22:52:47.814+0000] {logging_mixin.py:188} INFO - [2026-02-24T22:52:47.813+0000] {dag.py:3954} INFO - Setting next_dagrun for produce_json to 2026-02-24 14:00:00+00:00, run_after=2026-02-25 14:00:00+00:00
[2026-02-24T22:52:47.950+0000] {logging_mixin.py:188} INFO - [2026-02-24T22:52:47.950+0000] {dag.py:3954} INFO - Setting next_dagrun for update_db to 2026-02-24 15:00:00+00:00, run_after=2026-02-25 15:00:00+00:00
[2026-02-24T22:52:48.270+0000] {processor.py:183} INFO - Processing /opt/airflow/dags/main.py took 4.312 seconds
[2026-02-24T22:53:19.549+0000] {processor.py:161} INFO - Started process (PID=62) to work on /opt/airflow/dags/main.py
[2026-02-24T22:53:19.569+0000] {processor.py:830} INFO - Processing file /opt/airflow/dags/main.py for tasks to queue
[2026-02-24T22:53:19.573+0000] {logging_mixin.py:188} INFO - [2026-02-24T22:53:19.572+0000] {dagbag.py:545} INFO - Filling up the DagBag from /opt/airflow/dags/main.py
[2026-02-24T22:53:19.843+0000] {processor.py:840} INFO - DAG(s) 'update_db', 'produce_json', 'data_quality' retrieved from /opt/airflow/dags/main.py
[2026-02-24T22:53:20.124+0000] {logging_mixin.py:188} INFO - [2026-02-24T22:53:20.119+0000] {dag.py:3096} INFO - Sync 3 DAGs
[2026-02-24T22:53:20.508+0000] {logging_mixin.py:188} INFO - [2026-02-24T22:53:20.508+0000] {dag.py:3954} INFO - Setting next_dagrun for data_quality to 2026-02-24 16:00:00+00:00, run_after=2026-02-25 16:00:00+00:00
[2026-02-24T22:53:20.552+0000] {logging_mixin.py:188} INFO - [2026-02-24T22:53:20.551+0000] {dag.py:3954} INFO - Setting next_dagrun for produce_json to 2026-02-24 14:00:00+00:00, run_after=2026-02-25 14:00:00+00:00
[2026-02-24T22:53:20.572+0000] {logging_mixin.py:188} INFO - [2026-02-24T22:53:20.572+0000] {dag.py:3954} INFO - Setting next_dagrun for update_db to 2026-02-24 15:00:00+00:00, run_after=2026-02-25 15:00:00+00:00
[2026-02-24T22:53:20.780+0000] {processor.py:183} INFO - Processing /opt/airflow/dags/main.py took 1.299 seconds
[2026-02-24T22:53:51.654+0000] {processor.py:161} INFO - Started process (PID=70) to work on /opt/airflow/dags/main.py
[2026-02-24T22:53:51.667+0000] {processor.py:830} INFO - Processing file /opt/airflow/dags/main.py for tasks to queue
[2026-02-24T22:53:51.679+0000] {logging_mixin.py:188} INFO - [2026-02-24T22:53:51.678+0000] {dagbag.py:545} INFO - Filling up the DagBag from /opt/airflow/dags/main.py
[2026-02-24T22:53:51.965+0000] {processor.py:840} INFO - DAG(s) 'data_quality', 'produce_json', 'update_db' retrieved from /opt/airflow/dags/main.py
[2026-02-24T22:53:52.116+0000] {logging_mixin.py:188} INFO - [2026-02-24T22:53:52.115+0000] {dag.py:3096} INFO - Sync 3 DAGs
[2026-02-24T22:53:52.317+0000] {logging_mixin.py:188} INFO - [2026-02-24T22:53:52.316+0000] {dag.py:3954} INFO - Setting next_dagrun for data_quality to 2026-02-24 16:00:00+00:00, run_after=2026-02-25 16:00:00+00:00
[2026-02-24T22:53:52.342+0000] {logging_mixin.py:188} INFO - [2026-02-24T22:53:52.341+0000] {dag.py:3954} INFO - Setting next_dagrun for produce_json to 2026-02-24 14:00:00+00:00, run_after=2026-02-25 14:00:00+00:00
[2026-02-24T22:53:52.357+0000] {logging_mixin.py:188} INFO - [2026-02-24T22:53:52.353+0000] {dag.py:3954} INFO - Setting next_dagrun for update_db to 2026-02-24 15:00:00+00:00, run_after=2026-02-25 15:00:00+00:00
[2026-02-24T22:53:52.468+0000] {processor.py:183} INFO - Processing /opt/airflow/dags/main.py took 0.922 seconds
[2026-02-24T22:54:23.136+0000] {processor.py:161} INFO - Started process (PID=77) to work on /opt/airflow/dags/main.py
[2026-02-24T22:54:23.139+0000] {processor.py:830} INFO - Processing file /opt/airflow/dags/main.py for tasks to queue
[2026-02-24T22:54:23.142+0000] {logging_mixin.py:188} INFO - [2026-02-24T22:54:23.141+0000] {dagbag.py:545} INFO - Filling up the DagBag from /opt/airflow/dags/main.py
[2026-02-24T22:54:23.271+0000] {processor.py:840} INFO - DAG(s) 'produce_json', 'data_quality', 'update_db' retrieved from /opt/airflow/dags/main.py
[2026-02-24T22:54:23.425+0000] {logging_mixin.py:188} INFO - [2026-02-24T22:54:23.425+0000] {dag.py:3096} INFO - Sync 3 DAGs
[2026-02-24T22:54:23.474+0000] {logging_mixin.py:188} INFO - [2026-02-24T22:54:23.473+0000] {dag.py:3954} INFO - Setting next_dagrun for data_quality to 2026-02-24 16:00:00+00:00, run_after=2026-02-25 16:00:00+00:00
[2026-02-24T22:54:23.485+0000] {logging_mixin.py:188} INFO - [2026-02-24T22:54:23.484+0000] {dag.py:3954} INFO - Setting next_dagrun for produce_json to 2026-02-24 14:00:00+00:00, run_after=2026-02-25 14:00:00+00:00
[2026-02-24T22:54:23.491+0000] {logging_mixin.py:188} INFO - [2026-02-24T22:54:23.490+0000] {dag.py:3954} INFO - Setting next_dagrun for update_db to 2026-02-24 15:00:00+00:00, run_after=2026-02-25 15:00:00+00:00
[2026-02-24T22:54:23.523+0000] {processor.py:183} INFO - Processing /opt/airflow/dags/main.py took 0.409 seconds
[2026-02-24T22:54:54.456+0000] {processor.py:161} INFO - Started process (PID=84) to work on /opt/airflow/dags/main.py
[2026-02-24T22:54:54.485+0000] {processor.py:830} INFO - Processing file /opt/airflow/dags/main.py for tasks to queue
[2026-02-24T22:54:54.497+0000] {logging_mixin.py:188} INFO - [2026-02-24T22:54:54.488+0000] {dagbag.py:545} INFO - Filling up the DagBag from /opt/airflow/dags/main.py
[2026-02-24T22:54:54.610+0000] {processor.py:840} INFO - DAG(s) 'produce_json', 'update_db', 'data_quality' retrieved from /opt/airflow/dags/main.py
[2026-02-24T22:54:54.689+0000] {logging_mixin.py:188} INFO - [2026-02-24T22:54:54.689+0000] {dag.py:3096} INFO - Sync 3 DAGs
[2026-02-24T22:54:54.736+0000] {logging_mixin.py:188} INFO - [2026-02-24T22:54:54.735+0000] {dag.py:3954} INFO - Setting next_dagrun for data_quality to 2026-02-24 16:00:00+00:00, run_after=2026-02-25 16:00:00+00:00
[2026-02-24T22:54:54.748+0000] {logging_mixin.py:188} INFO - [2026-02-24T22:54:54.747+0000] {dag.py:3954} INFO - Setting next_dagrun for produce_json to 2026-02-24 14:00:00+00:00, run_after=2026-02-25 14:00:00+00:00
[2026-02-24T22:54:54.755+0000] {logging_mixin.py:188} INFO - [2026-02-24T22:54:54.755+0000] {dag.py:3954} INFO - Setting next_dagrun for update_db to 2026-02-24 15:00:00+00:00, run_after=2026-02-25 15:00:00+00:00
[2026-02-24T22:54:54.786+0000] {processor.py:183} INFO - Processing /opt/airflow/dags/main.py took 0.366 seconds
[2026-02-24T22:55:26.126+0000] {processor.py:161} INFO - Started process (PID=91) to work on /opt/airflow/dags/main.py
[2026-02-24T22:55:26.139+0000] {processor.py:830} INFO - Processing file /opt/airflow/dags/main.py for tasks to queue
[2026-02-24T22:55:26.173+0000] {logging_mixin.py:188} INFO - [2026-02-24T22:55:26.173+0000] {dagbag.py:545} INFO - Filling up the DagBag from /opt/airflow/dags/main.py
[2026-02-24T22:55:26.329+0000] {processor.py:840} INFO - DAG(s) 'produce_json', 'data_quality', 'update_db' retrieved from /opt/airflow/dags/main.py
[2026-02-24T22:55:26.738+0000] {logging_mixin.py:188} INFO - [2026-02-24T22:55:26.737+0000] {dag.py:3096} INFO - Sync 3 DAGs
[2026-02-24T22:55:26.831+0000] {logging_mixin.py:188} INFO - [2026-02-24T22:55:26.830+0000] {dag.py:3954} INFO - Setting next_dagrun for data_quality to 2026-02-24 16:00:00+00:00, run_after=2026-02-25 16:00:00+00:00
[2026-02-24T22:55:26.859+0000] {logging_mixin.py:188} INFO - [2026-02-24T22:55:26.859+0000] {dag.py:3954} INFO - Setting next_dagrun for produce_json to 2026-02-24 14:00:00+00:00, run_after=2026-02-25 14:00:00+00:00
[2026-02-24T22:55:26.931+0000] {logging_mixin.py:188} INFO - [2026-02-24T22:55:26.930+0000] {dag.py:3954} INFO - Setting next_dagrun for update_db to 2026-02-24 15:00:00+00:00, run_after=2026-02-25 15:00:00+00:00
[2026-02-24T22:55:27.166+0000] {processor.py:183} INFO - Processing /opt/airflow/dags/main.py took 1.104 seconds
[2026-02-24T22:55:58.018+0000] {processor.py:161} INFO - Started process (PID=98) to work on /opt/airflow/dags/main.py
[2026-02-24T22:55:58.047+0000] {processor.py:830} INFO - Processing file /opt/airflow/dags/main.py for tasks to queue
[2026-02-24T22:55:58.052+0000] {logging_mixin.py:188} INFO - [2026-02-24T22:55:58.051+0000] {dagbag.py:545} INFO - Filling up the DagBag from /opt/airflow/dags/main.py
[2026-02-24T22:55:58.214+0000] {processor.py:840} INFO - DAG(s) 'produce_json', 'data_quality', 'update_db' retrieved from /opt/airflow/dags/main.py
[2026-02-24T22:55:58.320+0000] {logging_mixin.py:188} INFO - [2026-02-24T22:55:58.320+0000] {dag.py:3096} INFO - Sync 3 DAGs
[2026-02-24T22:55:58.416+0000] {logging_mixin.py:188} INFO - [2026-02-24T22:55:58.416+0000] {dag.py:3954} INFO - Setting next_dagrun for data_quality to 2026-02-24 16:00:00+00:00, run_after=2026-02-25 16:00:00+00:00
[2026-02-24T22:55:58.474+0000] {logging_mixin.py:188} INFO - [2026-02-24T22:55:58.473+0000] {dag.py:3954} INFO - Setting next_dagrun for produce_json to 2026-02-24 14:00:00+00:00, run_after=2026-02-25 14:00:00+00:00
[2026-02-24T22:55:58.485+0000] {logging_mixin.py:188} INFO - [2026-02-24T22:55:58.485+0000] {dag.py:3954} INFO - Setting next_dagrun for update_db to 2026-02-24 15:00:00+00:00, run_after=2026-02-25 15:00:00+00:00
[2026-02-24T22:55:58.548+0000] {processor.py:183} INFO - Processing /opt/airflow/dags/main.py took 0.559 seconds
[2026-02-24T22:56:29.370+0000] {processor.py:161} INFO - Started process (PID=105) to work on /opt/airflow/dags/main.py
[2026-02-24T22:56:29.387+0000] {processor.py:830} INFO - Processing file /opt/airflow/dags/main.py for tasks to queue
[2026-02-24T22:56:29.390+0000] {logging_mixin.py:188} INFO - [2026-02-24T22:56:29.390+0000] {dagbag.py:545} INFO - Filling up the DagBag from /opt/airflow/dags/main.py
[2026-02-24T22:56:29.613+0000] {processor.py:840} INFO - DAG(s) 'update_db', 'data_quality', 'produce_json' retrieved from /opt/airflow/dags/main.py
[2026-02-24T22:56:29.911+0000] {logging_mixin.py:188} INFO - [2026-02-24T22:56:29.911+0000] {dag.py:3096} INFO - Sync 3 DAGs
[2026-02-24T22:56:30.138+0000] {logging_mixin.py:188} INFO - [2026-02-24T22:56:30.137+0000] {dag.py:3954} INFO - Setting next_dagrun for data_quality to 2026-02-24 16:00:00+00:00, run_after=2026-02-25 16:00:00+00:00
[2026-02-24T22:56:30.155+0000] {logging_mixin.py:188} INFO - [2026-02-24T22:56:30.154+0000] {dag.py:3954} INFO - Setting next_dagrun for produce_json to 2026-02-24 14:00:00+00:00, run_after=2026-02-25 14:00:00+00:00
[2026-02-24T22:56:30.162+0000] {logging_mixin.py:188} INFO - [2026-02-24T22:56:30.162+0000] {dag.py:3954} INFO - Setting next_dagrun for update_db to 2026-02-24 15:00:00+00:00, run_after=2026-02-25 15:00:00+00:00
[2026-02-24T22:56:30.242+0000] {processor.py:183} INFO - Processing /opt/airflow/dags/main.py took 0.906 seconds
[2026-02-24T22:57:00.463+0000] {processor.py:161} INFO - Started process (PID=112) to work on /opt/airflow/dags/main.py
[2026-02-24T22:57:00.471+0000] {processor.py:830} INFO - Processing file /opt/airflow/dags/main.py for tasks to queue
[2026-02-24T22:57:00.482+0000] {logging_mixin.py:188} INFO - [2026-02-24T22:57:00.480+0000] {dagbag.py:545} INFO - Filling up the DagBag from /opt/airflow/dags/main.py
[2026-02-24T22:57:00.674+0000] {processor.py:840} INFO - DAG(s) 'produce_json', 'data_quality', 'update_db' retrieved from /opt/airflow/dags/main.py
[2026-02-24T22:57:00.753+0000] {logging_mixin.py:188} INFO - [2026-02-24T22:57:00.753+0000] {dag.py:3096} INFO - Sync 3 DAGs
[2026-02-24T22:57:00.793+0000] {logging_mixin.py:188} INFO - [2026-02-24T22:57:00.792+0000] {dag.py:3954} INFO - Setting next_dagrun for data_quality to 2026-02-24 16:00:00+00:00, run_after=2026-02-25 16:00:00+00:00
[2026-02-24T22:57:00.805+0000] {logging_mixin.py:188} INFO - [2026-02-24T22:57:00.805+0000] {dag.py:3954} INFO - Setting next_dagrun for produce_json to 2026-02-24 14:00:00+00:00, run_after=2026-02-25 14:00:00+00:00
[2026-02-24T22:57:00.811+0000] {logging_mixin.py:188} INFO - [2026-02-24T22:57:00.811+0000] {dag.py:3954} INFO - Setting next_dagrun for update_db to 2026-02-24 15:00:00+00:00, run_after=2026-02-25 15:00:00+00:00
[2026-02-24T22:57:00.844+0000] {processor.py:183} INFO - Processing /opt/airflow/dags/main.py took 0.418 seconds
[2026-02-24T22:57:31.140+0000] {processor.py:161} INFO - Started process (PID=118) to work on /opt/airflow/dags/main.py
[2026-02-24T22:57:31.167+0000] {processor.py:830} INFO - Processing file /opt/airflow/dags/main.py for tasks to queue
[2026-02-24T22:57:31.175+0000] {logging_mixin.py:188} INFO - [2026-02-24T22:57:31.174+0000] {dagbag.py:545} INFO - Filling up the DagBag from /opt/airflow/dags/main.py
[2026-02-24T22:57:31.273+0000] {processor.py:840} INFO - DAG(s) 'update_db', 'produce_json', 'data_quality' retrieved from /opt/airflow/dags/main.py
[2026-02-24T22:57:31.449+0000] {logging_mixin.py:188} INFO - [2026-02-24T22:57:31.449+0000] {dag.py:3096} INFO - Sync 3 DAGs
[2026-02-24T22:57:31.494+0000] {logging_mixin.py:188} INFO - [2026-02-24T22:57:31.494+0000] {dag.py:3954} INFO - Setting next_dagrun for data_quality to 2026-02-24 16:00:00+00:00, run_after=2026-02-25 16:00:00+00:00
[2026-02-24T22:57:31.506+0000] {logging_mixin.py:188} INFO - [2026-02-24T22:57:31.505+0000] {dag.py:3954} INFO - Setting next_dagrun for produce_json to 2026-02-24 14:00:00+00:00, run_after=2026-02-25 14:00:00+00:00
[2026-02-24T22:57:31.513+0000] {logging_mixin.py:188} INFO - [2026-02-24T22:57:31.513+0000] {dag.py:3954} INFO - Setting next_dagrun for update_db to 2026-02-24 15:00:00+00:00, run_after=2026-02-25 15:00:00+00:00
[2026-02-24T22:57:31.557+0000] {processor.py:183} INFO - Processing /opt/airflow/dags/main.py took 0.459 seconds
[2026-02-24T22:58:02.444+0000] {processor.py:161} INFO - Started process (PID=125) to work on /opt/airflow/dags/main.py
[2026-02-24T22:58:02.449+0000] {processor.py:830} INFO - Processing file /opt/airflow/dags/main.py for tasks to queue
[2026-02-24T22:58:02.459+0000] {logging_mixin.py:188} INFO - [2026-02-24T22:58:02.458+0000] {dagbag.py:545} INFO - Filling up the DagBag from /opt/airflow/dags/main.py
[2026-02-24T22:58:02.559+0000] {processor.py:840} INFO - DAG(s) 'produce_json', 'update_db', 'data_quality' retrieved from /opt/airflow/dags/main.py
[2026-02-24T22:58:02.636+0000] {logging_mixin.py:188} INFO - [2026-02-24T22:58:02.635+0000] {dag.py:3096} INFO - Sync 3 DAGs
[2026-02-24T22:58:02.681+0000] {logging_mixin.py:188} INFO - [2026-02-24T22:58:02.680+0000] {dag.py:3954} INFO - Setting next_dagrun for data_quality to 2026-02-24 16:00:00+00:00, run_after=2026-02-25 16:00:00+00:00
[2026-02-24T22:58:02.692+0000] {logging_mixin.py:188} INFO - [2026-02-24T22:58:02.691+0000] {dag.py:3954} INFO - Setting next_dagrun for produce_json to 2026-02-24 14:00:00+00:00, run_after=2026-02-25 14:00:00+00:00
[2026-02-24T22:58:02.697+0000] {logging_mixin.py:188} INFO - [2026-02-24T22:58:02.697+0000] {dag.py:3954} INFO - Setting next_dagrun for update_db to 2026-02-24 15:00:00+00:00, run_after=2026-02-25 15:00:00+00:00
[2026-02-24T22:58:02.732+0000] {processor.py:183} INFO - Processing /opt/airflow/dags/main.py took 0.303 seconds
[2026-02-24T22:58:33.138+0000] {processor.py:161} INFO - Started process (PID=131) to work on /opt/airflow/dags/main.py
[2026-02-24T22:58:33.160+0000] {processor.py:830} INFO - Processing file /opt/airflow/dags/main.py for tasks to queue
[2026-02-24T22:58:33.168+0000] {logging_mixin.py:188} INFO - [2026-02-24T22:58:33.168+0000] {dagbag.py:545} INFO - Filling up the DagBag from /opt/airflow/dags/main.py
[2026-02-24T22:58:33.261+0000] {processor.py:840} INFO - DAG(s) 'data_quality', 'produce_json', 'update_db' retrieved from /opt/airflow/dags/main.py
[2026-02-24T22:58:33.331+0000] {logging_mixin.py:188} INFO - [2026-02-24T22:58:33.331+0000] {dag.py:3096} INFO - Sync 3 DAGs
[2026-02-24T22:58:33.386+0000] {logging_mixin.py:188} INFO - [2026-02-24T22:58:33.386+0000] {dag.py:3954} INFO - Setting next_dagrun for data_quality to 2026-02-24 16:00:00+00:00, run_after=2026-02-25 16:00:00+00:00
[2026-02-24T22:58:33.396+0000] {logging_mixin.py:188} INFO - [2026-02-24T22:58:33.396+0000] {dag.py:3954} INFO - Setting next_dagrun for produce_json to 2026-02-24 14:00:00+00:00, run_after=2026-02-25 14:00:00+00:00
[2026-02-24T22:58:33.405+0000] {logging_mixin.py:188} INFO - [2026-02-24T22:58:33.404+0000] {dag.py:3954} INFO - Setting next_dagrun for update_db to 2026-02-24 15:00:00+00:00, run_after=2026-02-25 15:00:00+00:00
[2026-02-24T22:58:33.443+0000] {processor.py:183} INFO - Processing /opt/airflow/dags/main.py took 0.317 seconds
[2026-02-24T22:59:03.798+0000] {processor.py:161} INFO - Started process (PID=138) to work on /opt/airflow/dags/main.py
[2026-02-24T22:59:03.813+0000] {processor.py:830} INFO - Processing file /opt/airflow/dags/main.py for tasks to queue
[2026-02-24T22:59:03.818+0000] {logging_mixin.py:188} INFO - [2026-02-24T22:59:03.817+0000] {dagbag.py:545} INFO - Filling up the DagBag from /opt/airflow/dags/main.py
[2026-02-24T22:59:03.914+0000] {processor.py:840} INFO - DAG(s) 'produce_json', 'data_quality', 'update_db' retrieved from /opt/airflow/dags/main.py
[2026-02-24T22:59:03.979+0000] {logging_mixin.py:188} INFO - [2026-02-24T22:59:03.979+0000] {dag.py:3096} INFO - Sync 3 DAGs
[2026-02-24T22:59:04.027+0000] {logging_mixin.py:188} INFO - [2026-02-24T22:59:04.026+0000] {dag.py:3954} INFO - Setting next_dagrun for data_quality to 2026-02-24 16:00:00+00:00, run_after=2026-02-25 16:00:00+00:00
[2026-02-24T22:59:04.038+0000] {logging_mixin.py:188} INFO - [2026-02-24T22:59:04.038+0000] {dag.py:3954} INFO - Setting next_dagrun for produce_json to 2026-02-24 14:00:00+00:00, run_after=2026-02-25 14:00:00+00:00
[2026-02-24T22:59:04.046+0000] {logging_mixin.py:188} INFO - [2026-02-24T22:59:04.046+0000] {dag.py:3954} INFO - Setting next_dagrun for update_db to 2026-02-24 15:00:00+00:00, run_after=2026-02-25 15:00:00+00:00
[2026-02-24T22:59:04.086+0000] {processor.py:183} INFO - Processing /opt/airflow/dags/main.py took 0.301 seconds
[2026-02-24T22:59:34.619+0000] {processor.py:161} INFO - Started process (PID=145) to work on /opt/airflow/dags/main.py
[2026-02-24T22:59:34.623+0000] {processor.py:830} INFO - Processing file /opt/airflow/dags/main.py for tasks to queue
[2026-02-24T22:59:34.629+0000] {logging_mixin.py:188} INFO - [2026-02-24T22:59:34.627+0000] {dagbag.py:545} INFO - Filling up the DagBag from /opt/airflow/dags/main.py
[2026-02-24T22:59:34.725+0000] {processor.py:840} INFO - DAG(s) 'update_db', 'produce_json', 'data_quality' retrieved from /opt/airflow/dags/main.py
[2026-02-24T22:59:34.800+0000] {logging_mixin.py:188} INFO - [2026-02-24T22:59:34.800+0000] {dag.py:3096} INFO - Sync 3 DAGs
[2026-02-24T22:59:34.839+0000] {logging_mixin.py:188} INFO - [2026-02-24T22:59:34.839+0000] {dag.py:3954} INFO - Setting next_dagrun for data_quality to 2026-02-24 16:00:00+00:00, run_after=2026-02-25 16:00:00+00:00
[2026-02-24T22:59:34.849+0000] {logging_mixin.py:188} INFO - [2026-02-24T22:59:34.848+0000] {dag.py:3954} INFO - Setting next_dagrun for produce_json to 2026-02-24 14:00:00+00:00, run_after=2026-02-25 14:00:00+00:00
[2026-02-24T22:59:34.855+0000] {logging_mixin.py:188} INFO - [2026-02-24T22:59:34.854+0000] {dag.py:3954} INFO - Setting next_dagrun for update_db to 2026-02-24 15:00:00+00:00, run_after=2026-02-25 15:00:00+00:00
[2026-02-24T22:59:34.891+0000] {processor.py:183} INFO - Processing /opt/airflow/dags/main.py took 0.287 seconds
[2026-02-24T23:00:05.139+0000] {processor.py:161} INFO - Started process (PID=151) to work on /opt/airflow/dags/main.py
[2026-02-24T23:00:05.174+0000] {processor.py:830} INFO - Processing file /opt/airflow/dags/main.py for tasks to queue
[2026-02-24T23:00:05.178+0000] {logging_mixin.py:188} INFO - [2026-02-24T23:00:05.178+0000] {dagbag.py:545} INFO - Filling up the DagBag from /opt/airflow/dags/main.py
[2026-02-24T23:00:05.287+0000] {processor.py:840} INFO - DAG(s) 'update_db', 'data_quality', 'produce_json' retrieved from /opt/airflow/dags/main.py
[2026-02-24T23:00:05.827+0000] {logging_mixin.py:188} INFO - [2026-02-24T23:00:05.826+0000] {dag.py:3096} INFO - Sync 3 DAGs
[2026-02-24T23:00:08.062+0000] {logging_mixin.py:188} INFO - [2026-02-24T23:00:08.061+0000] {dag.py:3954} INFO - Setting next_dagrun for data_quality to 2026-02-24 16:00:00+00:00, run_after=2026-02-25 16:00:00+00:00
[2026-02-24T23:00:08.083+0000] {logging_mixin.py:188} INFO - [2026-02-24T23:00:08.083+0000] {dag.py:3954} INFO - Setting next_dagrun for produce_json to 2026-02-24 14:00:00+00:00, run_after=2026-02-25 14:00:00+00:00
[2026-02-24T23:00:08.178+0000] {logging_mixin.py:188} INFO - [2026-02-24T23:00:08.177+0000] {dag.py:3954} INFO - Setting next_dagrun for update_db to 2026-02-24 15:00:00+00:00, run_after=2026-02-25 15:00:00+00:00
[2026-02-24T23:00:08.726+0000] {processor.py:183} INFO - Processing /opt/airflow/dags/main.py took 3.603 seconds
[2026-02-24T23:00:39.116+0000] {processor.py:161} INFO - Started process (PID=158) to work on /opt/airflow/dags/main.py
[2026-02-24T23:00:39.120+0000] {processor.py:830} INFO - Processing file /opt/airflow/dags/main.py for tasks to queue
[2026-02-24T23:00:39.124+0000] {logging_mixin.py:188} INFO - [2026-02-24T23:00:39.123+0000] {dagbag.py:545} INFO - Filling up the DagBag from /opt/airflow/dags/main.py
[2026-02-24T23:00:39.448+0000] {processor.py:840} INFO - DAG(s) 'produce_json', 'update_db', 'data_quality' retrieved from /opt/airflow/dags/main.py
[2026-02-24T23:00:39.652+0000] {logging_mixin.py:188} INFO - [2026-02-24T23:00:39.652+0000] {dag.py:3096} INFO - Sync 3 DAGs
[2026-02-24T23:00:40.270+0000] {logging_mixin.py:188} INFO - [2026-02-24T23:00:40.269+0000] {dag.py:3954} INFO - Setting next_dagrun for data_quality to 2026-02-24 16:00:00+00:00, run_after=2026-02-25 16:00:00+00:00
[2026-02-24T23:00:40.311+0000] {logging_mixin.py:188} INFO - [2026-02-24T23:00:40.310+0000] {dag.py:3954} INFO - Setting next_dagrun for produce_json to 2026-02-24 14:00:00+00:00, run_after=2026-02-25 14:00:00+00:00
[2026-02-24T23:00:40.535+0000] {logging_mixin.py:188} INFO - [2026-02-24T23:00:40.535+0000] {dag.py:3954} INFO - Setting next_dagrun for update_db to 2026-02-24 15:00:00+00:00, run_after=2026-02-25 15:00:00+00:00
[2026-02-24T23:00:40.638+0000] {processor.py:183} INFO - Processing /opt/airflow/dags/main.py took 1.579 seconds
[2026-02-24T23:01:16.194+0000] {processor.py:161} INFO - Started process (PID=166) to work on /opt/airflow/dags/main.py
[2026-02-24T23:01:16.209+0000] {processor.py:830} INFO - Processing file /opt/airflow/dags/main.py for tasks to queue
[2026-02-24T23:01:16.230+0000] {logging_mixin.py:188} INFO - [2026-02-24T23:01:16.230+0000] {dagbag.py:545} INFO - Filling up the DagBag from /opt/airflow/dags/main.py
[2026-02-24T23:01:16.340+0000] {processor.py:840} INFO - DAG(s) 'produce_json', 'data_quality', 'update_db' retrieved from /opt/airflow/dags/main.py
[2026-02-24T23:01:16.928+0000] {logging_mixin.py:188} INFO - [2026-02-24T23:01:16.928+0000] {dag.py:3096} INFO - Sync 3 DAGs
[2026-02-24T23:01:17.323+0000] {logging_mixin.py:188} INFO - [2026-02-24T23:01:17.322+0000] {dag.py:3954} INFO - Setting next_dagrun for data_quality to 2026-02-24 16:00:00+00:00, run_after=2026-02-25 16:00:00+00:00
[2026-02-24T23:01:17.408+0000] {logging_mixin.py:188} INFO - [2026-02-24T23:01:17.408+0000] {dag.py:3954} INFO - Setting next_dagrun for produce_json to 2026-02-24 14:00:00+00:00, run_after=2026-02-25 14:00:00+00:00
[2026-02-24T23:01:17.434+0000] {logging_mixin.py:188} INFO - [2026-02-24T23:01:17.434+0000] {dag.py:3954} INFO - Setting next_dagrun for update_db to 2026-02-24 15:00:00+00:00, run_after=2026-02-25 15:00:00+00:00
[2026-02-24T23:01:17.603+0000] {processor.py:183} INFO - Processing /opt/airflow/dags/main.py took 1.439 seconds
[2026-02-24T23:01:48.338+0000] {processor.py:161} INFO - Started process (PID=173) to work on /opt/airflow/dags/main.py
[2026-02-24T23:01:48.346+0000] {processor.py:830} INFO - Processing file /opt/airflow/dags/main.py for tasks to queue
[2026-02-24T23:01:48.349+0000] {logging_mixin.py:188} INFO - [2026-02-24T23:01:48.349+0000] {dagbag.py:545} INFO - Filling up the DagBag from /opt/airflow/dags/main.py
[2026-02-24T23:01:48.438+0000] {processor.py:840} INFO - DAG(s) 'data_quality', 'produce_json', 'update_db' retrieved from /opt/airflow/dags/main.py
[2026-02-24T23:01:48.530+0000] {logging_mixin.py:188} INFO - [2026-02-24T23:01:48.529+0000] {dag.py:3096} INFO - Sync 3 DAGs
[2026-02-24T23:01:48.589+0000] {logging_mixin.py:188} INFO - [2026-02-24T23:01:48.588+0000] {dag.py:3954} INFO - Setting next_dagrun for data_quality to 2026-02-24 16:00:00+00:00, run_after=2026-02-25 16:00:00+00:00
[2026-02-24T23:01:48.597+0000] {logging_mixin.py:188} INFO - [2026-02-24T23:01:48.597+0000] {dag.py:3954} INFO - Setting next_dagrun for produce_json to 2026-02-24 14:00:00+00:00, run_after=2026-02-25 14:00:00+00:00
[2026-02-24T23:01:48.607+0000] {logging_mixin.py:188} INFO - [2026-02-24T23:01:48.606+0000] {dag.py:3954} INFO - Setting next_dagrun for update_db to 2026-02-24 15:00:00+00:00, run_after=2026-02-25 15:00:00+00:00
[2026-02-24T23:01:48.650+0000] {processor.py:183} INFO - Processing /opt/airflow/dags/main.py took 0.325 seconds
[2026-02-24T23:02:19.079+0000] {processor.py:161} INFO - Started process (PID=180) to work on /opt/airflow/dags/main.py
[2026-02-24T23:02:19.082+0000] {processor.py:830} INFO - Processing file /opt/airflow/dags/main.py for tasks to queue
[2026-02-24T23:02:19.087+0000] {logging_mixin.py:188} INFO - [2026-02-24T23:02:19.086+0000] {dagbag.py:545} INFO - Filling up the DagBag from /opt/airflow/dags/main.py
[2026-02-24T23:02:19.203+0000] {processor.py:840} INFO - DAG(s) 'produce_json', 'update_db', 'data_quality' retrieved from /opt/airflow/dags/main.py
[2026-02-24T23:02:19.329+0000] {logging_mixin.py:188} INFO - [2026-02-24T23:02:19.328+0000] {dag.py:3096} INFO - Sync 3 DAGs
[2026-02-24T23:02:19.420+0000] {logging_mixin.py:188} INFO - [2026-02-24T23:02:19.420+0000] {dag.py:3954} INFO - Setting next_dagrun for data_quality to 2026-02-24 16:00:00+00:00, run_after=2026-02-25 16:00:00+00:00
[2026-02-24T23:02:19.433+0000] {logging_mixin.py:188} INFO - [2026-02-24T23:02:19.432+0000] {dag.py:3954} INFO - Setting next_dagrun for produce_json to 2026-02-24 14:00:00+00:00, run_after=2026-02-25 14:00:00+00:00
[2026-02-24T23:02:19.441+0000] {logging_mixin.py:188} INFO - [2026-02-24T23:02:19.441+0000] {dag.py:3954} INFO - Setting next_dagrun for update_db to 2026-02-24 15:00:00+00:00, run_after=2026-02-25 15:00:00+00:00
[2026-02-24T23:02:19.486+0000] {processor.py:183} INFO - Processing /opt/airflow/dags/main.py took 0.421 seconds
[2026-02-24T23:02:50.107+0000] {processor.py:161} INFO - Started process (PID=187) to work on /opt/airflow/dags/main.py
[2026-02-24T23:02:50.111+0000] {processor.py:830} INFO - Processing file /opt/airflow/dags/main.py for tasks to queue
[2026-02-24T23:02:50.118+0000] {logging_mixin.py:188} INFO - [2026-02-24T23:02:50.118+0000] {dagbag.py:545} INFO - Filling up the DagBag from /opt/airflow/dags/main.py
[2026-02-24T23:02:50.209+0000] {processor.py:840} INFO - DAG(s) 'produce_json', 'data_quality', 'update_db' retrieved from /opt/airflow/dags/main.py
[2026-02-24T23:02:50.324+0000] {logging_mixin.py:188} INFO - [2026-02-24T23:02:50.324+0000] {dag.py:3096} INFO - Sync 3 DAGs
[2026-02-24T23:02:50.375+0000] {logging_mixin.py:188} INFO - [2026-02-24T23:02:50.374+0000] {dag.py:3954} INFO - Setting next_dagrun for data_quality to 2026-02-24 16:00:00+00:00, run_after=2026-02-25 16:00:00+00:00
[2026-02-24T23:02:50.387+0000] {logging_mixin.py:188} INFO - [2026-02-24T23:02:50.387+0000] {dag.py:3954} INFO - Setting next_dagrun for produce_json to 2026-02-24 14:00:00+00:00, run_after=2026-02-25 14:00:00+00:00
[2026-02-24T23:02:50.393+0000] {logging_mixin.py:188} INFO - [2026-02-24T23:02:50.393+0000] {dag.py:3954} INFO - Setting next_dagrun for update_db to 2026-02-24 15:00:00+00:00, run_after=2026-02-25 15:00:00+00:00
[2026-02-24T23:02:50.436+0000] {processor.py:183} INFO - Processing /opt/airflow/dags/main.py took 0.344 seconds
[2026-02-24T23:03:20.868+0000] {processor.py:161} INFO - Started process (PID=194) to work on /opt/airflow/dags/main.py
[2026-02-24T23:03:20.871+0000] {processor.py:830} INFO - Processing file /opt/airflow/dags/main.py for tasks to queue
[2026-02-24T23:03:20.875+0000] {logging_mixin.py:188} INFO - [2026-02-24T23:03:20.875+0000] {dagbag.py:545} INFO - Filling up the DagBag from /opt/airflow/dags/main.py
[2026-02-24T23:03:20.959+0000] {processor.py:840} INFO - DAG(s) 'update_db', 'produce_json', 'data_quality' retrieved from /opt/airflow/dags/main.py
[2026-02-24T23:03:21.035+0000] {logging_mixin.py:188} INFO - [2026-02-24T23:03:21.034+0000] {dag.py:3096} INFO - Sync 3 DAGs
[2026-02-24T23:03:21.077+0000] {logging_mixin.py:188} INFO - [2026-02-24T23:03:21.077+0000] {dag.py:3954} INFO - Setting next_dagrun for data_quality to 2026-02-24 16:00:00+00:00, run_after=2026-02-25 16:00:00+00:00
[2026-02-24T23:03:21.090+0000] {logging_mixin.py:188} INFO - [2026-02-24T23:03:21.089+0000] {dag.py:3954} INFO - Setting next_dagrun for produce_json to 2026-02-24 14:00:00+00:00, run_after=2026-02-25 14:00:00+00:00
[2026-02-24T23:03:21.095+0000] {logging_mixin.py:188} INFO - [2026-02-24T23:03:21.095+0000] {dag.py:3954} INFO - Setting next_dagrun for update_db to 2026-02-24 15:00:00+00:00, run_after=2026-02-25 15:00:00+00:00
[2026-02-24T23:03:21.125+0000] {processor.py:183} INFO - Processing /opt/airflow/dags/main.py took 0.269 seconds
[2026-02-24T23:03:51.630+0000] {processor.py:161} INFO - Started process (PID=201) to work on /opt/airflow/dags/main.py
[2026-02-24T23:03:51.638+0000] {processor.py:830} INFO - Processing file /opt/airflow/dags/main.py for tasks to queue
[2026-02-24T23:03:51.649+0000] {logging_mixin.py:188} INFO - [2026-02-24T23:03:51.649+0000] {dagbag.py:545} INFO - Filling up the DagBag from /opt/airflow/dags/main.py
[2026-02-24T23:03:51.724+0000] {processor.py:840} INFO - DAG(s) 'produce_json', 'update_db', 'data_quality' retrieved from /opt/airflow/dags/main.py
[2026-02-24T23:03:51.822+0000] {logging_mixin.py:188} INFO - [2026-02-24T23:03:51.822+0000] {dag.py:3096} INFO - Sync 3 DAGs
[2026-02-24T23:03:51.865+0000] {logging_mixin.py:188} INFO - [2026-02-24T23:03:51.864+0000] {dag.py:3954} INFO - Setting next_dagrun for data_quality to 2026-02-24 16:00:00+00:00, run_after=2026-02-25 16:00:00+00:00
[2026-02-24T23:03:51.876+0000] {logging_mixin.py:188} INFO - [2026-02-24T23:03:51.876+0000] {dag.py:3954} INFO - Setting next_dagrun for produce_json to 2026-02-24 14:00:00+00:00, run_after=2026-02-25 14:00:00+00:00
[2026-02-24T23:03:51.883+0000] {logging_mixin.py:188} INFO - [2026-02-24T23:03:51.883+0000] {dag.py:3954} INFO - Setting next_dagrun for update_db to 2026-02-24 15:00:00+00:00, run_after=2026-02-25 15:00:00+00:00
[2026-02-24T23:03:51.925+0000] {processor.py:183} INFO - Processing /opt/airflow/dags/main.py took 0.324 seconds
[2026-02-24T23:05:29.664+0000] {processor.py:161} INFO - Started process (PID=207) to work on /opt/airflow/dags/main.py
[2026-02-24T23:05:29.800+0000] {processor.py:830} INFO - Processing file /opt/airflow/dags/main.py for tasks to queue
[2026-02-24T23:05:29.857+0000] {logging_mixin.py:188} INFO - [2026-02-24T23:05:29.856+0000] {dagbag.py:545} INFO - Filling up the DagBag from /opt/airflow/dags/main.py
[2026-02-24T23:05:30.258+0000] {processor.py:840} INFO - DAG(s) 'produce_json', 'update_db', 'data_quality' retrieved from /opt/airflow/dags/main.py
[2026-02-24T23:05:31.271+0000] {logging_mixin.py:188} INFO - [2026-02-24T23:05:31.270+0000] {dag.py:3096} INFO - Sync 3 DAGs
[2026-02-24T23:05:31.735+0000] {logging_mixin.py:188} INFO - [2026-02-24T23:05:31.714+0000] {dag.py:3954} INFO - Setting next_dagrun for data_quality to 2026-02-24 16:00:00+00:00, run_after=2026-02-25 16:00:00+00:00
[2026-02-24T23:05:32.026+0000] {logging_mixin.py:188} INFO - [2026-02-24T23:05:32.024+0000] {dag.py:3954} INFO - Setting next_dagrun for produce_json to 2026-02-24 14:00:00+00:00, run_after=2026-02-25 14:00:00+00:00
[2026-02-24T23:05:32.536+0000] {logging_mixin.py:188} INFO - [2026-02-24T23:05:32.535+0000] {dag.py:3954} INFO - Setting next_dagrun for update_db to 2026-02-24 15:00:00+00:00, run_after=2026-02-25 15:00:00+00:00
[2026-02-24T23:05:34.237+0000] {processor.py:183} INFO - Processing /opt/airflow/dags/main.py took 4.693 seconds
[2026-02-24T23:06:04.805+0000] {processor.py:161} INFO - Started process (PID=220) to work on /opt/airflow/dags/main.py
[2026-02-24T23:06:04.808+0000] {processor.py:830} INFO - Processing file /opt/airflow/dags/main.py for tasks to queue
[2026-02-24T23:06:04.812+0000] {logging_mixin.py:188} INFO - [2026-02-24T23:06:04.812+0000] {dagbag.py:545} INFO - Filling up the DagBag from /opt/airflow/dags/main.py
[2026-02-24T23:06:04.963+0000] {processor.py:840} INFO - DAG(s) 'data_quality', 'update_db', 'produce_json' retrieved from /opt/airflow/dags/main.py
[2026-02-24T23:06:05.057+0000] {logging_mixin.py:188} INFO - [2026-02-24T23:06:05.057+0000] {dag.py:3096} INFO - Sync 3 DAGs
[2026-02-24T23:06:05.111+0000] {logging_mixin.py:188} INFO - [2026-02-24T23:06:05.111+0000] {dag.py:3954} INFO - Setting next_dagrun for data_quality to 2026-02-24 16:00:00+00:00, run_after=2026-02-25 16:00:00+00:00
[2026-02-24T23:06:05.123+0000] {logging_mixin.py:188} INFO - [2026-02-24T23:06:05.123+0000] {dag.py:3954} INFO - Setting next_dagrun for produce_json to 2026-02-24 14:00:00+00:00, run_after=2026-02-25 14:00:00+00:00
[2026-02-24T23:06:05.128+0000] {logging_mixin.py:188} INFO - [2026-02-24T23:06:05.128+0000] {dag.py:3954} INFO - Setting next_dagrun for update_db to 2026-02-24 15:00:00+00:00, run_after=2026-02-25 15:00:00+00:00
[2026-02-24T23:06:05.154+0000] {processor.py:183} INFO - Processing /opt/airflow/dags/main.py took 0.362 seconds
[2026-02-24T23:06:35.704+0000] {processor.py:161} INFO - Started process (PID=227) to work on /opt/airflow/dags/main.py
[2026-02-24T23:06:35.708+0000] {processor.py:830} INFO - Processing file /opt/airflow/dags/main.py for tasks to queue
[2026-02-24T23:06:35.713+0000] {logging_mixin.py:188} INFO - [2026-02-24T23:06:35.712+0000] {dagbag.py:545} INFO - Filling up the DagBag from /opt/airflow/dags/main.py
[2026-02-24T23:06:35.801+0000] {processor.py:840} INFO - DAG(s) 'update_db', 'produce_json', 'data_quality' retrieved from /opt/airflow/dags/main.py
[2026-02-24T23:06:35.923+0000] {logging_mixin.py:188} INFO - [2026-02-24T23:06:35.922+0000] {dag.py:3096} INFO - Sync 3 DAGs
[2026-02-24T23:06:35.979+0000] {logging_mixin.py:188} INFO - [2026-02-24T23:06:35.978+0000] {dag.py:3954} INFO - Setting next_dagrun for data_quality to 2026-02-24 16:00:00+00:00, run_after=2026-02-25 16:00:00+00:00
[2026-02-24T23:06:35.996+0000] {logging_mixin.py:188} INFO - [2026-02-24T23:06:35.996+0000] {dag.py:3954} INFO - Setting next_dagrun for produce_json to 2026-02-24 14:00:00+00:00, run_after=2026-02-25 14:00:00+00:00
[2026-02-24T23:06:36.004+0000] {logging_mixin.py:188} INFO - [2026-02-24T23:06:36.004+0000] {dag.py:3954} INFO - Setting next_dagrun for update_db to 2026-02-24 15:00:00+00:00, run_after=2026-02-25 15:00:00+00:00
[2026-02-24T23:06:36.031+0000] {processor.py:183} INFO - Processing /opt/airflow/dags/main.py took 0.339 seconds
[2026-02-24T23:07:06.083+0000] {processor.py:161} INFO - Started process (PID=234) to work on /opt/airflow/dags/main.py
[2026-02-24T23:07:06.085+0000] {processor.py:830} INFO - Processing file /opt/airflow/dags/main.py for tasks to queue
[2026-02-24T23:07:06.089+0000] {logging_mixin.py:188} INFO - [2026-02-24T23:07:06.088+0000] {dagbag.py:545} INFO - Filling up the DagBag from /opt/airflow/dags/main.py
[2026-02-24T23:07:06.162+0000] {processor.py:840} INFO - DAG(s) 'produce_json', 'data_quality', 'update_db' retrieved from /opt/airflow/dags/main.py
[2026-02-24T23:07:06.252+0000] {logging_mixin.py:188} INFO - [2026-02-24T23:07:06.250+0000] {dag.py:3096} INFO - Sync 3 DAGs
[2026-02-24T23:07:06.298+0000] {logging_mixin.py:188} INFO - [2026-02-24T23:07:06.298+0000] {dag.py:3954} INFO - Setting next_dagrun for data_quality to 2026-02-24 16:00:00+00:00, run_after=2026-02-25 16:00:00+00:00
[2026-02-24T23:07:06.309+0000] {logging_mixin.py:188} INFO - [2026-02-24T23:07:06.309+0000] {dag.py:3954} INFO - Setting next_dagrun for produce_json to 2026-02-24 14:00:00+00:00, run_after=2026-02-25 14:00:00+00:00
[2026-02-24T23:07:06.318+0000] {logging_mixin.py:188} INFO - [2026-02-24T23:07:06.317+0000] {dag.py:3954} INFO - Setting next_dagrun for update_db to 2026-02-24 15:00:00+00:00, run_after=2026-02-25 15:00:00+00:00
[2026-02-24T23:07:06.363+0000] {processor.py:183} INFO - Processing /opt/airflow/dags/main.py took 0.290 seconds
[2026-02-24T23:07:36.693+0000] {processor.py:161} INFO - Started process (PID=235) to work on /opt/airflow/dags/main.py
[2026-02-24T23:07:36.698+0000] {processor.py:830} INFO - Processing file /opt/airflow/dags/main.py for tasks to queue
[2026-02-24T23:07:36.712+0000] {logging_mixin.py:188} INFO - [2026-02-24T23:07:36.706+0000] {dagbag.py:545} INFO - Filling up the DagBag from /opt/airflow/dags/main.py
[2026-02-24T23:07:37.014+0000] {processor.py:840} INFO - DAG(s) 'produce_json', 'update_db', 'data_quality' retrieved from /opt/airflow/dags/main.py
[2026-02-24T23:07:37.164+0000] {logging_mixin.py:188} INFO - [2026-02-24T23:07:37.163+0000] {dag.py:3096} INFO - Sync 3 DAGs
[2026-02-24T23:07:37.224+0000] {logging_mixin.py:188} INFO - [2026-02-24T23:07:37.224+0000] {dag.py:3954} INFO - Setting next_dagrun for data_quality to 2026-02-24 16:00:00+00:00, run_after=2026-02-25 16:00:00+00:00
[2026-02-24T23:07:37.232+0000] {logging_mixin.py:188} INFO - [2026-02-24T23:07:37.232+0000] {dag.py:3954} INFO - Setting next_dagrun for produce_json to 2026-02-24 14:00:00+00:00, run_after=2026-02-25 14:00:00+00:00
[2026-02-24T23:07:37.237+0000] {logging_mixin.py:188} INFO - [2026-02-24T23:07:37.237+0000] {dag.py:3954} INFO - Setting next_dagrun for update_db to 2026-02-24 15:00:00+00:00, run_after=2026-02-25 15:00:00+00:00
[2026-02-24T23:07:37.263+0000] {processor.py:183} INFO - Processing /opt/airflow/dags/main.py took 0.607 seconds
[2026-02-24T23:08:07.692+0000] {processor.py:161} INFO - Started process (PID=249) to work on /opt/airflow/dags/main.py
[2026-02-24T23:08:07.695+0000] {processor.py:830} INFO - Processing file /opt/airflow/dags/main.py for tasks to queue
[2026-02-24T23:08:07.700+0000] {logging_mixin.py:188} INFO - [2026-02-24T23:08:07.700+0000] {dagbag.py:545} INFO - Filling up the DagBag from /opt/airflow/dags/main.py
[2026-02-24T23:08:07.809+0000] {processor.py:840} INFO - DAG(s) 'data_quality', 'produce_json', 'update_db' retrieved from /opt/airflow/dags/main.py
[2026-02-24T23:08:07.888+0000] {logging_mixin.py:188} INFO - [2026-02-24T23:08:07.888+0000] {dag.py:3096} INFO - Sync 3 DAGs
[2026-02-24T23:08:07.933+0000] {logging_mixin.py:188} INFO - [2026-02-24T23:08:07.932+0000] {dag.py:3954} INFO - Setting next_dagrun for data_quality to 2026-02-24 16:00:00+00:00, run_after=2026-02-25 16:00:00+00:00
[2026-02-24T23:08:07.943+0000] {logging_mixin.py:188} INFO - [2026-02-24T23:08:07.943+0000] {dag.py:3954} INFO - Setting next_dagrun for produce_json to 2026-02-24 14:00:00+00:00, run_after=2026-02-25 14:00:00+00:00
[2026-02-24T23:08:07.955+0000] {logging_mixin.py:188} INFO - [2026-02-24T23:08:07.955+0000] {dag.py:3954} INFO - Setting next_dagrun for update_db to 2026-02-24 15:00:00+00:00, run_after=2026-02-25 15:00:00+00:00
[2026-02-24T23:08:07.994+0000] {processor.py:183} INFO - Processing /opt/airflow/dags/main.py took 0.315 seconds
[2026-02-24T23:08:38.618+0000] {processor.py:161} INFO - Started process (PID=256) to work on /opt/airflow/dags/main.py
[2026-02-24T23:08:38.621+0000] {processor.py:830} INFO - Processing file /opt/airflow/dags/main.py for tasks to queue
[2026-02-24T23:08:38.625+0000] {logging_mixin.py:188} INFO - [2026-02-24T23:08:38.624+0000] {dagbag.py:545} INFO - Filling up the DagBag from /opt/airflow/dags/main.py
[2026-02-24T23:08:38.701+0000] {processor.py:840} INFO - DAG(s) 'data_quality', 'produce_json', 'update_db' retrieved from /opt/airflow/dags/main.py
[2026-02-24T23:08:38.782+0000] {logging_mixin.py:188} INFO - [2026-02-24T23:08:38.781+0000] {dag.py:3096} INFO - Sync 3 DAGs
[2026-02-24T23:08:38.851+0000] {logging_mixin.py:188} INFO - [2026-02-24T23:08:38.849+0000] {dag.py:3954} INFO - Setting next_dagrun for data_quality to 2026-02-24 16:00:00+00:00, run_after=2026-02-25 16:00:00+00:00
[2026-02-24T23:08:38.872+0000] {logging_mixin.py:188} INFO - [2026-02-24T23:08:38.871+0000] {dag.py:3954} INFO - Setting next_dagrun for produce_json to 2026-02-24 14:00:00+00:00, run_after=2026-02-25 14:00:00+00:00
[2026-02-24T23:08:38.891+0000] {logging_mixin.py:188} INFO - [2026-02-24T23:08:38.891+0000] {dag.py:3954} INFO - Setting next_dagrun for update_db to 2026-02-24 15:00:00+00:00, run_after=2026-02-25 15:00:00+00:00
[2026-02-24T23:08:38.934+0000] {processor.py:183} INFO - Processing /opt/airflow/dags/main.py took 0.328 seconds
[2026-02-24T23:09:09.308+0000] {processor.py:161} INFO - Started process (PID=263) to work on /opt/airflow/dags/main.py
[2026-02-24T23:09:09.313+0000] {processor.py:830} INFO - Processing file /opt/airflow/dags/main.py for tasks to queue
[2026-02-24T23:09:09.318+0000] {logging_mixin.py:188} INFO - [2026-02-24T23:09:09.317+0000] {dagbag.py:545} INFO - Filling up the DagBag from /opt/airflow/dags/main.py
[2026-02-24T23:09:09.424+0000] {processor.py:840} INFO - DAG(s) 'update_db', 'data_quality', 'produce_json' retrieved from /opt/airflow/dags/main.py
[2026-02-24T23:09:09.515+0000] {logging_mixin.py:188} INFO - [2026-02-24T23:09:09.514+0000] {dag.py:3096} INFO - Sync 3 DAGs
[2026-02-24T23:09:09.592+0000] {logging_mixin.py:188} INFO - [2026-02-24T23:09:09.591+0000] {dag.py:3954} INFO - Setting next_dagrun for data_quality to 2026-02-24 16:00:00+00:00, run_after=2026-02-25 16:00:00+00:00
[2026-02-24T23:09:09.607+0000] {logging_mixin.py:188} INFO - [2026-02-24T23:09:09.607+0000] {dag.py:3954} INFO - Setting next_dagrun for produce_json to 2026-02-24 14:00:00+00:00, run_after=2026-02-25 14:00:00+00:00
[2026-02-24T23:09:09.617+0000] {logging_mixin.py:188} INFO - [2026-02-24T23:09:09.617+0000] {dag.py:3954} INFO - Setting next_dagrun for update_db to 2026-02-24 15:00:00+00:00, run_after=2026-02-25 15:00:00+00:00
[2026-02-24T23:09:09.887+0000] {processor.py:183} INFO - Processing /opt/airflow/dags/main.py took 0.592 seconds
[2026-02-24T23:09:40.821+0000] {processor.py:161} INFO - Started process (PID=270) to work on /opt/airflow/dags/main.py
[2026-02-24T23:09:40.824+0000] {processor.py:830} INFO - Processing file /opt/airflow/dags/main.py for tasks to queue
[2026-02-24T23:09:40.828+0000] {logging_mixin.py:188} INFO - [2026-02-24T23:09:40.827+0000] {dagbag.py:545} INFO - Filling up the DagBag from /opt/airflow/dags/main.py
[2026-02-24T23:09:40.899+0000] {processor.py:840} INFO - DAG(s) 'update_db', 'data_quality', 'produce_json' retrieved from /opt/airflow/dags/main.py
[2026-02-24T23:09:41.084+0000] {logging_mixin.py:188} INFO - [2026-02-24T23:09:41.084+0000] {dag.py:3096} INFO - Sync 3 DAGs
[2026-02-24T23:09:41.256+0000] {logging_mixin.py:188} INFO - [2026-02-24T23:09:41.255+0000] {dag.py:3954} INFO - Setting next_dagrun for data_quality to 2026-02-24 16:00:00+00:00, run_after=2026-02-25 16:00:00+00:00
[2026-02-24T23:09:41.272+0000] {logging_mixin.py:188} INFO - [2026-02-24T23:09:41.272+0000] {dag.py:3954} INFO - Setting next_dagrun for produce_json to 2026-02-24 14:00:00+00:00, run_after=2026-02-25 14:00:00+00:00
[2026-02-24T23:09:41.278+0000] {logging_mixin.py:188} INFO - [2026-02-24T23:09:41.278+0000] {dag.py:3954} INFO - Setting next_dagrun for update_db to 2026-02-24 15:00:00+00:00, run_after=2026-02-25 15:00:00+00:00
[2026-02-24T23:09:41.318+0000] {processor.py:183} INFO - Processing /opt/airflow/dags/main.py took 0.508 seconds
[2026-02-24T23:10:11.557+0000] {processor.py:161} INFO - Started process (PID=276) to work on /opt/airflow/dags/main.py
[2026-02-24T23:10:11.560+0000] {processor.py:830} INFO - Processing file /opt/airflow/dags/main.py for tasks to queue
[2026-02-24T23:10:11.564+0000] {logging_mixin.py:188} INFO - [2026-02-24T23:10:11.563+0000] {dagbag.py:545} INFO - Filling up the DagBag from /opt/airflow/dags/main.py
[2026-02-24T23:10:11.634+0000] {processor.py:840} INFO - DAG(s) 'data_quality', 'update_db', 'produce_json' retrieved from /opt/airflow/dags/main.py
[2026-02-24T23:10:11.691+0000] {logging_mixin.py:188} INFO - [2026-02-24T23:10:11.690+0000] {dag.py:3096} INFO - Sync 3 DAGs
[2026-02-24T23:10:11.734+0000] {logging_mixin.py:188} INFO - [2026-02-24T23:10:11.734+0000] {dag.py:3954} INFO - Setting next_dagrun for data_quality to 2026-02-24 16:00:00+00:00, run_after=2026-02-25 16:00:00+00:00
[2026-02-24T23:10:11.747+0000] {logging_mixin.py:188} INFO - [2026-02-24T23:10:11.746+0000] {dag.py:3954} INFO - Setting next_dagrun for produce_json to 2026-02-24 14:00:00+00:00, run_after=2026-02-25 14:00:00+00:00
[2026-02-24T23:10:11.753+0000] {logging_mixin.py:188} INFO - [2026-02-24T23:10:11.752+0000] {dag.py:3954} INFO - Setting next_dagrun for update_db to 2026-02-24 15:00:00+00:00, run_after=2026-02-25 15:00:00+00:00
[2026-02-24T23:10:11.795+0000] {processor.py:183} INFO - Processing /opt/airflow/dags/main.py took 0.255 seconds
[2026-02-24T23:10:41.870+0000] {processor.py:161} INFO - Started process (PID=284) to work on /opt/airflow/dags/main.py
[2026-02-24T23:10:41.872+0000] {processor.py:830} INFO - Processing file /opt/airflow/dags/main.py for tasks to queue
[2026-02-24T23:10:41.882+0000] {logging_mixin.py:188} INFO - [2026-02-24T23:10:41.881+0000] {dagbag.py:545} INFO - Filling up the DagBag from /opt/airflow/dags/main.py
[2026-02-24T23:10:42.002+0000] {processor.py:840} INFO - DAG(s) 'produce_json', 'update_db', 'data_quality' retrieved from /opt/airflow/dags/main.py
[2026-02-24T23:10:42.080+0000] {logging_mixin.py:188} INFO - [2026-02-24T23:10:42.079+0000] {dag.py:3096} INFO - Sync 3 DAGs
[2026-02-24T23:10:42.131+0000] {logging_mixin.py:188} INFO - [2026-02-24T23:10:42.130+0000] {dag.py:3954} INFO - Setting next_dagrun for data_quality to 2026-02-24 16:00:00+00:00, run_after=2026-02-25 16:00:00+00:00
[2026-02-24T23:10:42.152+0000] {logging_mixin.py:188} INFO - [2026-02-24T23:10:42.152+0000] {dag.py:3954} INFO - Setting next_dagrun for produce_json to 2026-02-24 14:00:00+00:00, run_after=2026-02-25 14:00:00+00:00
[2026-02-24T23:10:42.162+0000] {logging_mixin.py:188} INFO - [2026-02-24T23:10:42.162+0000] {dag.py:3954} INFO - Setting next_dagrun for update_db to 2026-02-24 15:00:00+00:00, run_after=2026-02-25 15:00:00+00:00
[2026-02-24T23:10:42.208+0000] {processor.py:183} INFO - Processing /opt/airflow/dags/main.py took 0.356 seconds
[2026-02-24T23:11:12.515+0000] {processor.py:161} INFO - Started process (PID=291) to work on /opt/airflow/dags/main.py
[2026-02-24T23:11:12.517+0000] {processor.py:830} INFO - Processing file /opt/airflow/dags/main.py for tasks to queue
[2026-02-24T23:11:12.521+0000] {logging_mixin.py:188} INFO - [2026-02-24T23:11:12.520+0000] {dagbag.py:545} INFO - Filling up the DagBag from /opt/airflow/dags/main.py
[2026-02-24T23:11:12.613+0000] {processor.py:840} INFO - DAG(s) 'update_db', 'data_quality', 'produce_json' retrieved from /opt/airflow/dags/main.py
[2026-02-24T23:11:12.674+0000] {logging_mixin.py:188} INFO - [2026-02-24T23:11:12.674+0000] {dag.py:3096} INFO - Sync 3 DAGs
[2026-02-24T23:11:12.715+0000] {logging_mixin.py:188} INFO - [2026-02-24T23:11:12.715+0000] {dag.py:3954} INFO - Setting next_dagrun for data_quality to 2026-02-24 16:00:00+00:00, run_after=2026-02-25 16:00:00+00:00
[2026-02-24T23:11:12.726+0000] {logging_mixin.py:188} INFO - [2026-02-24T23:11:12.726+0000] {dag.py:3954} INFO - Setting next_dagrun for produce_json to 2026-02-24 14:00:00+00:00, run_after=2026-02-25 14:00:00+00:00
[2026-02-24T23:11:12.733+0000] {logging_mixin.py:188} INFO - [2026-02-24T23:11:12.733+0000] {dag.py:3954} INFO - Setting next_dagrun for update_db to 2026-02-24 15:00:00+00:00, run_after=2026-02-25 15:00:00+00:00
[2026-02-24T23:11:12.808+0000] {processor.py:183} INFO - Processing /opt/airflow/dags/main.py took 0.306 seconds
[2026-02-24T23:11:43.830+0000] {processor.py:161} INFO - Started process (PID=299) to work on /opt/airflow/dags/main.py
[2026-02-24T23:11:43.835+0000] {processor.py:830} INFO - Processing file /opt/airflow/dags/main.py for tasks to queue
[2026-02-24T23:11:43.839+0000] {logging_mixin.py:188} INFO - [2026-02-24T23:11:43.838+0000] {dagbag.py:545} INFO - Filling up the DagBag from /opt/airflow/dags/main.py
[2026-02-24T23:11:43.912+0000] {processor.py:840} INFO - DAG(s) 'update_db', 'produce_json', 'data_quality' retrieved from /opt/airflow/dags/main.py
[2026-02-24T23:11:43.990+0000] {logging_mixin.py:188} INFO - [2026-02-24T23:11:43.989+0000] {dag.py:3096} INFO - Sync 3 DAGs
[2026-02-24T23:11:44.031+0000] {logging_mixin.py:188} INFO - [2026-02-24T23:11:44.031+0000] {dag.py:3954} INFO - Setting next_dagrun for data_quality to 2026-02-24 16:00:00+00:00, run_after=2026-02-25 16:00:00+00:00
[2026-02-24T23:11:44.041+0000] {logging_mixin.py:188} INFO - [2026-02-24T23:11:44.040+0000] {dag.py:3954} INFO - Setting next_dagrun for produce_json to 2026-02-24 14:00:00+00:00, run_after=2026-02-25 14:00:00+00:00
[2026-02-24T23:11:44.048+0000] {logging_mixin.py:188} INFO - [2026-02-24T23:11:44.048+0000] {dag.py:3954} INFO - Setting next_dagrun for update_db to 2026-02-24 15:00:00+00:00, run_after=2026-02-25 15:00:00+00:00
[2026-02-24T23:11:44.101+0000] {processor.py:183} INFO - Processing /opt/airflow/dags/main.py took 0.281 seconds
[2026-02-24T23:12:14.147+0000] {processor.py:161} INFO - Started process (PID=306) to work on /opt/airflow/dags/main.py
[2026-02-24T23:12:14.151+0000] {processor.py:830} INFO - Processing file /opt/airflow/dags/main.py for tasks to queue
[2026-02-24T23:12:14.155+0000] {logging_mixin.py:188} INFO - [2026-02-24T23:12:14.155+0000] {dagbag.py:545} INFO - Filling up the DagBag from /opt/airflow/dags/main.py
[2026-02-24T23:12:14.228+0000] {processor.py:840} INFO - DAG(s) 'produce_json', 'update_db', 'data_quality' retrieved from /opt/airflow/dags/main.py
[2026-02-24T23:12:14.375+0000] {logging_mixin.py:188} INFO - [2026-02-24T23:12:14.375+0000] {dag.py:3096} INFO - Sync 3 DAGs
[2026-02-24T23:12:14.457+0000] {logging_mixin.py:188} INFO - [2026-02-24T23:12:14.456+0000] {dag.py:3954} INFO - Setting next_dagrun for data_quality to 2026-02-24 16:00:00+00:00, run_after=2026-02-25 16:00:00+00:00
[2026-02-24T23:12:14.472+0000] {logging_mixin.py:188} INFO - [2026-02-24T23:12:14.471+0000] {dag.py:3954} INFO - Setting next_dagrun for produce_json to 2026-02-24 14:00:00+00:00, run_after=2026-02-25 14:00:00+00:00
[2026-02-24T23:12:14.479+0000] {logging_mixin.py:188} INFO - [2026-02-24T23:12:14.479+0000] {dag.py:3954} INFO - Setting next_dagrun for update_db to 2026-02-24 15:00:00+00:00, run_after=2026-02-25 15:00:00+00:00
[2026-02-24T23:12:14.527+0000] {processor.py:183} INFO - Processing /opt/airflow/dags/main.py took 0.395 seconds
[2026-02-24T23:12:44.794+0000] {processor.py:161} INFO - Started process (PID=313) to work on /opt/airflow/dags/main.py
[2026-02-24T23:12:44.797+0000] {processor.py:830} INFO - Processing file /opt/airflow/dags/main.py for tasks to queue
[2026-02-24T23:12:44.801+0000] {logging_mixin.py:188} INFO - [2026-02-24T23:12:44.800+0000] {dagbag.py:545} INFO - Filling up the DagBag from /opt/airflow/dags/main.py
[2026-02-24T23:12:44.869+0000] {processor.py:840} INFO - DAG(s) 'data_quality', 'produce_json', 'update_db' retrieved from /opt/airflow/dags/main.py
[2026-02-24T23:12:44.997+0000] {logging_mixin.py:188} INFO - [2026-02-24T23:12:44.996+0000] {dag.py:3096} INFO - Sync 3 DAGs
[2026-02-24T23:12:45.088+0000] {logging_mixin.py:188} INFO - [2026-02-24T23:12:45.088+0000] {dag.py:3954} INFO - Setting next_dagrun for data_quality to 2026-02-24 16:00:00+00:00, run_after=2026-02-25 16:00:00+00:00
[2026-02-24T23:12:45.102+0000] {logging_mixin.py:188} INFO - [2026-02-24T23:12:45.101+0000] {dag.py:3954} INFO - Setting next_dagrun for produce_json to 2026-02-24 14:00:00+00:00, run_after=2026-02-25 14:00:00+00:00
[2026-02-24T23:12:45.111+0000] {logging_mixin.py:188} INFO - [2026-02-24T23:12:45.111+0000] {dag.py:3954} INFO - Setting next_dagrun for update_db to 2026-02-24 15:00:00+00:00, run_after=2026-02-25 15:00:00+00:00
[2026-02-24T23:12:45.147+0000] {processor.py:183} INFO - Processing /opt/airflow/dags/main.py took 0.364 seconds
[2026-02-24T23:28:01.314+0000] {processor.py:161} INFO - Started process (PID=314) to work on /opt/airflow/dags/main.py
[2026-02-24T23:28:01.328+0000] {processor.py:830} INFO - Processing file /opt/airflow/dags/main.py for tasks to queue
[2026-02-24T23:28:01.334+0000] {logging_mixin.py:188} INFO - [2026-02-24T23:28:01.334+0000] {dagbag.py:545} INFO - Filling up the DagBag from /opt/airflow/dags/main.py
[2026-02-24T23:28:04.650+0000] {processor.py:840} INFO - DAG(s) 'produce_json', 'update_db', 'data_quality' retrieved from /opt/airflow/dags/main.py
[2026-02-24T23:28:05.559+0000] {logging_mixin.py:188} INFO - [2026-02-24T23:28:05.508+0000] {dag.py:3096} INFO - Sync 3 DAGs
[2026-02-24T23:28:05.970+0000] {logging_mixin.py:188} INFO - [2026-02-24T23:28:05.969+0000] {dag.py:3954} INFO - Setting next_dagrun for data_quality to 2026-02-24 16:00:00+00:00, run_after=2026-02-25 16:00:00+00:00
[2026-02-24T23:28:06.125+0000] {logging_mixin.py:188} INFO - [2026-02-24T23:28:06.085+0000] {dag.py:3954} INFO - Setting next_dagrun for produce_json to 2026-02-24 14:00:00+00:00, run_after=2026-02-25 14:00:00+00:00
[2026-02-24T23:28:06.185+0000] {logging_mixin.py:188} INFO - [2026-02-24T23:28:06.184+0000] {dag.py:3954} INFO - Setting next_dagrun for update_db to 2026-02-24 15:00:00+00:00, run_after=2026-02-25 15:00:00+00:00
[2026-02-24T23:28:07.407+0000] {processor.py:183} INFO - Processing /opt/airflow/dags/main.py took 6.258 seconds
[2026-02-24T23:41:16.890+0000] {processor.py:161} INFO - Started process (PID=321) to work on /opt/airflow/dags/main.py
[2026-02-24T23:41:16.893+0000] {processor.py:830} INFO - Processing file /opt/airflow/dags/main.py for tasks to queue
[2026-02-24T23:41:16.895+0000] {logging_mixin.py:188} INFO - [2026-02-24T23:41:16.895+0000] {dagbag.py:545} INFO - Filling up the DagBag from /opt/airflow/dags/main.py
[2026-02-24T23:41:17.077+0000] {processor.py:840} INFO - DAG(s) 'produce_json', 'update_db', 'data_quality' retrieved from /opt/airflow/dags/main.py
[2026-02-24T23:41:17.202+0000] {logging_mixin.py:188} INFO - [2026-02-24T23:41:17.201+0000] {dag.py:3096} INFO - Sync 3 DAGs
[2026-02-24T23:41:17.262+0000] {logging_mixin.py:188} INFO - [2026-02-24T23:41:17.262+0000] {dag.py:3954} INFO - Setting next_dagrun for data_quality to 2026-02-24 16:00:00+00:00, run_after=2026-02-25 16:00:00+00:00
[2026-02-24T23:41:17.280+0000] {logging_mixin.py:188} INFO - [2026-02-24T23:41:17.279+0000] {dag.py:3954} INFO - Setting next_dagrun for produce_json to 2026-02-24 14:00:00+00:00, run_after=2026-02-25 14:00:00+00:00
[2026-02-24T23:41:17.302+0000] {logging_mixin.py:188} INFO - [2026-02-24T23:41:17.296+0000] {dag.py:3954} INFO - Setting next_dagrun for update_db to 2026-02-24 15:00:00+00:00, run_after=2026-02-25 15:00:00+00:00
[2026-02-24T23:41:17.402+0000] {processor.py:183} INFO - Processing /opt/airflow/dags/main.py took 0.537 seconds
[2026-02-24T23:41:47.615+0000] {processor.py:161} INFO - Started process (PID=328) to work on /opt/airflow/dags/main.py
[2026-02-24T23:41:47.618+0000] {processor.py:830} INFO - Processing file /opt/airflow/dags/main.py for tasks to queue
[2026-02-24T23:41:47.623+0000] {logging_mixin.py:188} INFO - [2026-02-24T23:41:47.623+0000] {dagbag.py:545} INFO - Filling up the DagBag from /opt/airflow/dags/main.py
[2026-02-24T23:41:47.688+0000] {processor.py:840} INFO - DAG(s) 'produce_json', 'data_quality', 'update_db' retrieved from /opt/airflow/dags/main.py
[2026-02-24T23:41:47.802+0000] {logging_mixin.py:188} INFO - [2026-02-24T23:41:47.802+0000] {dag.py:3096} INFO - Sync 3 DAGs
[2026-02-24T23:41:47.934+0000] {logging_mixin.py:188} INFO - [2026-02-24T23:41:47.934+0000] {dag.py:3954} INFO - Setting next_dagrun for data_quality to 2026-02-24 16:00:00+00:00, run_after=2026-02-25 16:00:00+00:00
[2026-02-24T23:41:47.952+0000] {logging_mixin.py:188} INFO - [2026-02-24T23:41:47.952+0000] {dag.py:3954} INFO - Setting next_dagrun for produce_json to 2026-02-24 14:00:00+00:00, run_after=2026-02-25 14:00:00+00:00
[2026-02-24T23:41:47.968+0000] {logging_mixin.py:188} INFO - [2026-02-24T23:41:47.968+0000] {dag.py:3954} INFO - Setting next_dagrun for update_db to 2026-02-24 15:00:00+00:00, run_after=2026-02-25 15:00:00+00:00
[2026-02-24T23:41:48.044+0000] {processor.py:183} INFO - Processing /opt/airflow/dags/main.py took 0.458 seconds
