[2026-02-15T18:45:58.319+0000] {local_task_job_runner.py:120} INFO - ::group::Pre task execution logs
[2026-02-15T18:45:58.359+0000] {taskinstance.py:2076} INFO - Dependencies all met for dep_context=non-requeueable deps ti=<TaskInstance: update_db.staging_table manual__2026-02-15T18:45:57.104010+00:00 [queued]>
[2026-02-15T18:45:58.375+0000] {taskinstance.py:2076} INFO - Dependencies all met for dep_context=requeueable deps ti=<TaskInstance: update_db.staging_table manual__2026-02-15T18:45:57.104010+00:00 [queued]>
[2026-02-15T18:45:58.376+0000] {taskinstance.py:2306} INFO - Starting attempt 1 of 1
[2026-02-15T18:45:58.400+0000] {taskinstance.py:2330} INFO - Executing <Task(_PythonDecoratedOperator): staging_table> on 2026-02-15 18:45:57.104010+00:00
[2026-02-15T18:45:58.408+0000] {standard_task_runner.py:63} INFO - Started process 4265 to run task
[2026-02-15T18:45:58.418+0000] {standard_task_runner.py:90} INFO - Running: ['airflow', 'tasks', 'run', 'update_db', 'staging_table', 'manual__2026-02-15T18:45:57.104010+00:00', '--job-id', '85', '--raw', '--subdir', 'DAGS_FOLDER/main.py', '--cfg-path', '/tmp/tmp57hczqt_']
[2026-02-15T18:45:58.421+0000] {standard_task_runner.py:91} INFO - Job 85: Subtask staging_table
[2026-02-15T18:45:58.528+0000] {task_command.py:426} INFO - Running <TaskInstance: update_db.staging_table manual__2026-02-15T18:45:57.104010+00:00 [running]> on host a9a9531a1f20
[2026-02-15T18:45:58.716+0000] {taskinstance.py:2648} INFO - Exporting env vars: AIRFLOW_CTX_DAG_EMAIL='data@engineers.com' AIRFLOW_CTX_DAG_OWNER='dataengineers' AIRFLOW_CTX_DAG_ID='update_db' AIRFLOW_CTX_TASK_ID='staging_table' AIRFLOW_CTX_EXECUTION_DATE='2026-02-15T18:45:57.104010+00:00' AIRFLOW_CTX_TRY_NUMBER='1' AIRFLOW_CTX_DAG_RUN_ID='manual__2026-02-15T18:45:57.104010+00:00'
[2026-02-15T18:45:58.717+0000] {taskinstance.py:430} INFO - ::endgroup::
[2026-02-15T18:45:58.731+0000] {base.py:84} INFO - Using connection ID 'postgres_db_yt_elt' for task execution.
[2026-02-15T18:45:58.741+0000] {data_loading.py:12} INFO - Processing file: YT_data_2026-02-15
[2026-02-15T18:45:58.744+0000] {base.py:84} INFO - Using connection ID 'postgres_db_yt_elt' for task execution.
[2026-02-15T18:45:58.759+0000] {base.py:84} INFO - Using connection ID 'postgres_db_yt_elt' for task execution.
[2026-02-15T18:45:58.782+0000] {data_modification.py:78} INFO - Updated row with Video_ID: XbaZ45LVzzM
[2026-02-15T18:45:58.787+0000] {data_modification.py:78} INFO - Updated row with Video_ID: gar4U3n-ILY
[2026-02-15T18:45:58.791+0000] {data_modification.py:78} INFO - Updated row with Video_ID: 9WEQts7b8Pw
[2026-02-15T18:45:58.796+0000] {data_modification.py:78} INFO - Updated row with Video_ID: _sBRk9ADpK8
[2026-02-15T18:45:58.800+0000] {data_modification.py:78} INFO - Updated row with Video_ID: kNLr-cduzuo
[2026-02-15T18:45:58.805+0000] {data_modification.py:78} INFO - Updated row with Video_ID: pAnGwRiQ4-4
[2026-02-15T18:45:58.809+0000] {data_modification.py:78} INFO - Updated row with Video_ID: wSh8fAFWEWs
[2026-02-15T18:45:58.813+0000] {data_modification.py:78} INFO - Updated row with Video_ID: 3GNyw4uaAqU
[2026-02-15T18:45:58.821+0000] {data_modification.py:78} INFO - Updated row with Video_ID: ywIcdSNJolo
[2026-02-15T18:45:58.824+0000] {data_modification.py:78} INFO - Updated row with Video_ID: QJI0an6irrA
[2026-02-15T18:45:58.828+0000] {data_modification.py:78} INFO - Updated row with Video_ID: mktYW177p6U
[2026-02-15T18:45:58.831+0000] {data_modification.py:78} INFO - Updated row with Video_ID: 7aE4EhHXzlA
[2026-02-15T18:45:58.835+0000] {data_modification.py:78} INFO - Updated row with Video_ID: IJkB-oapuks
[2026-02-15T18:45:58.839+0000] {data_modification.py:78} INFO - Updated row with Video_ID: ZFoNBxpXen4
[2026-02-15T18:45:58.845+0000] {data_modification.py:78} INFO - Updated row with Video_ID: RB71Z-vVvCc
[2026-02-15T18:45:58.850+0000] {data_modification.py:78} INFO - Updated row with Video_ID: fO5FwBcCJBY
[2026-02-15T18:45:58.856+0000] {data_modification.py:78} INFO - Updated row with Video_ID: U-x6KxH1kB4
[2026-02-15T18:45:58.861+0000] {data_modification.py:78} INFO - Updated row with Video_ID: 8bMh8azh3CY
[2026-02-15T18:45:58.865+0000] {data_modification.py:78} INFO - Updated row with Video_ID: SE9xF1l3ZwE
[2026-02-15T18:45:58.869+0000] {data_modification.py:78} INFO - Updated row with Video_ID: rF00lQ_upzg
[2026-02-15T18:45:58.873+0000] {data_modification.py:78} INFO - Updated row with Video_ID: uZY9xr-QAk0
[2026-02-15T18:45:58.877+0000] {data_modification.py:78} INFO - Updated row with Video_ID: AWBsoArakNY
[2026-02-15T18:45:58.881+0000] {data_modification.py:78} INFO - Updated row with Video_ID: Ah_uuTwGOYU
[2026-02-15T18:45:58.885+0000] {data_modification.py:78} INFO - Updated row with Video_ID: HISfrcjiNPM
[2026-02-15T18:45:58.889+0000] {data_modification.py:78} INFO - Updated row with Video_ID: WROMyJAJmp4
[2026-02-15T18:45:58.893+0000] {data_modification.py:78} INFO - Updated row with Video_ID: tAwzBYE18Us
[2026-02-15T18:45:58.897+0000] {data_modification.py:78} INFO - Updated row with Video_ID: LyFMbY-c_Lc
[2026-02-15T18:45:58.901+0000] {data_modification.py:78} INFO - Updated row with Video_ID: 3RmOvxilbPM
[2026-02-15T18:45:58.905+0000] {data_modification.py:78} INFO - Updated row with Video_ID: R7MkZL5i3FQ
[2026-02-15T18:45:58.909+0000] {data_modification.py:78} INFO - Updated row with Video_ID: 26QQE7EsnLA
[2026-02-15T18:45:58.913+0000] {data_modification.py:78} INFO - Updated row with Video_ID: PryTbmudhS8
[2026-02-15T18:45:58.919+0000] {data_modification.py:78} INFO - Updated row with Video_ID: Oo9EbArcQ1c
[2026-02-15T18:45:58.925+0000] {data_modification.py:78} INFO - Updated row with Video_ID: yWEUL3crU_E
[2026-02-15T18:45:58.932+0000] {data_modification.py:78} INFO - Updated row with Video_ID: JgJrQnDIRgg
[2026-02-15T18:45:58.938+0000] {data_modification.py:78} INFO - Updated row with Video_ID: gtkqnhN0VkU
[2026-02-15T18:45:58.945+0000] {data_modification.py:78} INFO - Updated row with Video_ID: oBXSvS2QKxU
[2026-02-15T18:45:58.951+0000] {data_modification.py:78} INFO - Updated row with Video_ID: UTdcX1e0cMA
[2026-02-15T18:45:58.956+0000] {data_modification.py:78} INFO - Updated row with Video_ID: oiZvK6MY7tI
[2026-02-15T18:45:58.960+0000] {data_modification.py:78} INFO - Updated row with Video_ID: F0OkwXKcPSE
[2026-02-15T18:45:58.965+0000] {data_modification.py:78} INFO - Updated row with Video_ID: 686PL7rt654
[2026-02-15T18:45:58.972+0000] {data_modification.py:78} INFO - Updated row with Video_ID: zo7i8VTpfNM
[2026-02-15T18:45:58.978+0000] {data_modification.py:78} INFO - Updated row with Video_ID: NfhuGUyWYfQ
[2026-02-15T18:45:58.982+0000] {data_modification.py:78} INFO - Updated row with Video_ID: wIpWCJKfRXs
[2026-02-15T18:45:58.988+0000] {data_modification.py:78} INFO - Updated row with Video_ID: 9Xeepzg1B8I
[2026-02-15T18:45:58.993+0000] {data_modification.py:78} INFO - Updated row with Video_ID: 50G0kIty7Cg
[2026-02-15T18:45:59.000+0000] {data_modification.py:78} INFO - Updated row with Video_ID: 4l97aNza_Zc
[2026-02-15T18:45:59.009+0000] {data_modification.py:78} INFO - Updated row with Video_ID: 3ih2bPKSWsQ
[2026-02-15T18:45:59.015+0000] {data_modification.py:78} INFO - Updated row with Video_ID: uA9Zcg3vHvo
[2026-02-15T18:45:59.021+0000] {data_modification.py:78} INFO - Updated row with Video_ID: _AbFXuGDRTs
[2026-02-15T18:45:59.027+0000] {data_modification.py:78} INFO - Updated row with Video_ID: MOGW3v3pJ5Y
[2026-02-15T18:45:59.028+0000] {dwh.py:38} INFO - staging table update completed
[2026-02-15T18:45:59.029+0000] {python.py:237} INFO - Done. Returned value was: None
[2026-02-15T18:45:59.032+0000] {taskinstance.py:441} INFO - ::group::Post task execution logs
[2026-02-15T18:45:59.051+0000] {taskinstance.py:1206} INFO - Marking task as SUCCESS. dag_id=update_db, task_id=staging_table, run_id=manual__2026-02-15T18:45:57.104010+00:00, execution_date=20260215T184557, start_date=20260215T184558, end_date=20260215T184559
[2026-02-15T18:45:59.113+0000] {local_task_job_runner.py:240} INFO - Task exited with return code 0
[2026-02-15T18:45:59.144+0000] {taskinstance.py:3503} INFO - 1 downstream tasks scheduled from follow-on schedule check
[2026-02-15T18:45:59.148+0000] {local_task_job_runner.py:222} INFO - ::endgroup::
