[2026-02-15T18:33:09.754+0000] {local_task_job_runner.py:120} INFO - ::group::Pre task execution logs
[2026-02-15T18:33:09.806+0000] {taskinstance.py:2076} INFO - Dependencies all met for dep_context=non-requeueable deps ti=<TaskInstance: update_db.staging_table manual__2026-02-15T18:33:08.095168+00:00 [queued]>
[2026-02-15T18:33:09.831+0000] {taskinstance.py:2076} INFO - Dependencies all met for dep_context=requeueable deps ti=<TaskInstance: update_db.staging_table manual__2026-02-15T18:33:08.095168+00:00 [queued]>
[2026-02-15T18:33:09.832+0000] {taskinstance.py:2306} INFO - Starting attempt 1 of 1
[2026-02-15T18:33:09.863+0000] {taskinstance.py:2330} INFO - Executing <Task(_PythonDecoratedOperator): staging_table> on 2026-02-15 18:33:08.095168+00:00
[2026-02-15T18:33:09.874+0000] {standard_task_runner.py:63} INFO - Started process 4099 to run task
[2026-02-15T18:33:09.882+0000] {standard_task_runner.py:90} INFO - Running: ['airflow', 'tasks', 'run', 'update_db', 'staging_table', 'manual__2026-02-15T18:33:08.095168+00:00', '--job-id', '79', '--raw', '--subdir', 'DAGS_FOLDER/main.py', '--cfg-path', '/tmp/tmp6aqrrg0a']
[2026-02-15T18:33:09.883+0000] {standard_task_runner.py:91} INFO - Job 79: Subtask staging_table
[2026-02-15T18:33:09.999+0000] {task_command.py:426} INFO - Running <TaskInstance: update_db.staging_table manual__2026-02-15T18:33:08.095168+00:00 [running]> on host a9a9531a1f20
[2026-02-15T18:33:10.163+0000] {taskinstance.py:2648} INFO - Exporting env vars: AIRFLOW_CTX_DAG_EMAIL='data@engineers.com' AIRFLOW_CTX_DAG_OWNER='dataengineers' AIRFLOW_CTX_DAG_ID='update_db' AIRFLOW_CTX_TASK_ID='staging_table' AIRFLOW_CTX_EXECUTION_DATE='2026-02-15T18:33:08.095168+00:00' AIRFLOW_CTX_TRY_NUMBER='1' AIRFLOW_CTX_DAG_RUN_ID='manual__2026-02-15T18:33:08.095168+00:00'
[2026-02-15T18:33:10.164+0000] {taskinstance.py:430} INFO - ::endgroup::
[2026-02-15T18:33:10.178+0000] {base.py:84} INFO - Using connection ID 'postgres_db_yt_elt' for task execution.
[2026-02-15T18:33:10.186+0000] {data_loading.py:12} INFO - Processing file: YT_data_2026-02-15
[2026-02-15T18:33:10.189+0000] {base.py:84} INFO - Using connection ID 'postgres_db_yt_elt' for task execution.
[2026-02-15T18:33:10.213+0000] {base.py:84} INFO - Using connection ID 'postgres_db_yt_elt' for task execution.
[2026-02-15T18:33:10.243+0000] {data_modification.py:62} INFO - Updated row with Video_ID: XbaZ45LVzzM
[2026-02-15T18:33:10.247+0000] {data_modification.py:62} INFO - Updated row with Video_ID: gar4U3n-ILY
[2026-02-15T18:33:10.252+0000] {data_modification.py:62} INFO - Updated row with Video_ID: 9WEQts7b8Pw
[2026-02-15T18:33:10.256+0000] {data_modification.py:62} INFO - Updated row with Video_ID: _sBRk9ADpK8
[2026-02-15T18:33:10.260+0000] {data_modification.py:62} INFO - Updated row with Video_ID: kNLr-cduzuo
[2026-02-15T18:33:10.267+0000] {data_modification.py:62} INFO - Updated row with Video_ID: pAnGwRiQ4-4
[2026-02-15T18:33:10.272+0000] {data_modification.py:62} INFO - Updated row with Video_ID: wSh8fAFWEWs
[2026-02-15T18:33:10.278+0000] {data_modification.py:62} INFO - Updated row with Video_ID: 3GNyw4uaAqU
[2026-02-15T18:33:10.284+0000] {data_modification.py:62} INFO - Updated row with Video_ID: ywIcdSNJolo
[2026-02-15T18:33:10.290+0000] {data_modification.py:62} INFO - Updated row with Video_ID: QJI0an6irrA
[2026-02-15T18:33:10.300+0000] {data_modification.py:62} INFO - Updated row with Video_ID: mktYW177p6U
[2026-02-15T18:33:10.306+0000] {data_modification.py:62} INFO - Updated row with Video_ID: 7aE4EhHXzlA
[2026-02-15T18:33:10.312+0000] {data_modification.py:62} INFO - Updated row with Video_ID: IJkB-oapuks
[2026-02-15T18:33:10.316+0000] {data_modification.py:62} INFO - Updated row with Video_ID: ZFoNBxpXen4
[2026-02-15T18:33:10.323+0000] {data_modification.py:62} INFO - Updated row with Video_ID: RB71Z-vVvCc
[2026-02-15T18:33:10.329+0000] {data_modification.py:62} INFO - Updated row with Video_ID: fO5FwBcCJBY
[2026-02-15T18:33:10.335+0000] {data_modification.py:62} INFO - Updated row with Video_ID: U-x6KxH1kB4
[2026-02-15T18:33:10.341+0000] {data_modification.py:62} INFO - Updated row with Video_ID: 8bMh8azh3CY
[2026-02-15T18:33:10.345+0000] {data_modification.py:62} INFO - Updated row with Video_ID: SE9xF1l3ZwE
[2026-02-15T18:33:10.351+0000] {data_modification.py:62} INFO - Updated row with Video_ID: rF00lQ_upzg
[2026-02-15T18:33:10.356+0000] {data_modification.py:62} INFO - Updated row with Video_ID: uZY9xr-QAk0
[2026-02-15T18:33:10.362+0000] {data_modification.py:62} INFO - Updated row with Video_ID: AWBsoArakNY
[2026-02-15T18:33:10.366+0000] {data_modification.py:62} INFO - Updated row with Video_ID: Ah_uuTwGOYU
[2026-02-15T18:33:10.371+0000] {data_modification.py:62} INFO - Updated row with Video_ID: HISfrcjiNPM
[2026-02-15T18:33:10.377+0000] {data_modification.py:62} INFO - Updated row with Video_ID: WROMyJAJmp4
[2026-02-15T18:33:10.383+0000] {data_modification.py:62} INFO - Updated row with Video_ID: tAwzBYE18Us
[2026-02-15T18:33:10.387+0000] {data_modification.py:62} INFO - Updated row with Video_ID: LyFMbY-c_Lc
[2026-02-15T18:33:10.392+0000] {data_modification.py:62} INFO - Updated row with Video_ID: 3RmOvxilbPM
[2026-02-15T18:33:10.396+0000] {data_modification.py:62} INFO - Updated row with Video_ID: R7MkZL5i3FQ
[2026-02-15T18:33:10.399+0000] {data_modification.py:62} INFO - Updated row with Video_ID: 26QQE7EsnLA
[2026-02-15T18:33:10.404+0000] {data_modification.py:62} INFO - Updated row with Video_ID: PryTbmudhS8
[2026-02-15T18:33:10.408+0000] {data_modification.py:62} INFO - Updated row with Video_ID: Oo9EbArcQ1c
[2026-02-15T18:33:10.414+0000] {data_modification.py:62} INFO - Updated row with Video_ID: yWEUL3crU_E
[2026-02-15T18:33:10.421+0000] {data_modification.py:62} INFO - Updated row with Video_ID: JgJrQnDIRgg
[2026-02-15T18:33:10.427+0000] {data_modification.py:62} INFO - Updated row with Video_ID: gtkqnhN0VkU
[2026-02-15T18:33:10.434+0000] {data_modification.py:62} INFO - Updated row with Video_ID: oBXSvS2QKxU
[2026-02-15T18:33:10.441+0000] {data_modification.py:62} INFO - Updated row with Video_ID: UTdcX1e0cMA
[2026-02-15T18:33:10.447+0000] {data_modification.py:62} INFO - Updated row with Video_ID: oiZvK6MY7tI
[2026-02-15T18:33:10.453+0000] {data_modification.py:62} INFO - Updated row with Video_ID: F0OkwXKcPSE
[2026-02-15T18:33:10.459+0000] {data_modification.py:62} INFO - Updated row with Video_ID: 686PL7rt654
[2026-02-15T18:33:10.463+0000] {data_modification.py:62} INFO - Updated row with Video_ID: zo7i8VTpfNM
[2026-02-15T18:33:10.467+0000] {data_modification.py:62} INFO - Updated row with Video_ID: NfhuGUyWYfQ
[2026-02-15T18:33:10.472+0000] {data_modification.py:62} INFO - Updated row with Video_ID: wIpWCJKfRXs
[2026-02-15T18:33:10.477+0000] {data_modification.py:62} INFO - Updated row with Video_ID: 9Xeepzg1B8I
[2026-02-15T18:33:10.483+0000] {data_modification.py:62} INFO - Updated row with Video_ID: 50G0kIty7Cg
[2026-02-15T18:33:10.489+0000] {data_modification.py:62} INFO - Updated row with Video_ID: 4l97aNza_Zc
[2026-02-15T18:33:10.495+0000] {data_modification.py:62} INFO - Updated row with Video_ID: 3ih2bPKSWsQ
[2026-02-15T18:33:10.499+0000] {data_modification.py:62} INFO - Updated row with Video_ID: uA9Zcg3vHvo
[2026-02-15T18:33:10.503+0000] {data_modification.py:62} INFO - Updated row with Video_ID: _AbFXuGDRTs
[2026-02-15T18:33:10.507+0000] {data_modification.py:62} INFO - Updated row with Video_ID: MOGW3v3pJ5Y
[2026-02-15T18:33:10.508+0000] {dwh.py:38} INFO - staging table update completed
[2026-02-15T18:33:10.509+0000] {python.py:237} INFO - Done. Returned value was: None
[2026-02-15T18:33:10.511+0000] {taskinstance.py:441} INFO - ::group::Post task execution logs
[2026-02-15T18:33:10.529+0000] {taskinstance.py:1206} INFO - Marking task as SUCCESS. dag_id=update_db, task_id=staging_table, run_id=manual__2026-02-15T18:33:08.095168+00:00, execution_date=20260215T183308, start_date=20260215T183309, end_date=20260215T183310
[2026-02-15T18:33:10.566+0000] {local_task_job_runner.py:240} INFO - Task exited with return code 0
[2026-02-15T18:33:10.617+0000] {taskinstance.py:3503} INFO - 1 downstream tasks scheduled from follow-on schedule check
[2026-02-15T18:33:10.628+0000] {local_task_job_runner.py:222} INFO - ::endgroup::
