[2026-02-15T18:24:35.222+0000] {local_task_job_runner.py:120} INFO - ::group::Pre task execution logs
[2026-02-15T18:24:35.264+0000] {taskinstance.py:2076} INFO - Dependencies all met for dep_context=non-requeueable deps ti=<TaskInstance: update_db.core_table manual__2026-02-15T18:24:31.159849+00:00 [queued]>
[2026-02-15T18:24:35.283+0000] {taskinstance.py:2076} INFO - Dependencies all met for dep_context=requeueable deps ti=<TaskInstance: update_db.core_table manual__2026-02-15T18:24:31.159849+00:00 [queued]>
[2026-02-15T18:24:35.284+0000] {taskinstance.py:2306} INFO - Starting attempt 1 of 1
[2026-02-15T18:24:35.307+0000] {taskinstance.py:2330} INFO - Executing <Task(_PythonDecoratedOperator): core_table> on 2026-02-15 18:24:31.159849+00:00
[2026-02-15T18:24:35.316+0000] {standard_task_runner.py:63} INFO - Started process 3987 to run task
[2026-02-15T18:24:35.325+0000] {standard_task_runner.py:90} INFO - Running: ['airflow', 'tasks', 'run', 'update_db', 'core_table', 'manual__2026-02-15T18:24:31.159849+00:00', '--job-id', '76', '--raw', '--subdir', 'DAGS_FOLDER/main.py', '--cfg-path', '/tmp/tmpgfyn_tvl']
[2026-02-15T18:24:35.330+0000] {standard_task_runner.py:91} INFO - Job 76: Subtask core_table
[2026-02-15T18:24:35.444+0000] {task_command.py:426} INFO - Running <TaskInstance: update_db.core_table manual__2026-02-15T18:24:31.159849+00:00 [running]> on host a9a9531a1f20
[2026-02-15T18:24:35.596+0000] {taskinstance.py:2648} INFO - Exporting env vars: AIRFLOW_CTX_DAG_EMAIL='data@engineers.com' AIRFLOW_CTX_DAG_OWNER='dataengineers' AIRFLOW_CTX_DAG_ID='update_db' AIRFLOW_CTX_TASK_ID='core_table' AIRFLOW_CTX_EXECUTION_DATE='2026-02-15T18:24:31.159849+00:00' AIRFLOW_CTX_TRY_NUMBER='1' AIRFLOW_CTX_DAG_RUN_ID='manual__2026-02-15T18:24:31.159849+00:00'
[2026-02-15T18:24:35.598+0000] {taskinstance.py:430} INFO - ::endgroup::
[2026-02-15T18:24:35.609+0000] {base.py:84} INFO - Using connection ID 'postgres_db_yt_elt' for task execution.
[2026-02-15T18:24:35.628+0000] {base.py:84} INFO - Using connection ID 'postgres_db_yt_elt' for task execution.
[2026-02-15T18:24:35.639+0000] {base.py:84} INFO - Using connection ID 'postgres_db_yt_elt' for task execution.
[2026-02-15T18:24:35.664+0000] {dwh.py:85} ERROR - An error occured during the update of core table: name 'components' is not defined
[2026-02-15T18:24:35.665+0000] {taskinstance.py:441} INFO - ::group::Post task execution logs
[2026-02-15T18:24:35.665+0000] {taskinstance.py:2905} ERROR - Task failed with exception
Traceback (most recent call last):
  File "/home/airflow/.local/lib/python3.10/site-packages/airflow/models/taskinstance.py", line 465, in _execute_task
    result = _execute_callable(context=context, **execute_callable_kwargs)
  File "/home/airflow/.local/lib/python3.10/site-packages/airflow/models/taskinstance.py", line 432, in _execute_callable
    return execute_callable(context=context, **execute_callable_kwargs)
  File "/home/airflow/.local/lib/python3.10/site-packages/airflow/models/baseoperator.py", line 401, in wrapper
    return func(self, *args, **kwargs)
  File "/home/airflow/.local/lib/python3.10/site-packages/airflow/decorators/base.py", line 265, in execute
    return_value = super().execute(context)
  File "/home/airflow/.local/lib/python3.10/site-packages/airflow/models/baseoperator.py", line 401, in wrapper
    return func(self, *args, **kwargs)
  File "/home/airflow/.local/lib/python3.10/site-packages/airflow/operators/python.py", line 235, in execute
    return_value = self.execute_callable()
  File "/home/airflow/.local/lib/python3.10/site-packages/airflow/operators/python.py", line 252, in execute_callable
    return self.python_callable(*self.op_args, **self.op_kwargs)
  File "/opt/airflow/dags/datawarehouse/dwh.py", line 86, in core_table
    raise e
  File "/opt/airflow/dags/datawarehouse/dwh.py", line 67, in core_table
    transformed_row = transform_data(row)
  File "/opt/airflow/dags/datawarehouse/data_transformation.py", line 20, in transform_data
    duration_td = parse_duration(row["Duration"])
  File "/opt/airflow/dags/datawarehouse/data_transformation.py", line 8, in parse_duration
    for component in components:
NameError: name 'components' is not defined
[2026-02-15T18:24:35.689+0000] {taskinstance.py:1206} INFO - Marking task as FAILED. dag_id=update_db, task_id=core_table, run_id=manual__2026-02-15T18:24:31.159849+00:00, execution_date=20260215T182431, start_date=20260215T182435, end_date=20260215T182435
[2026-02-15T18:24:35.708+0000] {standard_task_runner.py:110} ERROR - Failed to execute job 76 for task core_table (name 'components' is not defined; 3987)
[2026-02-15T18:24:35.755+0000] {local_task_job_runner.py:240} INFO - Task exited with return code 1
[2026-02-15T18:24:35.792+0000] {taskinstance.py:3503} INFO - 0 downstream tasks scheduled from follow-on schedule check
[2026-02-15T18:24:35.798+0000] {local_task_job_runner.py:222} INFO - ::endgroup::
