[2026-03-03T00:24:08.343+0000] {local_task_job_runner.py:120} INFO - ::group::Pre task execution logs
[2026-03-03T00:24:08.401+0000] {taskinstance.py:2076} INFO - Dependencies all met for dep_context=non-requeueable deps ti=<TaskInstance: update_db.core_table manual__2026-03-03T00:23:48.864386+00:00 [queued]>
[2026-03-03T00:24:08.427+0000] {taskinstance.py:2076} INFO - Dependencies all met for dep_context=requeueable deps ti=<TaskInstance: update_db.core_table manual__2026-03-03T00:23:48.864386+00:00 [queued]>
[2026-03-03T00:24:08.428+0000] {taskinstance.py:2306} INFO - Starting attempt 1 of 1
[2026-03-03T00:24:08.457+0000] {taskinstance.py:2330} INFO - Executing <Task(_PythonDecoratedOperator): core_table> on 2026-03-03 00:23:48.864386+00:00
[2026-03-03T00:24:08.470+0000] {standard_task_runner.py:63} INFO - Started process 1753 to run task
[2026-03-03T00:24:08.476+0000] {standard_task_runner.py:90} INFO - Running: ['airflow', 'tasks', 'run', 'update_db', 'core_table', 'manual__2026-03-03T00:23:48.864386+00:00', '--job-id', '193', '--raw', '--subdir', 'DAGS_FOLDER/main.py', '--cfg-path', '/tmp/tmpge_rx9fp']
[2026-03-03T00:24:08.478+0000] {standard_task_runner.py:91} INFO - Job 193: Subtask core_table
[2026-03-03T00:24:08.605+0000] {task_command.py:426} INFO - Running <TaskInstance: update_db.core_table manual__2026-03-03T00:23:48.864386+00:00 [running]> on host 30532672bc03
[2026-03-03T00:24:08.807+0000] {taskinstance.py:2648} INFO - Exporting env vars: AIRFLOW_CTX_DAG_EMAIL='data@engineers.com' AIRFLOW_CTX_DAG_OWNER='dataengineers' AIRFLOW_CTX_DAG_ID='update_db' AIRFLOW_CTX_TASK_ID='core_table' AIRFLOW_CTX_EXECUTION_DATE='2026-03-03T00:23:48.864386+00:00' AIRFLOW_CTX_TRY_NUMBER='1' AIRFLOW_CTX_DAG_RUN_ID='manual__2026-03-03T00:23:48.864386+00:00'
[2026-03-03T00:24:08.809+0000] {taskinstance.py:430} INFO - ::endgroup::
[2026-03-03T00:24:08.824+0000] {base.py:84} INFO - Using connection ID 'postgres_db_yt_elt' for task execution.
[2026-03-03T00:24:08.838+0000] {base.py:84} INFO - Using connection ID 'postgres_db_yt_elt' for task execution.
[2026-03-03T00:24:08.856+0000] {base.py:84} INFO - Using connection ID 'postgres_db_yt_elt' for task execution.
[2026-03-03T00:24:08.882+0000] {data_modification.py:63} INFO - Updated row with Video_ID: tAwzBYE18Us
[2026-03-03T00:24:08.889+0000] {data_modification.py:63} INFO - Updated row with Video_ID: c9VS_cgInT4
[2026-03-03T00:24:08.895+0000] {data_modification.py:63} INFO - Updated row with Video_ID: KaUuPNYHFNg
[2026-03-03T00:24:08.904+0000] {data_modification.py:63} INFO - Updated row with Video_ID: LyFMbY-c_Lc
[2026-03-03T00:24:08.916+0000] {data_modification.py:63} INFO - Updated row with Video_ID: 3RmOvxilbPM
[2026-03-03T00:24:08.936+0000] {data_modification.py:63} INFO - Updated row with Video_ID: R7MkZL5i3FQ
[2026-03-03T00:24:08.941+0000] {data_modification.py:63} INFO - Updated row with Video_ID: 26QQE7EsnLA
[2026-03-03T00:24:08.945+0000] {data_modification.py:63} INFO - Updated row with Video_ID: PryTbmudhS8
[2026-03-03T00:24:08.957+0000] {data_modification.py:63} INFO - Updated row with Video_ID: Oo9EbArcQ1c
[2026-03-03T00:24:08.965+0000] {data_modification.py:63} INFO - Updated row with Video_ID: yWEUL3crU_E
[2026-03-03T00:24:08.973+0000] {data_modification.py:63} INFO - Updated row with Video_ID: 5OLs1GWB4OA
[2026-03-03T00:24:08.984+0000] {data_modification.py:63} INFO - Updated row with Video_ID: hjkbqeWQAM8
[2026-03-03T00:24:08.990+0000] {data_modification.py:63} INFO - Updated row with Video_ID: XbaZ45LVzzM
[2026-03-03T00:24:08.997+0000] {data_modification.py:63} INFO - Updated row with Video_ID: gar4U3n-ILY
[2026-03-03T00:24:09.004+0000] {data_modification.py:63} INFO - Updated row with Video_ID: 9WEQts7b8Pw
[2026-03-03T00:24:09.011+0000] {data_modification.py:63} INFO - Updated row with Video_ID: _sBRk9ADpK8
[2026-03-03T00:24:09.019+0000] {data_modification.py:63} INFO - Updated row with Video_ID: kNLr-cduzuo
[2026-03-03T00:24:09.023+0000] {data_modification.py:63} INFO - Updated row with Video_ID: pAnGwRiQ4-4
[2026-03-03T00:24:09.028+0000] {data_modification.py:63} INFO - Updated row with Video_ID: wSh8fAFWEWs
[2026-03-03T00:24:09.035+0000] {data_modification.py:63} INFO - Updated row with Video_ID: 3GNyw4uaAqU
[2026-03-03T00:24:09.041+0000] {data_modification.py:63} INFO - Updated row with Video_ID: ywIcdSNJolo
[2026-03-03T00:24:09.046+0000] {data_modification.py:63} INFO - Updated row with Video_ID: QJI0an6irrA
[2026-03-03T00:24:09.054+0000] {data_modification.py:63} INFO - Updated row with Video_ID: mktYW177p6U
[2026-03-03T00:24:09.059+0000] {data_modification.py:63} INFO - Updated row with Video_ID: 7aE4EhHXzlA
[2026-03-03T00:24:09.067+0000] {data_modification.py:63} INFO - Updated row with Video_ID: IJkB-oapuks
[2026-03-03T00:24:09.072+0000] {data_modification.py:63} INFO - Updated row with Video_ID: ZFoNBxpXen4
[2026-03-03T00:24:09.077+0000] {data_modification.py:63} INFO - Updated row with Video_ID: RB71Z-vVvCc
[2026-03-03T00:24:09.085+0000] {data_modification.py:63} INFO - Updated row with Video_ID: fO5FwBcCJBY
[2026-03-03T00:24:09.105+0000] {data_modification.py:63} INFO - Updated row with Video_ID: U-x6KxH1kB4
[2026-03-03T00:24:09.124+0000] {data_modification.py:63} INFO - Updated row with Video_ID: 8bMh8azh3CY
[2026-03-03T00:24:09.144+0000] {data_modification.py:63} INFO - Updated row with Video_ID: SE9xF1l3ZwE
[2026-03-03T00:24:09.162+0000] {data_modification.py:63} INFO - Updated row with Video_ID: rF00lQ_upzg
[2026-03-03T00:24:09.177+0000] {data_modification.py:63} INFO - Updated row with Video_ID: uZY9xr-QAk0
[2026-03-03T00:24:09.192+0000] {data_modification.py:63} INFO - Updated row with Video_ID: AWBsoArakNY
[2026-03-03T00:24:09.214+0000] {data_modification.py:63} INFO - Updated row with Video_ID: Ah_uuTwGOYU
[2026-03-03T00:24:09.231+0000] {data_modification.py:63} INFO - Updated row with Video_ID: HISfrcjiNPM
[2026-03-03T00:24:09.257+0000] {data_modification.py:63} INFO - Updated row with Video_ID: WROMyJAJmp4
[2026-03-03T00:24:09.329+0000] {data_modification.py:63} INFO - Updated row with Video_ID: JgJrQnDIRgg
[2026-03-03T00:24:09.352+0000] {data_modification.py:63} INFO - Updated row with Video_ID: gtkqnhN0VkU
[2026-03-03T00:24:09.366+0000] {data_modification.py:63} INFO - Updated row with Video_ID: oBXSvS2QKxU
[2026-03-03T00:24:09.373+0000] {data_modification.py:63} INFO - Updated row with Video_ID: UTdcX1e0cMA
[2026-03-03T00:24:09.391+0000] {data_modification.py:63} INFO - Updated row with Video_ID: oiZvK6MY7tI
[2026-03-03T00:24:09.424+0000] {data_modification.py:63} INFO - Updated row with Video_ID: F0OkwXKcPSE
[2026-03-03T00:24:09.434+0000] {data_modification.py:63} INFO - Updated row with Video_ID: 686PL7rt654
[2026-03-03T00:24:09.440+0000] {data_modification.py:63} INFO - Updated row with Video_ID: zo7i8VTpfNM
[2026-03-03T00:24:09.458+0000] {data_modification.py:63} INFO - Updated row with Video_ID: NfhuGUyWYfQ
[2026-03-03T00:24:09.467+0000] {data_modification.py:63} INFO - Updated row with Video_ID: wIpWCJKfRXs
[2026-03-03T00:24:09.483+0000] {data_modification.py:63} INFO - Updated row with Video_ID: 9Xeepzg1B8I
[2026-03-03T00:24:09.493+0000] {data_modification.py:63} INFO - Updated row with Video_ID: 50G0kIty7Cg
[2026-03-03T00:24:09.500+0000] {data_modification.py:63} INFO - Updated row with Video_ID: 4l97aNza_Zc
[2026-03-03T00:24:09.501+0000] {dwh.py:82} INFO - core table update completed
[2026-03-03T00:24:09.502+0000] {python.py:237} INFO - Done. Returned value was: None
[2026-03-03T00:24:09.509+0000] {taskinstance.py:441} INFO - ::group::Post task execution logs
[2026-03-03T00:24:09.578+0000] {taskinstance.py:1206} INFO - Marking task as SUCCESS. dag_id=update_db, task_id=core_table, run_id=manual__2026-03-03T00:23:48.864386+00:00, execution_date=20260303T002348, start_date=20260303T002408, end_date=20260303T002409
[2026-03-03T00:24:09.768+0000] {local_task_job_runner.py:240} INFO - Task exited with return code 0
[2026-03-03T00:24:10.033+0000] {taskinstance.py:3503} INFO - 1 downstream tasks scheduled from follow-on schedule check
[2026-03-03T00:24:10.050+0000] {local_task_job_runner.py:222} INFO - ::endgroup::
