[2026-03-04T17:07:16.563+0000] {local_task_job_runner.py:120} INFO - ::group::Pre task execution logs
[2026-03-04T17:07:16.719+0000] {taskinstance.py:2076} INFO - Dependencies all met for dep_context=non-requeueable deps ti=<TaskInstance: update_db.core_table manual__2026-03-04T17:06:57.274071+00:00 [queued]>
[2026-03-04T17:07:16.778+0000] {taskinstance.py:2076} INFO - Dependencies all met for dep_context=requeueable deps ti=<TaskInstance: update_db.core_table manual__2026-03-04T17:06:57.274071+00:00 [queued]>
[2026-03-04T17:07:16.780+0000] {taskinstance.py:2306} INFO - Starting attempt 1 of 1
[2026-03-04T17:07:16.849+0000] {taskinstance.py:2330} INFO - Executing <Task(_PythonDecoratedOperator): core_table> on 2026-03-04 17:06:57.274071+00:00
[2026-03-04T17:07:16.862+0000] {standard_task_runner.py:63} INFO - Started process 2238 to run task
[2026-03-04T17:07:16.885+0000] {standard_task_runner.py:90} INFO - Running: ['airflow', 'tasks', 'run', 'update_db', 'core_table', 'manual__2026-03-04T17:06:57.274071+00:00', '--job-id', '213', '--raw', '--subdir', 'DAGS_FOLDER/main.py', '--cfg-path', '/tmp/tmpwss9trrl']
[2026-03-04T17:07:16.887+0000] {standard_task_runner.py:91} INFO - Job 213: Subtask core_table
[2026-03-04T17:07:17.103+0000] {task_command.py:426} INFO - Running <TaskInstance: update_db.core_table manual__2026-03-04T17:06:57.274071+00:00 [running]> on host 30532672bc03
[2026-03-04T17:07:17.517+0000] {taskinstance.py:2648} INFO - Exporting env vars: AIRFLOW_CTX_DAG_EMAIL='data@engineers.com' AIRFLOW_CTX_DAG_OWNER='dataengineers' AIRFLOW_CTX_DAG_ID='update_db' AIRFLOW_CTX_TASK_ID='core_table' AIRFLOW_CTX_EXECUTION_DATE='2026-03-04T17:06:57.274071+00:00' AIRFLOW_CTX_TRY_NUMBER='1' AIRFLOW_CTX_DAG_RUN_ID='manual__2026-03-04T17:06:57.274071+00:00'
[2026-03-04T17:07:17.519+0000] {taskinstance.py:430} INFO - ::endgroup::
[2026-03-04T17:07:17.534+0000] {base.py:84} INFO - Using connection ID 'postgres_db_yt_elt' for task execution.
[2026-03-04T17:07:17.558+0000] {base.py:84} INFO - Using connection ID 'postgres_db_yt_elt' for task execution.
[2026-03-04T17:07:17.585+0000] {base.py:84} INFO - Using connection ID 'postgres_db_yt_elt' for task execution.
[2026-03-04T17:07:17.617+0000] {data_modification.py:63} INFO - Updated row with Video_ID: mktYW177p6U
[2026-03-04T17:07:17.626+0000] {data_modification.py:63} INFO - Updated row with Video_ID: 7aE4EhHXzlA
[2026-03-04T17:07:17.635+0000] {data_modification.py:63} INFO - Updated row with Video_ID: IJkB-oapuks
[2026-03-04T17:07:17.643+0000] {data_modification.py:63} INFO - Updated row with Video_ID: ZFoNBxpXen4
[2026-03-04T17:07:17.651+0000] {data_modification.py:63} INFO - Updated row with Video_ID: RB71Z-vVvCc
[2026-03-04T17:07:17.664+0000] {data_modification.py:63} INFO - Updated row with Video_ID: fO5FwBcCJBY
[2026-03-04T17:07:17.682+0000] {data_modification.py:63} INFO - Updated row with Video_ID: U-x6KxH1kB4
[2026-03-04T17:07:17.688+0000] {data_modification.py:63} INFO - Updated row with Video_ID: 8bMh8azh3CY
[2026-03-04T17:07:17.693+0000] {data_modification.py:63} INFO - Updated row with Video_ID: SE9xF1l3ZwE
[2026-03-04T17:07:17.705+0000] {data_modification.py:63} INFO - Updated row with Video_ID: rF00lQ_upzg
[2026-03-04T17:07:17.714+0000] {data_modification.py:63} INFO - Updated row with Video_ID: c9VS_cgInT4
[2026-03-04T17:07:17.722+0000] {data_modification.py:63} INFO - Updated row with Video_ID: KaUuPNYHFNg
[2026-03-04T17:07:17.728+0000] {data_modification.py:63} INFO - Updated row with Video_ID: 5OLs1GWB4OA
[2026-03-04T17:07:17.733+0000] {data_modification.py:63} INFO - Updated row with Video_ID: hjkbqeWQAM8
[2026-03-04T17:07:17.739+0000] {data_modification.py:63} INFO - Updated row with Video_ID: XbaZ45LVzzM
[2026-03-04T17:07:17.760+0000] {data_modification.py:63} INFO - Updated row with Video_ID: uZY9xr-QAk0
[2026-03-04T17:07:17.767+0000] {data_modification.py:63} INFO - Updated row with Video_ID: AWBsoArakNY
[2026-03-04T17:07:17.776+0000] {data_modification.py:63} INFO - Updated row with Video_ID: Ah_uuTwGOYU
[2026-03-04T17:07:17.783+0000] {data_modification.py:63} INFO - Updated row with Video_ID: HISfrcjiNPM
[2026-03-04T17:07:17.792+0000] {data_modification.py:63} INFO - Updated row with Video_ID: WROMyJAJmp4
[2026-03-04T17:07:17.799+0000] {data_modification.py:63} INFO - Updated row with Video_ID: tAwzBYE18Us
[2026-03-04T17:07:17.821+0000] {data_modification.py:63} INFO - Updated row with Video_ID: LyFMbY-c_Lc
[2026-03-04T17:07:17.828+0000] {data_modification.py:63} INFO - Updated row with Video_ID: 3RmOvxilbPM
[2026-03-04T17:07:17.834+0000] {data_modification.py:63} INFO - Updated row with Video_ID: R7MkZL5i3FQ
[2026-03-04T17:07:17.843+0000] {data_modification.py:63} INFO - Updated row with Video_ID: 26QQE7EsnLA
[2026-03-04T17:07:17.859+0000] {data_modification.py:63} INFO - Updated row with Video_ID: PryTbmudhS8
[2026-03-04T17:07:17.865+0000] {data_modification.py:63} INFO - Updated row with Video_ID: Oo9EbArcQ1c
[2026-03-04T17:07:17.872+0000] {data_modification.py:63} INFO - Updated row with Video_ID: yWEUL3crU_E
[2026-03-04T17:07:17.877+0000] {data_modification.py:63} INFO - Updated row with Video_ID: gar4U3n-ILY
[2026-03-04T17:07:17.890+0000] {data_modification.py:63} INFO - Updated row with Video_ID: 9WEQts7b8Pw
[2026-03-04T17:07:17.902+0000] {data_modification.py:63} INFO - Updated row with Video_ID: _sBRk9ADpK8
[2026-03-04T17:07:17.909+0000] {data_modification.py:63} INFO - Updated row with Video_ID: kNLr-cduzuo
[2026-03-04T17:07:17.918+0000] {data_modification.py:63} INFO - Updated row with Video_ID: pAnGwRiQ4-4
[2026-03-04T17:07:17.926+0000] {data_modification.py:63} INFO - Updated row with Video_ID: wSh8fAFWEWs
[2026-03-04T17:07:17.935+0000] {data_modification.py:63} INFO - Updated row with Video_ID: 3GNyw4uaAqU
[2026-03-04T17:07:17.941+0000] {data_modification.py:63} INFO - Updated row with Video_ID: ywIcdSNJolo
[2026-03-04T17:07:17.949+0000] {data_modification.py:63} INFO - Updated row with Video_ID: QJI0an6irrA
[2026-03-04T17:07:17.956+0000] {data_modification.py:63} INFO - Updated row with Video_ID: JgJrQnDIRgg
[2026-03-04T17:07:17.964+0000] {data_modification.py:63} INFO - Updated row with Video_ID: gtkqnhN0VkU
[2026-03-04T17:07:17.971+0000] {data_modification.py:63} INFO - Updated row with Video_ID: oBXSvS2QKxU
[2026-03-04T17:07:17.978+0000] {data_modification.py:63} INFO - Updated row with Video_ID: UTdcX1e0cMA
[2026-03-04T17:07:17.984+0000] {data_modification.py:63} INFO - Updated row with Video_ID: oiZvK6MY7tI
[2026-03-04T17:07:17.988+0000] {data_modification.py:63} INFO - Updated row with Video_ID: F0OkwXKcPSE
[2026-03-04T17:07:17.993+0000] {data_modification.py:63} INFO - Updated row with Video_ID: 686PL7rt654
[2026-03-04T17:07:17.999+0000] {data_modification.py:63} INFO - Updated row with Video_ID: zo7i8VTpfNM
[2026-03-04T17:07:18.004+0000] {data_modification.py:63} INFO - Updated row with Video_ID: NfhuGUyWYfQ
[2026-03-04T17:07:18.012+0000] {data_modification.py:63} INFO - Updated row with Video_ID: wIpWCJKfRXs
[2026-03-04T17:07:18.022+0000] {data_modification.py:63} INFO - Updated row with Video_ID: 9Xeepzg1B8I
[2026-03-04T17:07:18.028+0000] {data_modification.py:63} INFO - Updated row with Video_ID: 50G0kIty7Cg
[2026-03-04T17:07:18.043+0000] {data_modification.py:63} INFO - Updated row with Video_ID: 4l97aNza_Zc
[2026-03-04T17:07:18.045+0000] {dwh.py:82} INFO - core table update completed
[2026-03-04T17:07:18.052+0000] {python.py:237} INFO - Done. Returned value was: None
[2026-03-04T17:07:18.053+0000] {taskinstance.py:441} INFO - ::group::Post task execution logs
[2026-03-04T17:07:18.099+0000] {taskinstance.py:1206} INFO - Marking task as SUCCESS. dag_id=update_db, task_id=core_table, run_id=manual__2026-03-04T17:06:57.274071+00:00, execution_date=20260304T170657, start_date=20260304T170716, end_date=20260304T170718
[2026-03-04T17:07:18.237+0000] {local_task_job_runner.py:240} INFO - Task exited with return code 0
[2026-03-04T17:07:18.473+0000] {taskinstance.py:3503} INFO - 1 downstream tasks scheduled from follow-on schedule check
[2026-03-04T17:07:18.483+0000] {local_task_job_runner.py:222} INFO - ::endgroup::
