[2026-02-15T19:13:40.803+0000] {local_task_job_runner.py:120} INFO - ::group::Pre task execution logs
[2026-02-15T19:13:40.847+0000] {taskinstance.py:2076} INFO - Dependencies all met for dep_context=non-requeueable deps ti=<TaskInstance: update_db.core_table manual__2026-02-15T19:13:37.214362+00:00 [queued]>
[2026-02-15T19:13:40.860+0000] {taskinstance.py:2076} INFO - Dependencies all met for dep_context=requeueable deps ti=<TaskInstance: update_db.core_table manual__2026-02-15T19:13:37.214362+00:00 [queued]>
[2026-02-15T19:13:40.861+0000] {taskinstance.py:2306} INFO - Starting attempt 1 of 1
[2026-02-15T19:13:40.879+0000] {taskinstance.py:2330} INFO - Executing <Task(_PythonDecoratedOperator): core_table> on 2026-02-15 19:13:37.214362+00:00
[2026-02-15T19:13:40.887+0000] {standard_task_runner.py:63} INFO - Started process 4620 to run task
[2026-02-15T19:13:40.893+0000] {standard_task_runner.py:90} INFO - Running: ['airflow', 'tasks', 'run', 'update_db', 'core_table', 'manual__2026-02-15T19:13:37.214362+00:00', '--job-id', '88', '--raw', '--subdir', 'DAGS_FOLDER/main.py', '--cfg-path', '/tmp/tmpbk6vhblg']
[2026-02-15T19:13:40.896+0000] {standard_task_runner.py:91} INFO - Job 88: Subtask core_table
[2026-02-15T19:13:40.995+0000] {task_command.py:426} INFO - Running <TaskInstance: update_db.core_table manual__2026-02-15T19:13:37.214362+00:00 [running]> on host a9a9531a1f20
[2026-02-15T19:13:41.148+0000] {taskinstance.py:2648} INFO - Exporting env vars: AIRFLOW_CTX_DAG_EMAIL='data@engineers.com' AIRFLOW_CTX_DAG_OWNER='dataengineers' AIRFLOW_CTX_DAG_ID='update_db' AIRFLOW_CTX_TASK_ID='core_table' AIRFLOW_CTX_EXECUTION_DATE='2026-02-15T19:13:37.214362+00:00' AIRFLOW_CTX_TRY_NUMBER='1' AIRFLOW_CTX_DAG_RUN_ID='manual__2026-02-15T19:13:37.214362+00:00'
[2026-02-15T19:13:41.150+0000] {taskinstance.py:430} INFO - ::endgroup::
[2026-02-15T19:13:41.160+0000] {base.py:84} INFO - Using connection ID 'postgres_db_yt_elt' for task execution.
[2026-02-15T19:13:41.170+0000] {base.py:84} INFO - Using connection ID 'postgres_db_yt_elt' for task execution.
[2026-02-15T19:13:41.180+0000] {base.py:84} INFO - Using connection ID 'postgres_db_yt_elt' for task execution.
[2026-02-15T19:13:41.205+0000] {data_modification.py:25} INFO - Inserted row with Video_ID: NfhuGUyWYfQ
[2026-02-15T19:13:41.211+0000] {data_modification.py:25} INFO - Inserted row with Video_ID: ywIcdSNJolo
[2026-02-15T19:13:41.217+0000] {data_modification.py:25} INFO - Inserted row with Video_ID: WROMyJAJmp4
[2026-02-15T19:13:41.224+0000] {data_modification.py:25} INFO - Inserted row with Video_ID: wIpWCJKfRXs
[2026-02-15T19:13:41.231+0000] {data_modification.py:25} INFO - Inserted row with Video_ID: 9Xeepzg1B8I
[2026-02-15T19:13:41.237+0000] {data_modification.py:25} INFO - Inserted row with Video_ID: 50G0kIty7Cg
[2026-02-15T19:13:41.242+0000] {data_modification.py:25} INFO - Inserted row with Video_ID: XbaZ45LVzzM
[2026-02-15T19:13:41.246+0000] {data_modification.py:25} INFO - Inserted row with Video_ID: gar4U3n-ILY
[2026-02-15T19:13:41.251+0000] {data_modification.py:25} INFO - Inserted row with Video_ID: 9WEQts7b8Pw
[2026-02-15T19:13:41.258+0000] {data_modification.py:25} INFO - Inserted row with Video_ID: _sBRk9ADpK8
[2026-02-15T19:13:41.266+0000] {data_modification.py:25} INFO - Inserted row with Video_ID: kNLr-cduzuo
[2026-02-15T19:13:41.272+0000] {data_modification.py:25} INFO - Inserted row with Video_ID: pAnGwRiQ4-4
[2026-02-15T19:13:41.278+0000] {data_modification.py:25} INFO - Inserted row with Video_ID: wSh8fAFWEWs
[2026-02-15T19:13:41.284+0000] {data_modification.py:25} INFO - Inserted row with Video_ID: QJI0an6irrA
[2026-02-15T19:13:41.291+0000] {data_modification.py:25} INFO - Inserted row with Video_ID: mktYW177p6U
[2026-02-15T19:13:41.295+0000] {data_modification.py:25} INFO - Inserted row with Video_ID: 7aE4EhHXzlA
[2026-02-15T19:13:41.299+0000] {data_modification.py:25} INFO - Inserted row with Video_ID: IJkB-oapuks
[2026-02-15T19:13:41.303+0000] {data_modification.py:25} INFO - Inserted row with Video_ID: ZFoNBxpXen4
[2026-02-15T19:13:41.308+0000] {data_modification.py:25} INFO - Inserted row with Video_ID: RB71Z-vVvCc
[2026-02-15T19:13:41.314+0000] {data_modification.py:25} INFO - Inserted row with Video_ID: fO5FwBcCJBY
[2026-02-15T19:13:41.318+0000] {data_modification.py:25} INFO - Inserted row with Video_ID: U-x6KxH1kB4
[2026-02-15T19:13:41.322+0000] {data_modification.py:25} INFO - Inserted row with Video_ID: 8bMh8azh3CY
[2026-02-15T19:13:41.327+0000] {data_modification.py:25} INFO - Inserted row with Video_ID: SE9xF1l3ZwE
[2026-02-15T19:13:41.331+0000] {data_modification.py:25} INFO - Inserted row with Video_ID: rF00lQ_upzg
[2026-02-15T19:13:41.335+0000] {data_modification.py:25} INFO - Inserted row with Video_ID: uZY9xr-QAk0
[2026-02-15T19:13:41.340+0000] {data_modification.py:25} INFO - Inserted row with Video_ID: AWBsoArakNY
[2026-02-15T19:13:41.344+0000] {data_modification.py:25} INFO - Inserted row with Video_ID: Ah_uuTwGOYU
[2026-02-15T19:13:41.348+0000] {data_modification.py:25} INFO - Inserted row with Video_ID: HISfrcjiNPM
[2026-02-15T19:13:41.352+0000] {data_modification.py:25} INFO - Inserted row with Video_ID: tAwzBYE18Us
[2026-02-15T19:13:41.356+0000] {data_modification.py:25} INFO - Inserted row with Video_ID: LyFMbY-c_Lc
[2026-02-15T19:13:41.361+0000] {data_modification.py:25} INFO - Inserted row with Video_ID: 3RmOvxilbPM
[2026-02-15T19:13:41.364+0000] {data_modification.py:25} INFO - Inserted row with Video_ID: R7MkZL5i3FQ
[2026-02-15T19:13:41.368+0000] {data_modification.py:25} INFO - Inserted row with Video_ID: 26QQE7EsnLA
[2026-02-15T19:13:41.372+0000] {data_modification.py:25} INFO - Inserted row with Video_ID: PryTbmudhS8
[2026-02-15T19:13:41.377+0000] {data_modification.py:25} INFO - Inserted row with Video_ID: Oo9EbArcQ1c
[2026-02-15T19:13:41.381+0000] {data_modification.py:25} INFO - Inserted row with Video_ID: yWEUL3crU_E
[2026-02-15T19:13:41.385+0000] {data_modification.py:25} INFO - Inserted row with Video_ID: JgJrQnDIRgg
[2026-02-15T19:13:41.391+0000] {data_modification.py:25} INFO - Inserted row with Video_ID: gtkqnhN0VkU
[2026-02-15T19:13:41.395+0000] {data_modification.py:25} INFO - Inserted row with Video_ID: oBXSvS2QKxU
[2026-02-15T19:13:41.401+0000] {data_modification.py:25} INFO - Inserted row with Video_ID: UTdcX1e0cMA
[2026-02-15T19:13:41.407+0000] {data_modification.py:25} INFO - Inserted row with Video_ID: oiZvK6MY7tI
[2026-02-15T19:13:41.413+0000] {data_modification.py:25} INFO - Inserted row with Video_ID: F0OkwXKcPSE
[2026-02-15T19:13:41.419+0000] {data_modification.py:25} INFO - Inserted row with Video_ID: 686PL7rt654
[2026-02-15T19:13:41.426+0000] {data_modification.py:25} INFO - Inserted row with Video_ID: zo7i8VTpfNM
[2026-02-15T19:13:41.436+0000] {data_modification.py:25} INFO - Inserted row with Video_ID: 4l97aNza_Zc
[2026-02-15T19:13:41.441+0000] {data_modification.py:25} INFO - Inserted row with Video_ID: 3ih2bPKSWsQ
[2026-02-15T19:13:41.446+0000] {data_modification.py:25} INFO - Inserted row with Video_ID: uA9Zcg3vHvo
[2026-02-15T19:13:41.450+0000] {data_modification.py:25} INFO - Inserted row with Video_ID: _AbFXuGDRTs
[2026-02-15T19:13:41.455+0000] {data_modification.py:25} INFO - Inserted row with Video_ID: MOGW3v3pJ5Y
[2026-02-15T19:13:41.460+0000] {data_modification.py:25} INFO - Inserted row with Video_ID: 3GNyw4uaAqU
[2026-02-15T19:13:41.463+0000] {dwh.py:82} INFO - core table update completed
[2026-02-15T19:13:41.464+0000] {python.py:237} INFO - Done. Returned value was: None
[2026-02-15T19:13:41.473+0000] {taskinstance.py:441} INFO - ::group::Post task execution logs
[2026-02-15T19:13:41.520+0000] {taskinstance.py:1206} INFO - Marking task as SUCCESS. dag_id=update_db, task_id=core_table, run_id=manual__2026-02-15T19:13:37.214362+00:00, execution_date=20260215T191337, start_date=20260215T191340, end_date=20260215T191341
[2026-02-15T19:13:41.578+0000] {local_task_job_runner.py:240} INFO - Task exited with return code 0
[2026-02-15T19:13:41.619+0000] {taskinstance.py:3503} INFO - 0 downstream tasks scheduled from follow-on schedule check
[2026-02-15T19:13:41.623+0000] {local_task_job_runner.py:222} INFO - ::endgroup::
