[2026-02-15T18:06:06.099+0000] {local_task_job_runner.py:120} INFO - ::group::Pre task execution logs
[2026-02-15T18:06:06.135+0000] {taskinstance.py:2076} INFO - Dependencies all met for dep_context=non-requeueable deps ti=<TaskInstance: update_db.staging_table manual__2026-02-15T18:06:04.452131+00:00 [queued]>
[2026-02-15T18:06:06.155+0000] {taskinstance.py:2076} INFO - Dependencies all met for dep_context=requeueable deps ti=<TaskInstance: update_db.staging_table manual__2026-02-15T18:06:04.452131+00:00 [queued]>
[2026-02-15T18:06:06.156+0000] {taskinstance.py:2306} INFO - Starting attempt 1 of 1
[2026-02-15T18:06:06.186+0000] {taskinstance.py:2330} INFO - Executing <Task(_PythonDecoratedOperator): staging_table> on 2026-02-15 18:06:04.452131+00:00
[2026-02-15T18:06:06.197+0000] {standard_task_runner.py:63} INFO - Started process 3743 to run task
[2026-02-15T18:06:06.206+0000] {standard_task_runner.py:90} INFO - Running: ['airflow', 'tasks', 'run', 'update_db', 'staging_table', 'manual__2026-02-15T18:06:04.452131+00:00', '--job-id', '70', '--raw', '--subdir', 'DAGS_FOLDER/main.py', '--cfg-path', '/tmp/tmpvmop2vid']
[2026-02-15T18:06:06.208+0000] {standard_task_runner.py:91} INFO - Job 70: Subtask staging_table
[2026-02-15T18:06:06.318+0000] {task_command.py:426} INFO - Running <TaskInstance: update_db.staging_table manual__2026-02-15T18:06:04.452131+00:00 [running]> on host a9a9531a1f20
[2026-02-15T18:06:06.535+0000] {taskinstance.py:2648} INFO - Exporting env vars: AIRFLOW_CTX_DAG_EMAIL='data@engineers.com' AIRFLOW_CTX_DAG_OWNER='dataengineers' AIRFLOW_CTX_DAG_ID='update_db' AIRFLOW_CTX_TASK_ID='staging_table' AIRFLOW_CTX_EXECUTION_DATE='2026-02-15T18:06:04.452131+00:00' AIRFLOW_CTX_TRY_NUMBER='1' AIRFLOW_CTX_DAG_RUN_ID='manual__2026-02-15T18:06:04.452131+00:00'
[2026-02-15T18:06:06.536+0000] {taskinstance.py:430} INFO - ::endgroup::
[2026-02-15T18:06:06.551+0000] {base.py:84} INFO - Using connection ID 'postgres_db_yt_elt' for task execution.
[2026-02-15T18:06:06.562+0000] {data_loading.py:12} INFO - Processing file: YT_data_2026-02-15
[2026-02-15T18:06:06.567+0000] {base.py:84} INFO - Using connection ID 'postgres_db_yt_elt' for task execution.
[2026-02-15T18:06:06.582+0000] {base.py:84} INFO - Using connection ID 'postgres_db_yt_elt' for task execution.
[2026-02-15T18:06:06.596+0000] {dwh.py:41} ERROR - An error occured during the update of staging table: name 'Video_Id' is not defined
[2026-02-15T18:06:06.597+0000] {taskinstance.py:441} INFO - ::group::Post task execution logs
[2026-02-15T18:06:06.598+0000] {taskinstance.py:2905} ERROR - Task failed with exception
Traceback (most recent call last):
  File "/opt/airflow/dags/datawarehouse/data_modification.py", line 11, in insert_rows
    cur.execute(
  File "/home/airflow/.local/lib/python3.10/site-packages/psycopg2/extras.py", line 236, in execute
    return super().execute(query, vars)
KeyError: 'commentsCount'

During handling of the above exception, another exception occurred:

Traceback (most recent call last):
  File "/home/airflow/.local/lib/python3.10/site-packages/airflow/models/taskinstance.py", line 465, in _execute_task
    result = _execute_callable(context=context, **execute_callable_kwargs)
  File "/home/airflow/.local/lib/python3.10/site-packages/airflow/models/taskinstance.py", line 432, in _execute_callable
    return execute_callable(context=context, **execute_callable_kwargs)
  File "/home/airflow/.local/lib/python3.10/site-packages/airflow/models/baseoperator.py", line 401, in wrapper
    return func(self, *args, **kwargs)
  File "/home/airflow/.local/lib/python3.10/site-packages/airflow/decorators/base.py", line 265, in execute
    return_value = super().execute(context)
  File "/home/airflow/.local/lib/python3.10/site-packages/airflow/models/baseoperator.py", line 401, in wrapper
    return func(self, *args, **kwargs)
  File "/home/airflow/.local/lib/python3.10/site-packages/airflow/operators/python.py", line 235, in execute
    return_value = self.execute_callable()
  File "/home/airflow/.local/lib/python3.10/site-packages/airflow/operators/python.py", line 252, in execute_callable
    return self.python_callable(*self.op_args, **self.op_kwargs)
  File "/opt/airflow/dags/datawarehouse/dwh.py", line 42, in staging_table
    raise e
  File "/opt/airflow/dags/datawarehouse/dwh.py", line 25, in staging_table
    insert_rows(cur,conn,schema,row)
  File "/opt/airflow/dags/datawarehouse/data_modification.py", line 27, in insert_rows
    logger.error(f"Error inserting row with Video ID: {row[Video_Id]}")
NameError: name 'Video_Id' is not defined
[2026-02-15T18:06:06.617+0000] {taskinstance.py:1206} INFO - Marking task as FAILED. dag_id=update_db, task_id=staging_table, run_id=manual__2026-02-15T18:06:04.452131+00:00, execution_date=20260215T180604, start_date=20260215T180606, end_date=20260215T180606
[2026-02-15T18:06:06.641+0000] {standard_task_runner.py:110} ERROR - Failed to execute job 70 for task staging_table (name 'Video_Id' is not defined; 3743)
[2026-02-15T18:06:06.659+0000] {local_task_job_runner.py:240} INFO - Task exited with return code 1
[2026-02-15T18:06:06.699+0000] {taskinstance.py:3503} INFO - 0 downstream tasks scheduled from follow-on schedule check
[2026-02-15T18:06:06.707+0000] {local_task_job_runner.py:222} INFO - ::endgroup::
