[2026-02-16T22:59:10.137+0000] {local_task_job_runner.py:120} INFO - ::group::Pre task execution logs
[2026-02-16T22:59:10.529+0000] {taskinstance.py:2076} INFO - Dependencies all met for dep_context=non-requeueable deps ti=<TaskInstance: data_quality.core_table scheduled__2026-02-15T16:00:00+00:00 [queued]>
[2026-02-16T22:59:10.642+0000] {taskinstance.py:2076} INFO - Dependencies all met for dep_context=requeueable deps ti=<TaskInstance: data_quality.core_table scheduled__2026-02-15T16:00:00+00:00 [queued]>
[2026-02-16T22:59:10.671+0000] {taskinstance.py:2306} INFO - Starting attempt 1 of 1
[2026-02-16T22:59:10.877+0000] {taskinstance.py:2330} INFO - Executing <Task(_PythonDecoratedOperator): core_table> on 2026-02-15 16:00:00+00:00
[2026-02-16T22:59:10.968+0000] {standard_task_runner.py:63} INFO - Started process 777 to run task
[2026-02-16T22:59:11.136+0000] {standard_task_runner.py:90} INFO - Running: ['airflow', 'tasks', 'run', 'data_quality', 'core_table', 'scheduled__2026-02-15T16:00:00+00:00', '--job-id', '97', '--raw', '--subdir', 'DAGS_FOLDER/main.py', '--cfg-path', '/tmp/tmpsl7_z2n8']
[2026-02-16T22:59:11.204+0000] {standard_task_runner.py:91} INFO - Job 97: Subtask core_table
[2026-02-16T22:59:11.797+0000] {task_command.py:426} INFO - Running <TaskInstance: data_quality.core_table scheduled__2026-02-15T16:00:00+00:00 [running]> on host 30532672bc03
[2026-02-16T22:59:12.547+0000] {taskinstance.py:2648} INFO - Exporting env vars: AIRFLOW_CTX_DAG_EMAIL='data@engineers.com' AIRFLOW_CTX_DAG_OWNER='dataengineers' AIRFLOW_CTX_DAG_ID='data_quality' AIRFLOW_CTX_TASK_ID='core_table' AIRFLOW_CTX_EXECUTION_DATE='2026-02-15T16:00:00+00:00' AIRFLOW_CTX_TRY_NUMBER='1' AIRFLOW_CTX_DAG_RUN_ID='scheduled__2026-02-15T16:00:00+00:00'
[2026-02-16T22:59:12.554+0000] {taskinstance.py:430} INFO - ::endgroup::
[2026-02-16T22:59:12.670+0000] {base.py:84} INFO - Using connection ID 'postgres_db_yt_elt' for task execution.
[2026-02-16T22:59:13.379+0000] {base.py:84} INFO - Using connection ID 'postgres_db_yt_elt' for task execution.
[2026-02-16T22:59:13.565+0000] {base.py:84} INFO - Using connection ID 'postgres_db_yt_elt' for task execution.
[2026-02-16T22:59:13.775+0000] {data_modification.py:63} INFO - Updated row with Video_ID: NfhuGUyWYfQ
[2026-02-16T22:59:13.862+0000] {data_modification.py:63} INFO - Updated row with Video_ID: ywIcdSNJolo
[2026-02-16T22:59:13.896+0000] {data_modification.py:63} INFO - Updated row with Video_ID: WROMyJAJmp4
[2026-02-16T22:59:13.979+0000] {data_modification.py:63} INFO - Updated row with Video_ID: wIpWCJKfRXs
[2026-02-16T22:59:14.003+0000] {data_modification.py:63} INFO - Updated row with Video_ID: 9Xeepzg1B8I
[2026-02-16T22:59:14.038+0000] {data_modification.py:63} INFO - Updated row with Video_ID: 50G0kIty7Cg
[2026-02-16T22:59:14.083+0000] {data_modification.py:63} INFO - Updated row with Video_ID: XbaZ45LVzzM
[2026-02-16T22:59:14.110+0000] {data_modification.py:63} INFO - Updated row with Video_ID: gar4U3n-ILY
[2026-02-16T22:59:14.230+0000] {data_modification.py:63} INFO - Updated row with Video_ID: 9WEQts7b8Pw
[2026-02-16T22:59:14.286+0000] {data_modification.py:63} INFO - Updated row with Video_ID: _sBRk9ADpK8
[2026-02-16T22:59:14.291+0000] {data_modification.py:63} INFO - Updated row with Video_ID: kNLr-cduzuo
[2026-02-16T22:59:14.334+0000] {data_modification.py:63} INFO - Updated row with Video_ID: pAnGwRiQ4-4
[2026-02-16T22:59:14.349+0000] {data_modification.py:63} INFO - Updated row with Video_ID: wSh8fAFWEWs
[2026-02-16T22:59:14.396+0000] {data_modification.py:63} INFO - Updated row with Video_ID: QJI0an6irrA
[2026-02-16T22:59:14.420+0000] {data_modification.py:63} INFO - Updated row with Video_ID: mktYW177p6U
[2026-02-16T22:59:14.432+0000] {data_modification.py:63} INFO - Updated row with Video_ID: 7aE4EhHXzlA
[2026-02-16T22:59:14.446+0000] {data_modification.py:63} INFO - Updated row with Video_ID: IJkB-oapuks
[2026-02-16T22:59:14.460+0000] {data_modification.py:63} INFO - Updated row with Video_ID: ZFoNBxpXen4
[2026-02-16T22:59:14.472+0000] {data_modification.py:63} INFO - Updated row with Video_ID: RB71Z-vVvCc
[2026-02-16T22:59:14.519+0000] {data_modification.py:63} INFO - Updated row with Video_ID: fO5FwBcCJBY
[2026-02-16T22:59:14.534+0000] {data_modification.py:63} INFO - Updated row with Video_ID: U-x6KxH1kB4
[2026-02-16T22:59:14.541+0000] {data_modification.py:63} INFO - Updated row with Video_ID: 8bMh8azh3CY
[2026-02-16T22:59:14.564+0000] {data_modification.py:63} INFO - Updated row with Video_ID: SE9xF1l3ZwE
[2026-02-16T22:59:14.598+0000] {data_modification.py:63} INFO - Updated row with Video_ID: rF00lQ_upzg
[2026-02-16T22:59:14.609+0000] {data_modification.py:63} INFO - Updated row with Video_ID: uZY9xr-QAk0
[2026-02-16T22:59:14.631+0000] {data_modification.py:63} INFO - Updated row with Video_ID: AWBsoArakNY
[2026-02-16T22:59:14.669+0000] {data_modification.py:63} INFO - Updated row with Video_ID: Ah_uuTwGOYU
[2026-02-16T22:59:14.697+0000] {data_modification.py:63} INFO - Updated row with Video_ID: HISfrcjiNPM
[2026-02-16T22:59:14.710+0000] {data_modification.py:63} INFO - Updated row with Video_ID: tAwzBYE18Us
[2026-02-16T22:59:14.750+0000] {data_modification.py:63} INFO - Updated row with Video_ID: LyFMbY-c_Lc
[2026-02-16T22:59:14.791+0000] {data_modification.py:63} INFO - Updated row with Video_ID: 3RmOvxilbPM
[2026-02-16T22:59:14.813+0000] {data_modification.py:63} INFO - Updated row with Video_ID: R7MkZL5i3FQ
[2026-02-16T22:59:14.869+0000] {data_modification.py:63} INFO - Updated row with Video_ID: 26QQE7EsnLA
[2026-02-16T22:59:14.888+0000] {data_modification.py:63} INFO - Updated row with Video_ID: PryTbmudhS8
[2026-02-16T22:59:14.898+0000] {data_modification.py:63} INFO - Updated row with Video_ID: Oo9EbArcQ1c
[2026-02-16T22:59:14.903+0000] {data_modification.py:63} INFO - Updated row with Video_ID: yWEUL3crU_E
[2026-02-16T22:59:14.926+0000] {data_modification.py:63} INFO - Updated row with Video_ID: JgJrQnDIRgg
[2026-02-16T22:59:14.938+0000] {data_modification.py:63} INFO - Updated row with Video_ID: gtkqnhN0VkU
[2026-02-16T22:59:14.945+0000] {data_modification.py:63} INFO - Updated row with Video_ID: oBXSvS2QKxU
[2026-02-16T22:59:14.953+0000] {data_modification.py:63} INFO - Updated row with Video_ID: UTdcX1e0cMA
[2026-02-16T22:59:14.957+0000] {data_modification.py:63} INFO - Updated row with Video_ID: oiZvK6MY7tI
[2026-02-16T22:59:14.966+0000] {data_modification.py:63} INFO - Updated row with Video_ID: F0OkwXKcPSE
[2026-02-16T22:59:14.970+0000] {data_modification.py:63} INFO - Updated row with Video_ID: 686PL7rt654
[2026-02-16T22:59:14.984+0000] {data_modification.py:63} INFO - Updated row with Video_ID: zo7i8VTpfNM
[2026-02-16T22:59:15.008+0000] {data_modification.py:63} INFO - Updated row with Video_ID: 4l97aNza_Zc
[2026-02-16T22:59:15.014+0000] {data_modification.py:63} INFO - Updated row with Video_ID: 3ih2bPKSWsQ
[2026-02-16T22:59:15.019+0000] {data_modification.py:63} INFO - Updated row with Video_ID: uA9Zcg3vHvo
[2026-02-16T22:59:15.023+0000] {data_modification.py:63} INFO - Updated row with Video_ID: _AbFXuGDRTs
[2026-02-16T22:59:15.029+0000] {data_modification.py:63} INFO - Updated row with Video_ID: MOGW3v3pJ5Y
[2026-02-16T22:59:15.034+0000] {data_modification.py:63} INFO - Updated row with Video_ID: 3GNyw4uaAqU
[2026-02-16T22:59:15.035+0000] {dwh.py:82} INFO - core table update completed
[2026-02-16T22:59:15.045+0000] {python.py:237} INFO - Done. Returned value was: None
[2026-02-16T22:59:15.052+0000] {taskinstance.py:441} INFO - ::group::Post task execution logs
[2026-02-16T22:59:15.275+0000] {taskinstance.py:1206} INFO - Marking task as SUCCESS. dag_id=data_quality, task_id=core_table, run_id=scheduled__2026-02-15T16:00:00+00:00, execution_date=20260215T160000, start_date=20260216T225910, end_date=20260216T225915
[2026-02-16T22:59:15.404+0000] {local_task_job_runner.py:240} INFO - Task exited with return code 0
[2026-02-16T22:59:15.568+0000] {taskinstance.py:3503} INFO - 0 downstream tasks scheduled from follow-on schedule check
[2026-02-16T22:59:16.195+0000] {local_task_job_runner.py:222} INFO - ::endgroup::
