[2026-02-15T18:25:21.520+0000] {local_task_job_runner.py:120} INFO - ::group::Pre task execution logs
[2026-02-15T18:25:21.558+0000] {taskinstance.py:2076} INFO - Dependencies all met for dep_context=non-requeueable deps ti=<TaskInstance: update_db.staging_table manual__2026-02-15T18:25:19.718626+00:00 [queued]>
[2026-02-15T18:25:21.572+0000] {taskinstance.py:2076} INFO - Dependencies all met for dep_context=requeueable deps ti=<TaskInstance: update_db.staging_table manual__2026-02-15T18:25:19.718626+00:00 [queued]>
[2026-02-15T18:25:21.573+0000] {taskinstance.py:2306} INFO - Starting attempt 1 of 1
[2026-02-15T18:25:21.602+0000] {taskinstance.py:2330} INFO - Executing <Task(_PythonDecoratedOperator): staging_table> on 2026-02-15 18:25:19.718626+00:00
[2026-02-15T18:25:21.613+0000] {standard_task_runner.py:63} INFO - Started process 3996 to run task
[2026-02-15T18:25:21.618+0000] {standard_task_runner.py:90} INFO - Running: ['airflow', 'tasks', 'run', 'update_db', 'staging_table', 'manual__2026-02-15T18:25:19.718626+00:00', '--job-id', '77', '--raw', '--subdir', 'DAGS_FOLDER/main.py', '--cfg-path', '/tmp/tmpakkze7ia']
[2026-02-15T18:25:21.621+0000] {standard_task_runner.py:91} INFO - Job 77: Subtask staging_table
[2026-02-15T18:25:21.741+0000] {task_command.py:426} INFO - Running <TaskInstance: update_db.staging_table manual__2026-02-15T18:25:19.718626+00:00 [running]> on host a9a9531a1f20
[2026-02-15T18:25:21.910+0000] {taskinstance.py:2648} INFO - Exporting env vars: AIRFLOW_CTX_DAG_EMAIL='data@engineers.com' AIRFLOW_CTX_DAG_OWNER='dataengineers' AIRFLOW_CTX_DAG_ID='update_db' AIRFLOW_CTX_TASK_ID='staging_table' AIRFLOW_CTX_EXECUTION_DATE='2026-02-15T18:25:19.718626+00:00' AIRFLOW_CTX_TRY_NUMBER='1' AIRFLOW_CTX_DAG_RUN_ID='manual__2026-02-15T18:25:19.718626+00:00'
[2026-02-15T18:25:21.912+0000] {taskinstance.py:430} INFO - ::endgroup::
[2026-02-15T18:25:21.923+0000] {base.py:84} INFO - Using connection ID 'postgres_db_yt_elt' for task execution.
[2026-02-15T18:25:21.934+0000] {data_loading.py:12} INFO - Processing file: YT_data_2026-02-15
[2026-02-15T18:25:21.938+0000] {base.py:84} INFO - Using connection ID 'postgres_db_yt_elt' for task execution.
[2026-02-15T18:25:21.953+0000] {base.py:84} INFO - Using connection ID 'postgres_db_yt_elt' for task execution.
[2026-02-15T18:25:21.978+0000] {data_modification.py:62} INFO - Updated row with Video_ID: XbaZ45LVzzM
[2026-02-15T18:25:21.984+0000] {data_modification.py:62} INFO - Updated row with Video_ID: gar4U3n-ILY
[2026-02-15T18:25:21.990+0000] {data_modification.py:62} INFO - Updated row with Video_ID: 9WEQts7b8Pw
[2026-02-15T18:25:21.997+0000] {data_modification.py:62} INFO - Updated row with Video_ID: _sBRk9ADpK8
[2026-02-15T18:25:22.004+0000] {data_modification.py:62} INFO - Updated row with Video_ID: kNLr-cduzuo
[2026-02-15T18:25:22.011+0000] {data_modification.py:62} INFO - Updated row with Video_ID: pAnGwRiQ4-4
[2026-02-15T18:25:22.017+0000] {data_modification.py:62} INFO - Updated row with Video_ID: wSh8fAFWEWs
[2026-02-15T18:25:22.022+0000] {data_modification.py:62} INFO - Updated row with Video_ID: 3GNyw4uaAqU
[2026-02-15T18:25:22.030+0000] {data_modification.py:62} INFO - Updated row with Video_ID: ywIcdSNJolo
[2026-02-15T18:25:22.035+0000] {data_modification.py:62} INFO - Updated row with Video_ID: QJI0an6irrA
[2026-02-15T18:25:22.040+0000] {data_modification.py:62} INFO - Updated row with Video_ID: mktYW177p6U
[2026-02-15T18:25:22.047+0000] {data_modification.py:62} INFO - Updated row with Video_ID: 7aE4EhHXzlA
[2026-02-15T18:25:22.057+0000] {data_modification.py:62} INFO - Updated row with Video_ID: IJkB-oapuks
[2026-02-15T18:25:22.065+0000] {data_modification.py:62} INFO - Updated row with Video_ID: ZFoNBxpXen4
[2026-02-15T18:25:22.071+0000] {data_modification.py:62} INFO - Updated row with Video_ID: RB71Z-vVvCc
[2026-02-15T18:25:22.075+0000] {data_modification.py:62} INFO - Updated row with Video_ID: fO5FwBcCJBY
[2026-02-15T18:25:22.081+0000] {data_modification.py:62} INFO - Updated row with Video_ID: U-x6KxH1kB4
[2026-02-15T18:25:22.086+0000] {data_modification.py:62} INFO - Updated row with Video_ID: 8bMh8azh3CY
[2026-02-15T18:25:22.094+0000] {data_modification.py:62} INFO - Updated row with Video_ID: SE9xF1l3ZwE
[2026-02-15T18:25:22.103+0000] {data_modification.py:62} INFO - Updated row with Video_ID: rF00lQ_upzg
[2026-02-15T18:25:22.111+0000] {data_modification.py:62} INFO - Updated row with Video_ID: uZY9xr-QAk0
[2026-02-15T18:25:22.118+0000] {data_modification.py:62} INFO - Updated row with Video_ID: AWBsoArakNY
[2026-02-15T18:25:22.128+0000] {data_modification.py:62} INFO - Updated row with Video_ID: Ah_uuTwGOYU
[2026-02-15T18:25:22.137+0000] {data_modification.py:62} INFO - Updated row with Video_ID: HISfrcjiNPM
[2026-02-15T18:25:22.145+0000] {data_modification.py:62} INFO - Updated row with Video_ID: WROMyJAJmp4
[2026-02-15T18:25:22.153+0000] {data_modification.py:62} INFO - Updated row with Video_ID: tAwzBYE18Us
[2026-02-15T18:25:22.162+0000] {data_modification.py:62} INFO - Updated row with Video_ID: LyFMbY-c_Lc
[2026-02-15T18:25:22.170+0000] {data_modification.py:62} INFO - Updated row with Video_ID: 3RmOvxilbPM
[2026-02-15T18:25:22.178+0000] {data_modification.py:62} INFO - Updated row with Video_ID: R7MkZL5i3FQ
[2026-02-15T18:25:22.186+0000] {data_modification.py:62} INFO - Updated row with Video_ID: 26QQE7EsnLA
[2026-02-15T18:25:22.194+0000] {data_modification.py:62} INFO - Updated row with Video_ID: PryTbmudhS8
[2026-02-15T18:25:22.205+0000] {data_modification.py:62} INFO - Updated row with Video_ID: Oo9EbArcQ1c
[2026-02-15T18:25:22.215+0000] {data_modification.py:62} INFO - Updated row with Video_ID: yWEUL3crU_E
[2026-02-15T18:25:22.223+0000] {data_modification.py:62} INFO - Updated row with Video_ID: JgJrQnDIRgg
[2026-02-15T18:25:22.236+0000] {data_modification.py:62} INFO - Updated row with Video_ID: gtkqnhN0VkU
[2026-02-15T18:25:22.244+0000] {data_modification.py:62} INFO - Updated row with Video_ID: oBXSvS2QKxU
[2026-02-15T18:25:22.256+0000] {data_modification.py:62} INFO - Updated row with Video_ID: UTdcX1e0cMA
[2026-02-15T18:25:22.262+0000] {data_modification.py:62} INFO - Updated row with Video_ID: oiZvK6MY7tI
[2026-02-15T18:25:22.268+0000] {data_modification.py:62} INFO - Updated row with Video_ID: F0OkwXKcPSE
[2026-02-15T18:25:22.274+0000] {data_modification.py:62} INFO - Updated row with Video_ID: 686PL7rt654
[2026-02-15T18:25:22.281+0000] {data_modification.py:62} INFO - Updated row with Video_ID: zo7i8VTpfNM
[2026-02-15T18:25:22.294+0000] {data_modification.py:62} INFO - Updated row with Video_ID: NfhuGUyWYfQ
[2026-02-15T18:25:22.301+0000] {data_modification.py:62} INFO - Updated row with Video_ID: wIpWCJKfRXs
[2026-02-15T18:25:22.307+0000] {data_modification.py:62} INFO - Updated row with Video_ID: 9Xeepzg1B8I
[2026-02-15T18:25:22.315+0000] {data_modification.py:62} INFO - Updated row with Video_ID: 50G0kIty7Cg
[2026-02-15T18:25:22.321+0000] {data_modification.py:62} INFO - Updated row with Video_ID: 4l97aNza_Zc
[2026-02-15T18:25:22.328+0000] {data_modification.py:62} INFO - Updated row with Video_ID: 3ih2bPKSWsQ
[2026-02-15T18:25:22.335+0000] {data_modification.py:62} INFO - Updated row with Video_ID: uA9Zcg3vHvo
[2026-02-15T18:25:22.340+0000] {data_modification.py:62} INFO - Updated row with Video_ID: _AbFXuGDRTs
[2026-02-15T18:25:22.345+0000] {data_modification.py:62} INFO - Updated row with Video_ID: MOGW3v3pJ5Y
[2026-02-15T18:25:22.346+0000] {dwh.py:38} INFO - staging table update completed
[2026-02-15T18:25:22.347+0000] {python.py:237} INFO - Done. Returned value was: None
[2026-02-15T18:25:22.349+0000] {taskinstance.py:441} INFO - ::group::Post task execution logs
[2026-02-15T18:25:22.367+0000] {taskinstance.py:1206} INFO - Marking task as SUCCESS. dag_id=update_db, task_id=staging_table, run_id=manual__2026-02-15T18:25:19.718626+00:00, execution_date=20260215T182519, start_date=20260215T182521, end_date=20260215T182522
[2026-02-15T18:25:22.423+0000] {local_task_job_runner.py:240} INFO - Task exited with return code 0
[2026-02-15T18:25:22.467+0000] {taskinstance.py:3503} INFO - 1 downstream tasks scheduled from follow-on schedule check
[2026-02-15T18:25:22.471+0000] {local_task_job_runner.py:222} INFO - ::endgroup::
