[2026-02-16T23:07:06.078+0000] {local_task_job_runner.py:120} INFO - ::group::Pre task execution logs
[2026-02-16T23:07:06.130+0000] {taskinstance.py:2076} INFO - Dependencies all met for dep_context=non-requeueable deps ti=<TaskInstance: update_db.staging_table manual__2026-02-16T23:07:04.142546+00:00 [queued]>
[2026-02-16T23:07:06.155+0000] {taskinstance.py:2076} INFO - Dependencies all met for dep_context=requeueable deps ti=<TaskInstance: update_db.staging_table manual__2026-02-16T23:07:04.142546+00:00 [queued]>
[2026-02-16T23:07:06.156+0000] {taskinstance.py:2306} INFO - Starting attempt 1 of 1
[2026-02-16T23:07:06.191+0000] {taskinstance.py:2330} INFO - Executing <Task(_PythonDecoratedOperator): staging_table> on 2026-02-16 23:07:04.142546+00:00
[2026-02-16T23:07:06.200+0000] {standard_task_runner.py:63} INFO - Started process 912 to run task
[2026-02-16T23:07:06.210+0000] {standard_task_runner.py:90} INFO - Running: ['airflow', 'tasks', 'run', 'update_db', 'staging_table', 'manual__2026-02-16T23:07:04.142546+00:00', '--job-id', '106', '--raw', '--subdir', 'DAGS_FOLDER/main.py', '--cfg-path', '/tmp/tmpwgv1b2p5']
[2026-02-16T23:07:06.212+0000] {standard_task_runner.py:91} INFO - Job 106: Subtask staging_table
[2026-02-16T23:07:06.347+0000] {task_command.py:426} INFO - Running <TaskInstance: update_db.staging_table manual__2026-02-16T23:07:04.142546+00:00 [running]> on host 30532672bc03
[2026-02-16T23:07:06.558+0000] {taskinstance.py:2648} INFO - Exporting env vars: AIRFLOW_CTX_DAG_EMAIL='data@engineers.com' AIRFLOW_CTX_DAG_OWNER='dataengineers' AIRFLOW_CTX_DAG_ID='update_db' AIRFLOW_CTX_TASK_ID='staging_table' AIRFLOW_CTX_EXECUTION_DATE='2026-02-16T23:07:04.142546+00:00' AIRFLOW_CTX_TRY_NUMBER='1' AIRFLOW_CTX_DAG_RUN_ID='manual__2026-02-16T23:07:04.142546+00:00'
[2026-02-16T23:07:06.559+0000] {taskinstance.py:430} INFO - ::endgroup::
[2026-02-16T23:07:06.589+0000] {base.py:84} INFO - Using connection ID 'postgres_db_yt_elt' for task execution.
[2026-02-16T23:07:06.613+0000] {data_loading.py:12} INFO - Processing file: YT_data_2026-02-16
[2026-02-16T23:07:06.616+0000] {base.py:84} INFO - Using connection ID 'postgres_db_yt_elt' for task execution.
[2026-02-16T23:07:06.671+0000] {base.py:84} INFO - Using connection ID 'postgres_db_yt_elt' for task execution.
[2026-02-16T23:07:06.710+0000] {data_modification.py:63} INFO - Updated row with Video_ID: XbaZ45LVzzM
[2026-02-16T23:07:06.714+0000] {data_modification.py:63} INFO - Updated row with Video_ID: gar4U3n-ILY
[2026-02-16T23:07:06.720+0000] {data_modification.py:63} INFO - Updated row with Video_ID: 9WEQts7b8Pw
[2026-02-16T23:07:06.724+0000] {data_modification.py:63} INFO - Updated row with Video_ID: _sBRk9ADpK8
[2026-02-16T23:07:06.728+0000] {data_modification.py:63} INFO - Updated row with Video_ID: kNLr-cduzuo
[2026-02-16T23:07:06.735+0000] {data_modification.py:63} INFO - Updated row with Video_ID: pAnGwRiQ4-4
[2026-02-16T23:07:06.744+0000] {data_modification.py:63} INFO - Updated row with Video_ID: wSh8fAFWEWs
[2026-02-16T23:07:06.750+0000] {data_modification.py:63} INFO - Updated row with Video_ID: 3GNyw4uaAqU
[2026-02-16T23:07:06.758+0000] {data_modification.py:63} INFO - Updated row with Video_ID: ywIcdSNJolo
[2026-02-16T23:07:06.763+0000] {data_modification.py:63} INFO - Updated row with Video_ID: QJI0an6irrA
[2026-02-16T23:07:06.769+0000] {data_modification.py:63} INFO - Updated row with Video_ID: mktYW177p6U
[2026-02-16T23:07:06.775+0000] {data_modification.py:63} INFO - Updated row with Video_ID: 7aE4EhHXzlA
[2026-02-16T23:07:06.781+0000] {data_modification.py:63} INFO - Updated row with Video_ID: IJkB-oapuks
[2026-02-16T23:07:06.788+0000] {data_modification.py:63} INFO - Updated row with Video_ID: ZFoNBxpXen4
[2026-02-16T23:07:06.795+0000] {data_modification.py:63} INFO - Updated row with Video_ID: RB71Z-vVvCc
[2026-02-16T23:07:06.802+0000] {data_modification.py:63} INFO - Updated row with Video_ID: fO5FwBcCJBY
[2026-02-16T23:07:06.807+0000] {data_modification.py:63} INFO - Updated row with Video_ID: U-x6KxH1kB4
[2026-02-16T23:07:06.812+0000] {data_modification.py:63} INFO - Updated row with Video_ID: 8bMh8azh3CY
[2026-02-16T23:07:06.819+0000] {data_modification.py:63} INFO - Updated row with Video_ID: SE9xF1l3ZwE
[2026-02-16T23:07:06.825+0000] {data_modification.py:63} INFO - Updated row with Video_ID: rF00lQ_upzg
[2026-02-16T23:07:06.830+0000] {data_modification.py:63} INFO - Updated row with Video_ID: uZY9xr-QAk0
[2026-02-16T23:07:06.836+0000] {data_modification.py:63} INFO - Updated row with Video_ID: AWBsoArakNY
[2026-02-16T23:07:06.841+0000] {data_modification.py:63} INFO - Updated row with Video_ID: Ah_uuTwGOYU
[2026-02-16T23:07:06.848+0000] {data_modification.py:63} INFO - Updated row with Video_ID: HISfrcjiNPM
[2026-02-16T23:07:06.855+0000] {data_modification.py:63} INFO - Updated row with Video_ID: WROMyJAJmp4
[2026-02-16T23:07:06.861+0000] {data_modification.py:63} INFO - Updated row with Video_ID: tAwzBYE18Us
[2026-02-16T23:07:06.866+0000] {data_modification.py:63} INFO - Updated row with Video_ID: LyFMbY-c_Lc
[2026-02-16T23:07:06.872+0000] {data_modification.py:63} INFO - Updated row with Video_ID: 3RmOvxilbPM
[2026-02-16T23:07:06.878+0000] {data_modification.py:63} INFO - Updated row with Video_ID: R7MkZL5i3FQ
[2026-02-16T23:07:06.883+0000] {data_modification.py:63} INFO - Updated row with Video_ID: 26QQE7EsnLA
[2026-02-16T23:07:06.890+0000] {data_modification.py:63} INFO - Updated row with Video_ID: PryTbmudhS8
[2026-02-16T23:07:06.895+0000] {data_modification.py:63} INFO - Updated row with Video_ID: Oo9EbArcQ1c
[2026-02-16T23:07:06.900+0000] {data_modification.py:63} INFO - Updated row with Video_ID: yWEUL3crU_E
[2026-02-16T23:07:06.908+0000] {data_modification.py:63} INFO - Updated row with Video_ID: JgJrQnDIRgg
[2026-02-16T23:07:06.913+0000] {data_modification.py:63} INFO - Updated row with Video_ID: gtkqnhN0VkU
[2026-02-16T23:07:06.919+0000] {data_modification.py:63} INFO - Updated row with Video_ID: oBXSvS2QKxU
[2026-02-16T23:07:06.923+0000] {data_modification.py:63} INFO - Updated row with Video_ID: UTdcX1e0cMA
[2026-02-16T23:07:06.926+0000] {data_modification.py:63} INFO - Updated row with Video_ID: oiZvK6MY7tI
[2026-02-16T23:07:06.929+0000] {data_modification.py:63} INFO - Updated row with Video_ID: F0OkwXKcPSE
[2026-02-16T23:07:06.932+0000] {data_modification.py:63} INFO - Updated row with Video_ID: 686PL7rt654
[2026-02-16T23:07:06.937+0000] {data_modification.py:63} INFO - Updated row with Video_ID: zo7i8VTpfNM
[2026-02-16T23:07:06.940+0000] {data_modification.py:63} INFO - Updated row with Video_ID: NfhuGUyWYfQ
[2026-02-16T23:07:06.943+0000] {data_modification.py:63} INFO - Updated row with Video_ID: wIpWCJKfRXs
[2026-02-16T23:07:06.947+0000] {data_modification.py:63} INFO - Updated row with Video_ID: 9Xeepzg1B8I
[2026-02-16T23:07:06.953+0000] {data_modification.py:63} INFO - Updated row with Video_ID: 50G0kIty7Cg
[2026-02-16T23:07:06.958+0000] {data_modification.py:63} INFO - Updated row with Video_ID: 4l97aNza_Zc
[2026-02-16T23:07:06.963+0000] {data_modification.py:63} INFO - Updated row with Video_ID: 3ih2bPKSWsQ
[2026-02-16T23:07:06.970+0000] {data_modification.py:63} INFO - Updated row with Video_ID: uA9Zcg3vHvo
[2026-02-16T23:07:06.976+0000] {data_modification.py:63} INFO - Updated row with Video_ID: _AbFXuGDRTs
[2026-02-16T23:07:06.981+0000] {data_modification.py:63} INFO - Updated row with Video_ID: MOGW3v3pJ5Y
[2026-02-16T23:07:06.981+0000] {dwh.py:38} INFO - staging table update completed
[2026-02-16T23:07:06.982+0000] {python.py:237} INFO - Done. Returned value was: None
[2026-02-16T23:07:06.985+0000] {taskinstance.py:441} INFO - ::group::Post task execution logs
[2026-02-16T23:07:07.009+0000] {taskinstance.py:1206} INFO - Marking task as SUCCESS. dag_id=update_db, task_id=staging_table, run_id=manual__2026-02-16T23:07:04.142546+00:00, execution_date=20260216T230704, start_date=20260216T230706, end_date=20260216T230707
[2026-02-16T23:07:07.086+0000] {local_task_job_runner.py:240} INFO - Task exited with return code 0
[2026-02-16T23:07:07.142+0000] {taskinstance.py:3503} INFO - 1 downstream tasks scheduled from follow-on schedule check
[2026-02-16T23:07:07.148+0000] {local_task_job_runner.py:222} INFO - ::endgroup::
