[2026-02-16T23:07:57.467+0000] {local_task_job_runner.py:120} INFO - ::group::Pre task execution logs
[2026-02-16T23:07:57.543+0000] {taskinstance.py:2076} INFO - Dependencies all met for dep_context=non-requeueable deps ti=<TaskInstance: data_quality.core_table manual__2026-02-16T23:07:55.139645+00:00 [queued]>
[2026-02-16T23:07:57.557+0000] {taskinstance.py:2076} INFO - Dependencies all met for dep_context=requeueable deps ti=<TaskInstance: data_quality.core_table manual__2026-02-16T23:07:55.139645+00:00 [queued]>
[2026-02-16T23:07:57.562+0000] {taskinstance.py:2306} INFO - Starting attempt 1 of 1
[2026-02-16T23:07:57.643+0000] {taskinstance.py:2330} INFO - Executing <Task(_PythonDecoratedOperator): core_table> on 2026-02-16 23:07:55.139645+00:00
[2026-02-16T23:07:57.651+0000] {standard_task_runner.py:63} INFO - Started process 932 to run task
[2026-02-16T23:07:57.680+0000] {standard_task_runner.py:90} INFO - Running: ['airflow', 'tasks', 'run', 'data_quality', 'core_table', 'manual__2026-02-16T23:07:55.139645+00:00', '--job-id', '109', '--raw', '--subdir', 'DAGS_FOLDER/main.py', '--cfg-path', '/tmp/tmpp2echdk8']
[2026-02-16T23:07:57.684+0000] {standard_task_runner.py:91} INFO - Job 109: Subtask core_table
[2026-02-16T23:07:57.933+0000] {task_command.py:426} INFO - Running <TaskInstance: data_quality.core_table manual__2026-02-16T23:07:55.139645+00:00 [running]> on host 30532672bc03
[2026-02-16T23:07:58.416+0000] {taskinstance.py:2648} INFO - Exporting env vars: AIRFLOW_CTX_DAG_EMAIL='data@engineers.com' AIRFLOW_CTX_DAG_OWNER='dataengineers' AIRFLOW_CTX_DAG_ID='data_quality' AIRFLOW_CTX_TASK_ID='core_table' AIRFLOW_CTX_EXECUTION_DATE='2026-02-16T23:07:55.139645+00:00' AIRFLOW_CTX_TRY_NUMBER='1' AIRFLOW_CTX_DAG_RUN_ID='manual__2026-02-16T23:07:55.139645+00:00'
[2026-02-16T23:07:58.422+0000] {taskinstance.py:430} INFO - ::endgroup::
[2026-02-16T23:07:58.440+0000] {base.py:84} INFO - Using connection ID 'postgres_db_yt_elt' for task execution.
[2026-02-16T23:07:58.463+0000] {base.py:84} INFO - Using connection ID 'postgres_db_yt_elt' for task execution.
[2026-02-16T23:07:58.480+0000] {base.py:84} INFO - Using connection ID 'postgres_db_yt_elt' for task execution.
[2026-02-16T23:07:58.535+0000] {data_modification.py:63} INFO - Updated row with Video_ID: WROMyJAJmp4
[2026-02-16T23:07:58.543+0000] {data_modification.py:63} INFO - Updated row with Video_ID: NfhuGUyWYfQ
[2026-02-16T23:07:58.552+0000] {data_modification.py:63} INFO - Updated row with Video_ID: ywIcdSNJolo
[2026-02-16T23:07:58.560+0000] {data_modification.py:63} INFO - Updated row with Video_ID: QJI0an6irrA
[2026-02-16T23:07:58.567+0000] {data_modification.py:63} INFO - Updated row with Video_ID: mktYW177p6U
[2026-02-16T23:07:58.572+0000] {data_modification.py:63} INFO - Updated row with Video_ID: 7aE4EhHXzlA
[2026-02-16T23:07:58.579+0000] {data_modification.py:63} INFO - Updated row with Video_ID: IJkB-oapuks
[2026-02-16T23:07:58.584+0000] {data_modification.py:63} INFO - Updated row with Video_ID: ZFoNBxpXen4
[2026-02-16T23:07:58.590+0000] {data_modification.py:63} INFO - Updated row with Video_ID: RB71Z-vVvCc
[2026-02-16T23:07:58.594+0000] {data_modification.py:63} INFO - Updated row with Video_ID: fO5FwBcCJBY
[2026-02-16T23:07:58.598+0000] {data_modification.py:63} INFO - Updated row with Video_ID: U-x6KxH1kB4
[2026-02-16T23:07:58.603+0000] {data_modification.py:63} INFO - Updated row with Video_ID: 8bMh8azh3CY
[2026-02-16T23:07:58.609+0000] {data_modification.py:63} INFO - Updated row with Video_ID: SE9xF1l3ZwE
[2026-02-16T23:07:58.614+0000] {data_modification.py:63} INFO - Updated row with Video_ID: rF00lQ_upzg
[2026-02-16T23:07:58.622+0000] {data_modification.py:63} INFO - Updated row with Video_ID: uZY9xr-QAk0
[2026-02-16T23:07:58.627+0000] {data_modification.py:63} INFO - Updated row with Video_ID: AWBsoArakNY
[2026-02-16T23:07:58.634+0000] {data_modification.py:63} INFO - Updated row with Video_ID: Ah_uuTwGOYU
[2026-02-16T23:07:58.639+0000] {data_modification.py:63} INFO - Updated row with Video_ID: HISfrcjiNPM
[2026-02-16T23:07:58.645+0000] {data_modification.py:63} INFO - Updated row with Video_ID: tAwzBYE18Us
[2026-02-16T23:07:58.650+0000] {data_modification.py:63} INFO - Updated row with Video_ID: LyFMbY-c_Lc
[2026-02-16T23:07:58.655+0000] {data_modification.py:63} INFO - Updated row with Video_ID: 3RmOvxilbPM
[2026-02-16T23:07:58.660+0000] {data_modification.py:63} INFO - Updated row with Video_ID: R7MkZL5i3FQ
[2026-02-16T23:07:58.664+0000] {data_modification.py:63} INFO - Updated row with Video_ID: 26QQE7EsnLA
[2026-02-16T23:07:58.669+0000] {data_modification.py:63} INFO - Updated row with Video_ID: PryTbmudhS8
[2026-02-16T23:07:58.674+0000] {data_modification.py:63} INFO - Updated row with Video_ID: Oo9EbArcQ1c
[2026-02-16T23:07:58.680+0000] {data_modification.py:63} INFO - Updated row with Video_ID: yWEUL3crU_E
[2026-02-16T23:07:58.684+0000] {data_modification.py:63} INFO - Updated row with Video_ID: JgJrQnDIRgg
[2026-02-16T23:07:58.689+0000] {data_modification.py:63} INFO - Updated row with Video_ID: gtkqnhN0VkU
[2026-02-16T23:07:58.695+0000] {data_modification.py:63} INFO - Updated row with Video_ID: oBXSvS2QKxU
[2026-02-16T23:07:58.701+0000] {data_modification.py:63} INFO - Updated row with Video_ID: UTdcX1e0cMA
[2026-02-16T23:07:58.707+0000] {data_modification.py:63} INFO - Updated row with Video_ID: oiZvK6MY7tI
[2026-02-16T23:07:58.711+0000] {data_modification.py:63} INFO - Updated row with Video_ID: F0OkwXKcPSE
[2026-02-16T23:07:58.715+0000] {data_modification.py:63} INFO - Updated row with Video_ID: 686PL7rt654
[2026-02-16T23:07:58.719+0000] {data_modification.py:63} INFO - Updated row with Video_ID: wIpWCJKfRXs
[2026-02-16T23:07:58.724+0000] {data_modification.py:63} INFO - Updated row with Video_ID: 9Xeepzg1B8I
[2026-02-16T23:07:58.729+0000] {data_modification.py:63} INFO - Updated row with Video_ID: 50G0kIty7Cg
[2026-02-16T23:07:58.733+0000] {data_modification.py:63} INFO - Updated row with Video_ID: 4l97aNza_Zc
[2026-02-16T23:07:58.737+0000] {data_modification.py:63} INFO - Updated row with Video_ID: 3ih2bPKSWsQ
[2026-02-16T23:07:58.742+0000] {data_modification.py:63} INFO - Updated row with Video_ID: uA9Zcg3vHvo
[2026-02-16T23:07:58.746+0000] {data_modification.py:63} INFO - Updated row with Video_ID: _AbFXuGDRTs
[2026-02-16T23:07:58.751+0000] {data_modification.py:63} INFO - Updated row with Video_ID: MOGW3v3pJ5Y
[2026-02-16T23:07:58.756+0000] {data_modification.py:63} INFO - Updated row with Video_ID: XbaZ45LVzzM
[2026-02-16T23:07:58.760+0000] {data_modification.py:63} INFO - Updated row with Video_ID: gar4U3n-ILY
[2026-02-16T23:07:58.764+0000] {data_modification.py:63} INFO - Updated row with Video_ID: 9WEQts7b8Pw
[2026-02-16T23:07:58.770+0000] {data_modification.py:63} INFO - Updated row with Video_ID: _sBRk9ADpK8
[2026-02-16T23:07:58.776+0000] {data_modification.py:63} INFO - Updated row with Video_ID: kNLr-cduzuo
[2026-02-16T23:07:58.780+0000] {data_modification.py:63} INFO - Updated row with Video_ID: pAnGwRiQ4-4
[2026-02-16T23:07:58.784+0000] {data_modification.py:63} INFO - Updated row with Video_ID: wSh8fAFWEWs
[2026-02-16T23:07:58.789+0000] {data_modification.py:63} INFO - Updated row with Video_ID: 3GNyw4uaAqU
[2026-02-16T23:07:58.794+0000] {data_modification.py:63} INFO - Updated row with Video_ID: zo7i8VTpfNM
[2026-02-16T23:07:58.795+0000] {dwh.py:82} INFO - core table update completed
[2026-02-16T23:07:58.800+0000] {python.py:237} INFO - Done. Returned value was: None
[2026-02-16T23:07:58.804+0000] {taskinstance.py:441} INFO - ::group::Post task execution logs
[2026-02-16T23:07:58.820+0000] {taskinstance.py:1206} INFO - Marking task as SUCCESS. dag_id=data_quality, task_id=core_table, run_id=manual__2026-02-16T23:07:55.139645+00:00, execution_date=20260216T230755, start_date=20260216T230757, end_date=20260216T230758
[2026-02-16T23:07:59.067+0000] {local_task_job_runner.py:240} INFO - Task exited with return code 0
[2026-02-16T23:07:59.186+0000] {taskinstance.py:3503} INFO - 0 downstream tasks scheduled from follow-on schedule check
[2026-02-16T23:07:59.196+0000] {local_task_job_runner.py:222} INFO - ::endgroup::
