[2026-03-05T21:57:06.077+0000] {local_task_job_runner.py:120} INFO - ::group::Pre task execution logs
[2026-03-05T21:57:06.150+0000] {taskinstance.py:2076} INFO - Dependencies all met for dep_context=non-requeueable deps ti=<TaskInstance: update_db.core_table manual__2026-03-05T21:56:09.689424+00:00 [queued]>
[2026-03-05T21:57:06.165+0000] {taskinstance.py:2076} INFO - Dependencies all met for dep_context=requeueable deps ti=<TaskInstance: update_db.core_table manual__2026-03-05T21:56:09.689424+00:00 [queued]>
[2026-03-05T21:57:06.165+0000] {taskinstance.py:2306} INFO - Starting attempt 1 of 1
[2026-03-05T21:57:06.198+0000] {taskinstance.py:2330} INFO - Executing <Task(_PythonDecoratedOperator): core_table> on 2026-03-05 21:56:09.689424+00:00
[2026-03-05T21:57:06.232+0000] {standard_task_runner.py:90} INFO - Running: ['airflow', 'tasks', 'run', 'update_db', 'core_table', 'manual__2026-03-05T21:56:09.689424+00:00', '--job-id', '247', '--raw', '--subdir', 'DAGS_FOLDER/main.py', '--cfg-path', '/tmp/tmp5a6ny85k']
[2026-03-05T21:57:06.243+0000] {standard_task_runner.py:63} INFO - Started process 96 to run task
[2026-03-05T21:57:06.254+0000] {standard_task_runner.py:91} INFO - Job 247: Subtask core_table
[2026-03-05T21:57:06.612+0000] {task_command.py:426} INFO - Running <TaskInstance: update_db.core_table manual__2026-03-05T21:56:09.689424+00:00 [running]> on host 30532672bc03
[2026-03-05T21:57:07.692+0000] {taskinstance.py:2648} INFO - Exporting env vars: AIRFLOW_CTX_DAG_EMAIL='data@engineers.com' AIRFLOW_CTX_DAG_OWNER='dataengineers' AIRFLOW_CTX_DAG_ID='update_db' AIRFLOW_CTX_TASK_ID='core_table' AIRFLOW_CTX_EXECUTION_DATE='2026-03-05T21:56:09.689424+00:00' AIRFLOW_CTX_TRY_NUMBER='1' AIRFLOW_CTX_DAG_RUN_ID='manual__2026-03-05T21:56:09.689424+00:00'
[2026-03-05T21:57:07.720+0000] {taskinstance.py:430} INFO - ::endgroup::
[2026-03-05T21:57:07.796+0000] {base.py:84} INFO - Using connection ID 'postgres_db_yt_elt' for task execution.
[2026-03-05T21:57:07.814+0000] {base.py:84} INFO - Using connection ID 'postgres_db_yt_elt' for task execution.
[2026-03-05T21:57:07.831+0000] {base.py:84} INFO - Using connection ID 'postgres_db_yt_elt' for task execution.
[2026-03-05T21:57:07.998+0000] {data_modification.py:63} INFO - Updated row with Video_ID: c9VS_cgInT4
[2026-03-05T21:57:08.030+0000] {data_modification.py:63} INFO - Updated row with Video_ID: KaUuPNYHFNg
[2026-03-05T21:57:08.041+0000] {data_modification.py:63} INFO - Updated row with Video_ID: 5OLs1GWB4OA
[2026-03-05T21:57:08.046+0000] {data_modification.py:63} INFO - Updated row with Video_ID: hjkbqeWQAM8
[2026-03-05T21:57:08.052+0000] {data_modification.py:63} INFO - Updated row with Video_ID: XbaZ45LVzzM
[2026-03-05T21:57:08.056+0000] {data_modification.py:63} INFO - Updated row with Video_ID: gar4U3n-ILY
[2026-03-05T21:57:08.060+0000] {data_modification.py:63} INFO - Updated row with Video_ID: 9WEQts7b8Pw
[2026-03-05T21:57:08.065+0000] {data_modification.py:63} INFO - Updated row with Video_ID: _sBRk9ADpK8
[2026-03-05T21:57:08.071+0000] {data_modification.py:63} INFO - Updated row with Video_ID: kNLr-cduzuo
[2026-03-05T21:57:08.078+0000] {data_modification.py:63} INFO - Updated row with Video_ID: pAnGwRiQ4-4
[2026-03-05T21:57:08.086+0000] {data_modification.py:63} INFO - Updated row with Video_ID: wSh8fAFWEWs
[2026-03-05T21:57:08.092+0000] {data_modification.py:63} INFO - Updated row with Video_ID: 3GNyw4uaAqU
[2026-03-05T21:57:08.097+0000] {data_modification.py:63} INFO - Updated row with Video_ID: ywIcdSNJolo
[2026-03-05T21:57:08.102+0000] {data_modification.py:63} INFO - Updated row with Video_ID: QJI0an6irrA
[2026-03-05T21:57:08.109+0000] {data_modification.py:63} INFO - Updated row with Video_ID: mktYW177p6U
[2026-03-05T21:57:08.117+0000] {data_modification.py:63} INFO - Updated row with Video_ID: 7aE4EhHXzlA
[2026-03-05T21:57:08.130+0000] {data_modification.py:63} INFO - Updated row with Video_ID: IJkB-oapuks
[2026-03-05T21:57:08.138+0000] {data_modification.py:63} INFO - Updated row with Video_ID: tAwzBYE18Us
[2026-03-05T21:57:08.142+0000] {data_modification.py:63} INFO - Updated row with Video_ID: ZFoNBxpXen4
[2026-03-05T21:57:08.148+0000] {data_modification.py:63} INFO - Updated row with Video_ID: RB71Z-vVvCc
[2026-03-05T21:57:08.152+0000] {data_modification.py:63} INFO - Updated row with Video_ID: LyFMbY-c_Lc
[2026-03-05T21:57:08.157+0000] {data_modification.py:63} INFO - Updated row with Video_ID: 3RmOvxilbPM
[2026-03-05T21:57:08.163+0000] {data_modification.py:63} INFO - Updated row with Video_ID: R7MkZL5i3FQ
[2026-03-05T21:57:08.169+0000] {data_modification.py:63} INFO - Updated row with Video_ID: 26QQE7EsnLA
[2026-03-05T21:57:08.174+0000] {data_modification.py:63} INFO - Updated row with Video_ID: PryTbmudhS8
[2026-03-05T21:57:08.182+0000] {data_modification.py:63} INFO - Updated row with Video_ID: Oo9EbArcQ1c
[2026-03-05T21:57:08.188+0000] {data_modification.py:63} INFO - Updated row with Video_ID: yWEUL3crU_E
[2026-03-05T21:57:08.193+0000] {data_modification.py:63} INFO - Updated row with Video_ID: fO5FwBcCJBY
[2026-03-05T21:57:08.197+0000] {data_modification.py:63} INFO - Updated row with Video_ID: U-x6KxH1kB4
[2026-03-05T21:57:08.209+0000] {data_modification.py:63} INFO - Updated row with Video_ID: 8bMh8azh3CY
[2026-03-05T21:57:08.212+0000] {data_modification.py:63} INFO - Updated row with Video_ID: SE9xF1l3ZwE
[2026-03-05T21:57:08.216+0000] {data_modification.py:63} INFO - Updated row with Video_ID: rF00lQ_upzg
[2026-03-05T21:57:08.226+0000] {data_modification.py:63} INFO - Updated row with Video_ID: uZY9xr-QAk0
[2026-03-05T21:57:08.229+0000] {data_modification.py:63} INFO - Updated row with Video_ID: AWBsoArakNY
[2026-03-05T21:57:08.232+0000] {data_modification.py:63} INFO - Updated row with Video_ID: Ah_uuTwGOYU
[2026-03-05T21:57:08.239+0000] {data_modification.py:63} INFO - Updated row with Video_ID: HISfrcjiNPM
[2026-03-05T21:57:08.244+0000] {data_modification.py:63} INFO - Updated row with Video_ID: WROMyJAJmp4
[2026-03-05T21:57:08.247+0000] {data_modification.py:63} INFO - Updated row with Video_ID: JgJrQnDIRgg
[2026-03-05T21:57:08.252+0000] {data_modification.py:63} INFO - Updated row with Video_ID: gtkqnhN0VkU
[2026-03-05T21:57:08.259+0000] {data_modification.py:63} INFO - Updated row with Video_ID: oBXSvS2QKxU
[2026-03-05T21:57:08.262+0000] {data_modification.py:63} INFO - Updated row with Video_ID: UTdcX1e0cMA
[2026-03-05T21:57:08.266+0000] {data_modification.py:63} INFO - Updated row with Video_ID: oiZvK6MY7tI
[2026-03-05T21:57:08.269+0000] {data_modification.py:63} INFO - Updated row with Video_ID: F0OkwXKcPSE
[2026-03-05T21:57:08.272+0000] {data_modification.py:63} INFO - Updated row with Video_ID: 686PL7rt654
[2026-03-05T21:57:08.277+0000] {data_modification.py:63} INFO - Updated row with Video_ID: zo7i8VTpfNM
[2026-03-05T21:57:08.281+0000] {data_modification.py:63} INFO - Updated row with Video_ID: NfhuGUyWYfQ
[2026-03-05T21:57:08.286+0000] {data_modification.py:63} INFO - Updated row with Video_ID: wIpWCJKfRXs
[2026-03-05T21:57:08.290+0000] {data_modification.py:63} INFO - Updated row with Video_ID: 9Xeepzg1B8I
[2026-03-05T21:57:08.295+0000] {data_modification.py:63} INFO - Updated row with Video_ID: 50G0kIty7Cg
[2026-03-05T21:57:08.299+0000] {data_modification.py:63} INFO - Updated row with Video_ID: 4l97aNza_Zc
[2026-03-05T21:57:08.300+0000] {dwh.py:82} INFO - core table update completed
[2026-03-05T21:57:08.300+0000] {python.py:237} INFO - Done. Returned value was: None
[2026-03-05T21:57:08.300+0000] {taskinstance.py:441} INFO - ::group::Post task execution logs
[2026-03-05T21:57:08.463+0000] {taskinstance.py:1206} INFO - Marking task as SUCCESS. dag_id=update_db, task_id=core_table, run_id=manual__2026-03-05T21:56:09.689424+00:00, execution_date=20260305T215609, start_date=20260305T215706, end_date=20260305T215708
[2026-03-05T21:57:08.811+0000] {local_task_job_runner.py:240} INFO - Task exited with return code 0
[2026-03-05T21:57:08.958+0000] {taskinstance.py:3503} INFO - 0 downstream tasks scheduled from follow-on schedule check
[2026-03-05T21:57:08.978+0000] {local_task_job_runner.py:222} INFO - ::endgroup::
