[2026-02-15T18:19:48.574+0000] {local_task_job_runner.py:120} INFO - ::group::Pre task execution logs
[2026-02-15T18:19:48.611+0000] {taskinstance.py:2076} INFO - Dependencies all met for dep_context=non-requeueable deps ti=<TaskInstance: update_db.core_table manual__2026-02-15T18:19:44.217782+00:00 [queued]>
[2026-02-15T18:19:48.624+0000] {taskinstance.py:2076} INFO - Dependencies all met for dep_context=requeueable deps ti=<TaskInstance: update_db.core_table manual__2026-02-15T18:19:44.217782+00:00 [queued]>
[2026-02-15T18:19:48.625+0000] {taskinstance.py:2306} INFO - Starting attempt 1 of 1
[2026-02-15T18:19:48.650+0000] {taskinstance.py:2330} INFO - Executing <Task(_PythonDecoratedOperator): core_table> on 2026-02-15 18:19:44.217782+00:00
[2026-02-15T18:19:48.660+0000] {standard_task_runner.py:63} INFO - Started process 3917 to run task
[2026-02-15T18:19:48.669+0000] {standard_task_runner.py:90} INFO - Running: ['airflow', 'tasks', 'run', 'update_db', 'core_table', 'manual__2026-02-15T18:19:44.217782+00:00', '--job-id', '72', '--raw', '--subdir', 'DAGS_FOLDER/main.py', '--cfg-path', '/tmp/tmpnzzadk0q']
[2026-02-15T18:19:48.671+0000] {standard_task_runner.py:91} INFO - Job 72: Subtask core_table
[2026-02-15T18:19:48.791+0000] {task_command.py:426} INFO - Running <TaskInstance: update_db.core_table manual__2026-02-15T18:19:44.217782+00:00 [running]> on host a9a9531a1f20
[2026-02-15T18:19:48.982+0000] {taskinstance.py:2648} INFO - Exporting env vars: AIRFLOW_CTX_DAG_EMAIL='data@engineers.com' AIRFLOW_CTX_DAG_OWNER='dataengineers' AIRFLOW_CTX_DAG_ID='update_db' AIRFLOW_CTX_TASK_ID='core_table' AIRFLOW_CTX_EXECUTION_DATE='2026-02-15T18:19:44.217782+00:00' AIRFLOW_CTX_TRY_NUMBER='1' AIRFLOW_CTX_DAG_RUN_ID='manual__2026-02-15T18:19:44.217782+00:00'
[2026-02-15T18:19:48.986+0000] {taskinstance.py:430} INFO - ::endgroup::
[2026-02-15T18:19:49.015+0000] {base.py:84} INFO - Using connection ID 'postgres_db_yt_elt' for task execution.
[2026-02-15T18:19:49.037+0000] {base.py:84} INFO - Using connection ID 'postgres_db_yt_elt' for task execution.
[2026-02-15T18:19:49.060+0000] {base.py:84} INFO - Using connection ID 'postgres_db_yt_elt' for task execution.
[2026-02-15T18:19:49.127+0000] {dwh.py:85} ERROR - An error occured during the update of core table: name 'rows' is not defined
[2026-02-15T18:19:49.138+0000] {taskinstance.py:441} INFO - ::group::Post task execution logs
[2026-02-15T18:19:49.143+0000] {taskinstance.py:2905} ERROR - Task failed with exception
Traceback (most recent call last):
  File "/home/airflow/.local/lib/python3.10/site-packages/airflow/models/taskinstance.py", line 465, in _execute_task
    result = _execute_callable(context=context, **execute_callable_kwargs)
  File "/home/airflow/.local/lib/python3.10/site-packages/airflow/models/taskinstance.py", line 432, in _execute_callable
    return execute_callable(context=context, **execute_callable_kwargs)
  File "/home/airflow/.local/lib/python3.10/site-packages/airflow/models/baseoperator.py", line 401, in wrapper
    return func(self, *args, **kwargs)
  File "/home/airflow/.local/lib/python3.10/site-packages/airflow/decorators/base.py", line 265, in execute
    return_value = super().execute(context)
  File "/home/airflow/.local/lib/python3.10/site-packages/airflow/models/baseoperator.py", line 401, in wrapper
    return func(self, *args, **kwargs)
  File "/home/airflow/.local/lib/python3.10/site-packages/airflow/operators/python.py", line 235, in execute
    return_value = self.execute_callable()
  File "/home/airflow/.local/lib/python3.10/site-packages/airflow/operators/python.py", line 252, in execute_callable
    return self.python_callable(*self.op_args, **self.op_kwargs)
  File "/opt/airflow/dags/datawarehouse/dwh.py", line 86, in core_table
    raise e
  File "/opt/airflow/dags/datawarehouse/dwh.py", line 63, in core_table
    for row in rows:
NameError: name 'rows' is not defined
[2026-02-15T18:19:49.176+0000] {taskinstance.py:1206} INFO - Marking task as FAILED. dag_id=update_db, task_id=core_table, run_id=manual__2026-02-15T18:19:44.217782+00:00, execution_date=20260215T181944, start_date=20260215T181948, end_date=20260215T181949
[2026-02-15T18:19:49.225+0000] {standard_task_runner.py:110} ERROR - Failed to execute job 72 for task core_table (name 'rows' is not defined; 3917)
[2026-02-15T18:19:49.407+0000] {local_task_job_runner.py:240} INFO - Task exited with return code 1
[2026-02-15T18:19:49.447+0000] {taskinstance.py:3503} INFO - 0 downstream tasks scheduled from follow-on schedule check
[2026-02-15T18:19:49.454+0000] {local_task_job_runner.py:222} INFO - ::endgroup::
