[2026-02-16T23:07:08.918+0000] {local_task_job_runner.py:120} INFO - ::group::Pre task execution logs
[2026-02-16T23:07:08.966+0000] {taskinstance.py:2076} INFO - Dependencies all met for dep_context=non-requeueable deps ti=<TaskInstance: update_db.core_table manual__2026-02-16T23:07:04.142546+00:00 [queued]>
[2026-02-16T23:07:08.981+0000] {taskinstance.py:2076} INFO - Dependencies all met for dep_context=requeueable deps ti=<TaskInstance: update_db.core_table manual__2026-02-16T23:07:04.142546+00:00 [queued]>
[2026-02-16T23:07:08.981+0000] {taskinstance.py:2306} INFO - Starting attempt 1 of 1
[2026-02-16T23:07:09.011+0000] {taskinstance.py:2330} INFO - Executing <Task(_PythonDecoratedOperator): core_table> on 2026-02-16 23:07:04.142546+00:00
[2026-02-16T23:07:09.026+0000] {standard_task_runner.py:63} INFO - Started process 914 to run task
[2026-02-16T23:07:09.038+0000] {standard_task_runner.py:90} INFO - Running: ['airflow', 'tasks', 'run', 'update_db', 'core_table', 'manual__2026-02-16T23:07:04.142546+00:00', '--job-id', '107', '--raw', '--subdir', 'DAGS_FOLDER/main.py', '--cfg-path', '/tmp/tmpvg4mkyf4']
[2026-02-16T23:07:09.040+0000] {standard_task_runner.py:91} INFO - Job 107: Subtask core_table
[2026-02-16T23:07:09.213+0000] {task_command.py:426} INFO - Running <TaskInstance: update_db.core_table manual__2026-02-16T23:07:04.142546+00:00 [running]> on host 30532672bc03
[2026-02-16T23:07:09.508+0000] {taskinstance.py:2648} INFO - Exporting env vars: AIRFLOW_CTX_DAG_EMAIL='data@engineers.com' AIRFLOW_CTX_DAG_OWNER='dataengineers' AIRFLOW_CTX_DAG_ID='update_db' AIRFLOW_CTX_TASK_ID='core_table' AIRFLOW_CTX_EXECUTION_DATE='2026-02-16T23:07:04.142546+00:00' AIRFLOW_CTX_TRY_NUMBER='1' AIRFLOW_CTX_DAG_RUN_ID='manual__2026-02-16T23:07:04.142546+00:00'
[2026-02-16T23:07:09.515+0000] {taskinstance.py:430} INFO - ::endgroup::
[2026-02-16T23:07:09.541+0000] {base.py:84} INFO - Using connection ID 'postgres_db_yt_elt' for task execution.
[2026-02-16T23:07:09.563+0000] {base.py:84} INFO - Using connection ID 'postgres_db_yt_elt' for task execution.
[2026-02-16T23:07:09.592+0000] {base.py:84} INFO - Using connection ID 'postgres_db_yt_elt' for task execution.
[2026-02-16T23:07:09.623+0000] {data_modification.py:63} INFO - Updated row with Video_ID: WROMyJAJmp4
[2026-02-16T23:07:09.634+0000] {data_modification.py:63} INFO - Updated row with Video_ID: NfhuGUyWYfQ
[2026-02-16T23:07:09.644+0000] {data_modification.py:63} INFO - Updated row with Video_ID: ywIcdSNJolo
[2026-02-16T23:07:09.650+0000] {data_modification.py:63} INFO - Updated row with Video_ID: QJI0an6irrA
[2026-02-16T23:07:09.658+0000] {data_modification.py:63} INFO - Updated row with Video_ID: mktYW177p6U
[2026-02-16T23:07:09.665+0000] {data_modification.py:63} INFO - Updated row with Video_ID: 7aE4EhHXzlA
[2026-02-16T23:07:09.673+0000] {data_modification.py:63} INFO - Updated row with Video_ID: IJkB-oapuks
[2026-02-16T23:07:09.680+0000] {data_modification.py:63} INFO - Updated row with Video_ID: ZFoNBxpXen4
[2026-02-16T23:07:09.685+0000] {data_modification.py:63} INFO - Updated row with Video_ID: RB71Z-vVvCc
[2026-02-16T23:07:09.692+0000] {data_modification.py:63} INFO - Updated row with Video_ID: fO5FwBcCJBY
[2026-02-16T23:07:09.698+0000] {data_modification.py:63} INFO - Updated row with Video_ID: U-x6KxH1kB4
[2026-02-16T23:07:09.704+0000] {data_modification.py:63} INFO - Updated row with Video_ID: 8bMh8azh3CY
[2026-02-16T23:07:09.710+0000] {data_modification.py:63} INFO - Updated row with Video_ID: SE9xF1l3ZwE
[2026-02-16T23:07:09.716+0000] {data_modification.py:63} INFO - Updated row with Video_ID: rF00lQ_upzg
[2026-02-16T23:07:09.719+0000] {data_modification.py:63} INFO - Updated row with Video_ID: uZY9xr-QAk0
[2026-02-16T23:07:09.724+0000] {data_modification.py:63} INFO - Updated row with Video_ID: AWBsoArakNY
[2026-02-16T23:07:09.728+0000] {data_modification.py:63} INFO - Updated row with Video_ID: Ah_uuTwGOYU
[2026-02-16T23:07:09.734+0000] {data_modification.py:63} INFO - Updated row with Video_ID: HISfrcjiNPM
[2026-02-16T23:07:09.742+0000] {data_modification.py:63} INFO - Updated row with Video_ID: tAwzBYE18Us
[2026-02-16T23:07:09.748+0000] {data_modification.py:63} INFO - Updated row with Video_ID: LyFMbY-c_Lc
[2026-02-16T23:07:09.761+0000] {data_modification.py:63} INFO - Updated row with Video_ID: 3RmOvxilbPM
[2026-02-16T23:07:09.772+0000] {data_modification.py:63} INFO - Updated row with Video_ID: R7MkZL5i3FQ
[2026-02-16T23:07:09.779+0000] {data_modification.py:63} INFO - Updated row with Video_ID: 26QQE7EsnLA
[2026-02-16T23:07:09.785+0000] {data_modification.py:63} INFO - Updated row with Video_ID: PryTbmudhS8
[2026-02-16T23:07:09.791+0000] {data_modification.py:63} INFO - Updated row with Video_ID: Oo9EbArcQ1c
[2026-02-16T23:07:09.797+0000] {data_modification.py:63} INFO - Updated row with Video_ID: yWEUL3crU_E
[2026-02-16T23:07:09.805+0000] {data_modification.py:63} INFO - Updated row with Video_ID: JgJrQnDIRgg
[2026-02-16T23:07:09.812+0000] {data_modification.py:63} INFO - Updated row with Video_ID: gtkqnhN0VkU
[2026-02-16T23:07:09.818+0000] {data_modification.py:63} INFO - Updated row with Video_ID: oBXSvS2QKxU
[2026-02-16T23:07:09.826+0000] {data_modification.py:63} INFO - Updated row with Video_ID: UTdcX1e0cMA
[2026-02-16T23:07:09.830+0000] {data_modification.py:63} INFO - Updated row with Video_ID: oiZvK6MY7tI
[2026-02-16T23:07:09.836+0000] {data_modification.py:63} INFO - Updated row with Video_ID: F0OkwXKcPSE
[2026-02-16T23:07:09.843+0000] {data_modification.py:63} INFO - Updated row with Video_ID: 686PL7rt654
[2026-02-16T23:07:09.860+0000] {data_modification.py:63} INFO - Updated row with Video_ID: wIpWCJKfRXs
[2026-02-16T23:07:09.872+0000] {data_modification.py:63} INFO - Updated row with Video_ID: 9Xeepzg1B8I
[2026-02-16T23:07:09.891+0000] {data_modification.py:63} INFO - Updated row with Video_ID: 50G0kIty7Cg
[2026-02-16T23:07:09.901+0000] {data_modification.py:63} INFO - Updated row with Video_ID: 4l97aNza_Zc
[2026-02-16T23:07:09.910+0000] {data_modification.py:63} INFO - Updated row with Video_ID: 3ih2bPKSWsQ
[2026-02-16T23:07:09.921+0000] {data_modification.py:63} INFO - Updated row with Video_ID: uA9Zcg3vHvo
[2026-02-16T23:07:09.933+0000] {data_modification.py:63} INFO - Updated row with Video_ID: _AbFXuGDRTs
[2026-02-16T23:07:09.946+0000] {data_modification.py:63} INFO - Updated row with Video_ID: MOGW3v3pJ5Y
[2026-02-16T23:07:09.956+0000] {data_modification.py:63} INFO - Updated row with Video_ID: XbaZ45LVzzM
[2026-02-16T23:07:09.963+0000] {data_modification.py:63} INFO - Updated row with Video_ID: gar4U3n-ILY
[2026-02-16T23:07:09.967+0000] {data_modification.py:63} INFO - Updated row with Video_ID: 9WEQts7b8Pw
[2026-02-16T23:07:09.972+0000] {data_modification.py:63} INFO - Updated row with Video_ID: _sBRk9ADpK8
[2026-02-16T23:07:09.977+0000] {data_modification.py:63} INFO - Updated row with Video_ID: kNLr-cduzuo
[2026-02-16T23:07:09.981+0000] {data_modification.py:63} INFO - Updated row with Video_ID: pAnGwRiQ4-4
[2026-02-16T23:07:09.991+0000] {data_modification.py:63} INFO - Updated row with Video_ID: wSh8fAFWEWs
[2026-02-16T23:07:09.997+0000] {data_modification.py:63} INFO - Updated row with Video_ID: 3GNyw4uaAqU
[2026-02-16T23:07:10.006+0000] {data_modification.py:63} INFO - Updated row with Video_ID: zo7i8VTpfNM
[2026-02-16T23:07:10.008+0000] {dwh.py:82} INFO - core table update completed
[2026-02-16T23:07:10.010+0000] {python.py:237} INFO - Done. Returned value was: None
[2026-02-16T23:07:10.014+0000] {taskinstance.py:441} INFO - ::group::Post task execution logs
[2026-02-16T23:07:10.046+0000] {taskinstance.py:1206} INFO - Marking task as SUCCESS. dag_id=update_db, task_id=core_table, run_id=manual__2026-02-16T23:07:04.142546+00:00, execution_date=20260216T230704, start_date=20260216T230708, end_date=20260216T230710
[2026-02-16T23:07:10.147+0000] {local_task_job_runner.py:240} INFO - Task exited with return code 0
[2026-02-16T23:07:10.218+0000] {taskinstance.py:3503} INFO - 0 downstream tasks scheduled from follow-on schedule check
[2026-02-16T23:07:10.227+0000] {local_task_job_runner.py:222} INFO - ::endgroup::
