[2026-02-15T17:27:49.596+0000] {local_task_job_runner.py:120} INFO - ::group::Pre task execution logs
[2026-02-15T17:27:49.671+0000] {taskinstance.py:2076} INFO - Dependencies all met for dep_context=non-requeueable deps ti=<TaskInstance: update_db.staging_table scheduled__2026-02-14T15:00:00+00:00 [queued]>
[2026-02-15T17:27:49.688+0000] {taskinstance.py:2076} INFO - Dependencies all met for dep_context=requeueable deps ti=<TaskInstance: update_db.staging_table scheduled__2026-02-14T15:00:00+00:00 [queued]>
[2026-02-15T17:27:49.689+0000] {taskinstance.py:2306} INFO - Starting attempt 1 of 1
[2026-02-15T17:27:49.719+0000] {taskinstance.py:2330} INFO - Executing <Task(_PythonDecoratedOperator): staging_table> on 2026-02-14 15:00:00+00:00
[2026-02-15T17:27:49.746+0000] {standard_task_runner.py:63} INFO - Started process 3265 to run task
[2026-02-15T17:27:49.756+0000] {standard_task_runner.py:90} INFO - Running: ['airflow', 'tasks', 'run', 'update_db', 'staging_table', 'scheduled__2026-02-14T15:00:00+00:00', '--job-id', '65', '--raw', '--subdir', 'DAGS_FOLDER/main.py', '--cfg-path', '/tmp/tmp2mthj2rs']
[2026-02-15T17:27:49.758+0000] {standard_task_runner.py:91} INFO - Job 65: Subtask staging_table
[2026-02-15T17:27:49.891+0000] {task_command.py:426} INFO - Running <TaskInstance: update_db.staging_table scheduled__2026-02-14T15:00:00+00:00 [running]> on host a9a9531a1f20
[2026-02-15T17:27:50.080+0000] {taskinstance.py:2648} INFO - Exporting env vars: AIRFLOW_CTX_DAG_EMAIL='data@engineers.com' AIRFLOW_CTX_DAG_OWNER='dataengineers' AIRFLOW_CTX_DAG_ID='update_db' AIRFLOW_CTX_TASK_ID='staging_table' AIRFLOW_CTX_EXECUTION_DATE='2026-02-14T15:00:00+00:00' AIRFLOW_CTX_TRY_NUMBER='1' AIRFLOW_CTX_DAG_RUN_ID='scheduled__2026-02-14T15:00:00+00:00'
[2026-02-15T17:27:50.082+0000] {taskinstance.py:430} INFO - ::endgroup::
[2026-02-15T17:27:50.083+0000] {taskinstance.py:441} INFO - ::group::Post task execution logs
[2026-02-15T17:27:50.084+0000] {taskinstance.py:2905} ERROR - Task failed with exception
Traceback (most recent call last):
  File "/home/airflow/.local/lib/python3.10/site-packages/airflow/models/taskinstance.py", line 465, in _execute_task
    result = _execute_callable(context=context, **execute_callable_kwargs)
  File "/home/airflow/.local/lib/python3.10/site-packages/airflow/models/taskinstance.py", line 432, in _execute_callable
    return execute_callable(context=context, **execute_callable_kwargs)
  File "/home/airflow/.local/lib/python3.10/site-packages/airflow/models/baseoperator.py", line 401, in wrapper
    return func(self, *args, **kwargs)
  File "/home/airflow/.local/lib/python3.10/site-packages/airflow/decorators/base.py", line 265, in execute
    return_value = super().execute(context)
  File "/home/airflow/.local/lib/python3.10/site-packages/airflow/models/baseoperator.py", line 401, in wrapper
    return func(self, *args, **kwargs)
  File "/home/airflow/.local/lib/python3.10/site-packages/airflow/operators/python.py", line 235, in execute
    return_value = self.execute_callable()
  File "/home/airflow/.local/lib/python3.10/site-packages/airflow/operators/python.py", line 252, in execute_callable
    return self.python_callable(*self.op_args, **self.op_kwargs)
  File "/opt/airflow/dags/datawarehouse/dwh.py", line 14, in staging_table
    schema=staging
NameError: name 'staging' is not defined
[2026-02-15T17:27:50.111+0000] {taskinstance.py:1206} INFO - Marking task as FAILED. dag_id=update_db, task_id=staging_table, run_id=scheduled__2026-02-14T15:00:00+00:00, execution_date=20260214T150000, start_date=20260215T172749, end_date=20260215T172750
[2026-02-15T17:27:50.138+0000] {standard_task_runner.py:110} ERROR - Failed to execute job 65 for task staging_table (name 'staging' is not defined; 3265)
[2026-02-15T17:27:50.170+0000] {local_task_job_runner.py:240} INFO - Task exited with return code 1
[2026-02-15T17:27:50.210+0000] {taskinstance.py:3503} INFO - 0 downstream tasks scheduled from follow-on schedule check
[2026-02-15T17:27:50.218+0000] {local_task_job_runner.py:222} INFO - ::endgroup::
