[2026-02-15T17:54:05.166+0000] {local_task_job_runner.py:120} INFO - ::group::Pre task execution logs
[2026-02-15T17:54:05.208+0000] {taskinstance.py:2076} INFO - Dependencies all met for dep_context=non-requeueable deps ti=<TaskInstance: update_db.staging_table manual__2026-02-15T17:54:03.740501+00:00 [queued]>
[2026-02-15T17:54:05.227+0000] {taskinstance.py:2076} INFO - Dependencies all met for dep_context=requeueable deps ti=<TaskInstance: update_db.staging_table manual__2026-02-15T17:54:03.740501+00:00 [queued]>
[2026-02-15T17:54:05.228+0000] {taskinstance.py:2306} INFO - Starting attempt 1 of 1
[2026-02-15T17:54:05.255+0000] {taskinstance.py:2330} INFO - Executing <Task(_PythonDecoratedOperator): staging_table> on 2026-02-15 17:54:03.740501+00:00
[2026-02-15T17:54:05.265+0000] {standard_task_runner.py:63} INFO - Started process 3593 to run task
[2026-02-15T17:54:05.274+0000] {standard_task_runner.py:90} INFO - Running: ['airflow', 'tasks', 'run', 'update_db', 'staging_table', 'manual__2026-02-15T17:54:03.740501+00:00', '--job-id', '69', '--raw', '--subdir', 'DAGS_FOLDER/main.py', '--cfg-path', '/tmp/tmp33swan5e']
[2026-02-15T17:54:05.278+0000] {standard_task_runner.py:91} INFO - Job 69: Subtask staging_table
[2026-02-15T17:54:05.401+0000] {task_command.py:426} INFO - Running <TaskInstance: update_db.staging_table manual__2026-02-15T17:54:03.740501+00:00 [running]> on host a9a9531a1f20
[2026-02-15T17:54:05.563+0000] {taskinstance.py:2648} INFO - Exporting env vars: AIRFLOW_CTX_DAG_EMAIL='data@engineers.com' AIRFLOW_CTX_DAG_OWNER='dataengineers' AIRFLOW_CTX_DAG_ID='update_db' AIRFLOW_CTX_TASK_ID='staging_table' AIRFLOW_CTX_EXECUTION_DATE='2026-02-15T17:54:03.740501+00:00' AIRFLOW_CTX_TRY_NUMBER='1' AIRFLOW_CTX_DAG_RUN_ID='manual__2026-02-15T17:54:03.740501+00:00'
[2026-02-15T17:54:05.565+0000] {taskinstance.py:430} INFO - ::endgroup::
[2026-02-15T17:54:05.575+0000] {base.py:84} INFO - Using connection ID 'postgres_db_yt_elt' for task execution.
[2026-02-15T17:54:05.585+0000] {data_loading.py:12} INFO - Processing file: YT_data_2026-02-15
[2026-02-15T17:54:05.589+0000] {base.py:84} INFO - Using connection ID 'postgres_db_yt_elt' for task execution.
[2026-02-15T17:54:05.606+0000] {base.py:84} INFO - Using connection ID 'postgres_db_yt_elt' for task execution.
[2026-02-15T17:54:05.617+0000] {dwh.py:41} ERROR - An error occured during the update of staging table: name 'Video_Id' is not defined
[2026-02-15T17:54:05.618+0000] {taskinstance.py:441} INFO - ::group::Post task execution logs
[2026-02-15T17:54:05.619+0000] {taskinstance.py:2905} ERROR - Task failed with exception
Traceback (most recent call last):
  File "/opt/airflow/dags/datawarehouse/data_modification.py", line 11, in insert_rows
    cur.execute(
  File "/home/airflow/.local/lib/python3.10/site-packages/psycopg2/extras.py", line 236, in execute
    return super().execute(query, vars)
KeyError: 'Video_id'

During handling of the above exception, another exception occurred:

Traceback (most recent call last):
  File "/home/airflow/.local/lib/python3.10/site-packages/airflow/models/taskinstance.py", line 465, in _execute_task
    result = _execute_callable(context=context, **execute_callable_kwargs)
  File "/home/airflow/.local/lib/python3.10/site-packages/airflow/models/taskinstance.py", line 432, in _execute_callable
    return execute_callable(context=context, **execute_callable_kwargs)
  File "/home/airflow/.local/lib/python3.10/site-packages/airflow/models/baseoperator.py", line 401, in wrapper
    return func(self, *args, **kwargs)
  File "/home/airflow/.local/lib/python3.10/site-packages/airflow/decorators/base.py", line 265, in execute
    return_value = super().execute(context)
  File "/home/airflow/.local/lib/python3.10/site-packages/airflow/models/baseoperator.py", line 401, in wrapper
    return func(self, *args, **kwargs)
  File "/home/airflow/.local/lib/python3.10/site-packages/airflow/operators/python.py", line 235, in execute
    return_value = self.execute_callable()
  File "/home/airflow/.local/lib/python3.10/site-packages/airflow/operators/python.py", line 252, in execute_callable
    return self.python_callable(*self.op_args, **self.op_kwargs)
  File "/opt/airflow/dags/datawarehouse/dwh.py", line 42, in staging_table
    raise e
  File "/opt/airflow/dags/datawarehouse/dwh.py", line 25, in staging_table
    insert_rows(cur,conn,schema,row)
  File "/opt/airflow/dags/datawarehouse/data_modification.py", line 27, in insert_rows
    logger.error(f"Error inserting row with Video ID: {row[Video_Id]}")
NameError: name 'Video_Id' is not defined
[2026-02-15T17:54:05.635+0000] {taskinstance.py:1206} INFO - Marking task as FAILED. dag_id=update_db, task_id=staging_table, run_id=manual__2026-02-15T17:54:03.740501+00:00, execution_date=20260215T175403, start_date=20260215T175405, end_date=20260215T175405
[2026-02-15T17:54:05.656+0000] {standard_task_runner.py:110} ERROR - Failed to execute job 69 for task staging_table (name 'Video_Id' is not defined; 3593)
[2026-02-15T17:54:05.706+0000] {local_task_job_runner.py:240} INFO - Task exited with return code 1
[2026-02-15T17:54:05.743+0000] {taskinstance.py:3503} INFO - 0 downstream tasks scheduled from follow-on schedule check
[2026-02-15T17:54:05.746+0000] {local_task_job_runner.py:222} INFO - ::endgroup::
