[2026-02-08T18:29:16.641+0000] {processor.py:161} INFO - Started process (PID=2479) to work on /opt/airflow/dags/main.py
[2026-02-08T18:29:16.925+0000] {processor.py:830} INFO - Processing file /opt/airflow/dags/main.py for tasks to queue
[2026-02-08T18:29:17.580+0000] {logging_mixin.py:188} INFO - [2026-02-08T18:29:16.927+0000] {dagbag.py:545} INFO - Filling up the DagBag from /opt/airflow/dags/main.py
[2026-02-08T18:29:18.093+0000] {processor.py:840} INFO - DAG(s) 'produce_json' retrieved from /opt/airflow/dags/main.py
[2026-02-08T18:29:20.933+0000] {logging_mixin.py:188} INFO - [2026-02-08T18:29:20.932+0000] {dag.py:3096} INFO - Sync 1 DAGs
[2026-02-08T18:29:21.603+0000] {logging_mixin.py:188} INFO - [2026-02-08T18:29:21.602+0000] {dag.py:3954} INFO - Setting next_dagrun for produce_json to 2026-02-07 14:00:00+00:00, run_after=2026-02-08 14:00:00+00:00
[2026-02-08T18:29:21.909+0000] {processor.py:183} INFO - Processing /opt/airflow/dags/main.py took 5.288 seconds
[2026-02-08T18:29:52.319+0000] {processor.py:161} INFO - Started process (PID=2486) to work on /opt/airflow/dags/main.py
[2026-02-08T18:29:52.345+0000] {processor.py:830} INFO - Processing file /opt/airflow/dags/main.py for tasks to queue
[2026-02-08T18:29:52.352+0000] {logging_mixin.py:188} INFO - [2026-02-08T18:29:52.349+0000] {dagbag.py:545} INFO - Filling up the DagBag from /opt/airflow/dags/main.py
[2026-02-08T18:29:52.767+0000] {processor.py:840} INFO - DAG(s) 'produce_json' retrieved from /opt/airflow/dags/main.py
[2026-02-08T18:29:53.508+0000] {logging_mixin.py:188} INFO - [2026-02-08T18:29:53.498+0000] {dag.py:3096} INFO - Sync 1 DAGs
[2026-02-08T18:29:54.013+0000] {logging_mixin.py:188} INFO - [2026-02-08T18:29:54.012+0000] {dag.py:3954} INFO - Setting next_dagrun for produce_json to 2026-02-08 14:00:00+00:00, run_after=2026-02-09 14:00:00+00:00
[2026-02-08T18:29:54.448+0000] {processor.py:183} INFO - Processing /opt/airflow/dags/main.py took 2.185 seconds
[2026-02-08T18:30:24.582+0000] {processor.py:161} INFO - Started process (PID=2499) to work on /opt/airflow/dags/main.py
[2026-02-08T18:30:24.586+0000] {processor.py:830} INFO - Processing file /opt/airflow/dags/main.py for tasks to queue
[2026-02-08T18:30:24.594+0000] {logging_mixin.py:188} INFO - [2026-02-08T18:30:24.591+0000] {dagbag.py:545} INFO - Filling up the DagBag from /opt/airflow/dags/main.py
[2026-02-08T18:30:24.699+0000] {processor.py:840} INFO - DAG(s) 'produce_json' retrieved from /opt/airflow/dags/main.py
[2026-02-08T18:30:24.854+0000] {logging_mixin.py:188} INFO - [2026-02-08T18:30:24.853+0000] {dag.py:3096} INFO - Sync 1 DAGs
[2026-02-08T18:30:24.960+0000] {logging_mixin.py:188} INFO - [2026-02-08T18:30:24.959+0000] {dag.py:3954} INFO - Setting next_dagrun for produce_json to 2026-02-08 14:00:00+00:00, run_after=2026-02-09 14:00:00+00:00
[2026-02-08T18:30:25.066+0000] {processor.py:183} INFO - Processing /opt/airflow/dags/main.py took 0.515 seconds
[2026-02-08T18:30:55.653+0000] {processor.py:161} INFO - Started process (PID=2506) to work on /opt/airflow/dags/main.py
[2026-02-08T18:30:55.669+0000] {processor.py:830} INFO - Processing file /opt/airflow/dags/main.py for tasks to queue
[2026-02-08T18:30:55.690+0000] {logging_mixin.py:188} INFO - [2026-02-08T18:30:55.672+0000] {dagbag.py:545} INFO - Filling up the DagBag from /opt/airflow/dags/main.py
[2026-02-08T18:30:55.902+0000] {processor.py:840} INFO - DAG(s) 'produce_json' retrieved from /opt/airflow/dags/main.py
[2026-02-08T18:30:56.045+0000] {logging_mixin.py:188} INFO - [2026-02-08T18:30:56.044+0000] {dag.py:3096} INFO - Sync 1 DAGs
[2026-02-08T18:30:56.195+0000] {logging_mixin.py:188} INFO - [2026-02-08T18:30:56.194+0000] {dag.py:3954} INFO - Setting next_dagrun for produce_json to 2026-02-08 14:00:00+00:00, run_after=2026-02-09 14:00:00+00:00
[2026-02-08T18:30:56.332+0000] {processor.py:183} INFO - Processing /opt/airflow/dags/main.py took 0.731 seconds
[2026-02-08T18:31:30.016+0000] {processor.py:161} INFO - Started process (PID=2507) to work on /opt/airflow/dags/main.py
[2026-02-08T18:31:30.133+0000] {processor.py:830} INFO - Processing file /opt/airflow/dags/main.py for tasks to queue
[2026-02-08T18:31:30.135+0000] {logging_mixin.py:188} INFO - [2026-02-08T18:31:30.135+0000] {dagbag.py:545} INFO - Filling up the DagBag from /opt/airflow/dags/main.py
[2026-02-08T18:31:30.875+0000] {processor.py:840} INFO - DAG(s) 'produce_json' retrieved from /opt/airflow/dags/main.py
[2026-02-08T18:31:31.529+0000] {logging_mixin.py:188} INFO - [2026-02-08T18:31:31.529+0000] {dag.py:3096} INFO - Sync 1 DAGs
[2026-02-08T18:31:31.901+0000] {logging_mixin.py:188} INFO - [2026-02-08T18:31:31.901+0000] {dag.py:3954} INFO - Setting next_dagrun for produce_json to 2026-02-08 14:00:00+00:00, run_after=2026-02-09 14:00:00+00:00
[2026-02-08T18:31:32.269+0000] {processor.py:183} INFO - Processing /opt/airflow/dags/main.py took 2.267 seconds
[2026-02-08T18:32:05.155+0000] {processor.py:161} INFO - Started process (PID=2513) to work on /opt/airflow/dags/main.py
[2026-02-08T18:32:05.169+0000] {processor.py:830} INFO - Processing file /opt/airflow/dags/main.py for tasks to queue
[2026-02-08T18:32:05.171+0000] {logging_mixin.py:188} INFO - [2026-02-08T18:32:05.170+0000] {dagbag.py:545} INFO - Filling up the DagBag from /opt/airflow/dags/main.py
[2026-02-08T18:32:05.404+0000] {processor.py:840} INFO - DAG(s) 'produce_json' retrieved from /opt/airflow/dags/main.py
[2026-02-08T18:32:05.952+0000] {logging_mixin.py:188} INFO - [2026-02-08T18:32:05.952+0000] {dag.py:3096} INFO - Sync 1 DAGs
[2026-02-08T18:32:06.432+0000] {logging_mixin.py:188} INFO - [2026-02-08T18:32:06.432+0000] {dag.py:3954} INFO - Setting next_dagrun for produce_json to 2026-02-08 14:00:00+00:00, run_after=2026-02-09 14:00:00+00:00
[2026-02-08T18:32:06.624+0000] {processor.py:183} INFO - Processing /opt/airflow/dags/main.py took 1.721 seconds
[2026-02-08T18:32:39.726+0000] {processor.py:161} INFO - Started process (PID=2519) to work on /opt/airflow/dags/main.py
[2026-02-08T18:32:39.750+0000] {processor.py:830} INFO - Processing file /opt/airflow/dags/main.py for tasks to queue
[2026-02-08T18:32:39.763+0000] {logging_mixin.py:188} INFO - [2026-02-08T18:32:39.762+0000] {dagbag.py:545} INFO - Filling up the DagBag from /opt/airflow/dags/main.py
[2026-02-08T18:32:41.090+0000] {processor.py:840} INFO - DAG(s) 'produce_json' retrieved from /opt/airflow/dags/main.py
[2026-02-08T18:32:41.290+0000] {logging_mixin.py:188} INFO - [2026-02-08T18:32:41.289+0000] {dag.py:3096} INFO - Sync 1 DAGs
[2026-02-08T18:32:41.649+0000] {logging_mixin.py:188} INFO - [2026-02-08T18:32:41.649+0000] {dag.py:3954} INFO - Setting next_dagrun for produce_json to 2026-02-08 14:00:00+00:00, run_after=2026-02-09 14:00:00+00:00
[2026-02-08T18:32:43.403+0000] {processor.py:183} INFO - Processing /opt/airflow/dags/main.py took 3.766 seconds
[2026-02-08T18:33:14.446+0000] {processor.py:161} INFO - Started process (PID=2532) to work on /opt/airflow/dags/main.py
[2026-02-08T18:33:14.449+0000] {processor.py:830} INFO - Processing file /opt/airflow/dags/main.py for tasks to queue
[2026-02-08T18:33:14.453+0000] {logging_mixin.py:188} INFO - [2026-02-08T18:33:14.450+0000] {dagbag.py:545} INFO - Filling up the DagBag from /opt/airflow/dags/main.py
[2026-02-08T18:33:14.517+0000] {processor.py:840} INFO - DAG(s) 'produce_json' retrieved from /opt/airflow/dags/main.py
[2026-02-08T18:33:14.674+0000] {logging_mixin.py:188} INFO - [2026-02-08T18:33:14.673+0000] {dag.py:3096} INFO - Sync 1 DAGs
[2026-02-08T18:33:14.772+0000] {logging_mixin.py:188} INFO - [2026-02-08T18:33:14.771+0000] {dag.py:3954} INFO - Setting next_dagrun for produce_json to 2026-02-08 14:00:00+00:00, run_after=2026-02-09 14:00:00+00:00
[2026-02-08T18:33:15.157+0000] {processor.py:183} INFO - Processing /opt/airflow/dags/main.py took 0.807 seconds
[2026-02-08T18:33:45.905+0000] {processor.py:161} INFO - Started process (PID=2539) to work on /opt/airflow/dags/main.py
[2026-02-08T18:33:45.908+0000] {processor.py:830} INFO - Processing file /opt/airflow/dags/main.py for tasks to queue
[2026-02-08T18:33:45.910+0000] {logging_mixin.py:188} INFO - [2026-02-08T18:33:45.909+0000] {dagbag.py:545} INFO - Filling up the DagBag from /opt/airflow/dags/main.py
[2026-02-08T18:33:45.979+0000] {processor.py:840} INFO - DAG(s) 'produce_json' retrieved from /opt/airflow/dags/main.py
[2026-02-08T18:33:46.161+0000] {logging_mixin.py:188} INFO - [2026-02-08T18:33:46.159+0000] {dag.py:3096} INFO - Sync 1 DAGs
[2026-02-08T18:33:46.242+0000] {logging_mixin.py:188} INFO - [2026-02-08T18:33:46.240+0000] {dag.py:3954} INFO - Setting next_dagrun for produce_json to 2026-02-08 14:00:00+00:00, run_after=2026-02-09 14:00:00+00:00
[2026-02-08T18:33:46.398+0000] {processor.py:183} INFO - Processing /opt/airflow/dags/main.py took 0.519 seconds
[2026-02-08T18:34:16.650+0000] {processor.py:161} INFO - Started process (PID=2547) to work on /opt/airflow/dags/main.py
[2026-02-08T18:34:16.653+0000] {processor.py:830} INFO - Processing file /opt/airflow/dags/main.py for tasks to queue
[2026-02-08T18:34:16.655+0000] {logging_mixin.py:188} INFO - [2026-02-08T18:34:16.654+0000] {dagbag.py:545} INFO - Filling up the DagBag from /opt/airflow/dags/main.py
[2026-02-08T18:34:16.772+0000] {processor.py:840} INFO - DAG(s) 'produce_json' retrieved from /opt/airflow/dags/main.py
[2026-02-08T18:34:16.863+0000] {logging_mixin.py:188} INFO - [2026-02-08T18:34:16.863+0000] {dag.py:3096} INFO - Sync 1 DAGs
[2026-02-08T18:34:16.920+0000] {logging_mixin.py:188} INFO - [2026-02-08T18:34:16.919+0000] {dag.py:3954} INFO - Setting next_dagrun for produce_json to 2026-02-08 14:00:00+00:00, run_after=2026-02-09 14:00:00+00:00
[2026-02-08T18:34:16.979+0000] {processor.py:183} INFO - Processing /opt/airflow/dags/main.py took 0.358 seconds
[2026-02-08T19:15:27.735+0000] {processor.py:161} INFO - Started process (PID=2548) to work on /opt/airflow/dags/main.py
[2026-02-08T19:15:27.775+0000] {processor.py:830} INFO - Processing file /opt/airflow/dags/main.py for tasks to queue
[2026-02-08T19:15:27.777+0000] {logging_mixin.py:188} INFO - [2026-02-08T19:15:27.776+0000] {dagbag.py:545} INFO - Filling up the DagBag from /opt/airflow/dags/main.py
[2026-02-08T19:15:27.948+0000] {processor.py:840} INFO - DAG(s) 'produce_json' retrieved from /opt/airflow/dags/main.py
[2026-02-08T19:15:28.286+0000] {logging_mixin.py:188} INFO - [2026-02-08T19:15:28.286+0000] {dag.py:3096} INFO - Sync 1 DAGs
[2026-02-08T19:15:28.559+0000] {logging_mixin.py:188} INFO - [2026-02-08T19:15:28.559+0000] {dag.py:3954} INFO - Setting next_dagrun for produce_json to 2026-02-08 14:00:00+00:00, run_after=2026-02-09 14:00:00+00:00
[2026-02-08T19:15:29.061+0000] {processor.py:183} INFO - Processing /opt/airflow/dags/main.py took 1.423 seconds
[2026-02-08T19:15:59.357+0000] {processor.py:161} INFO - Started process (PID=2561) to work on /opt/airflow/dags/main.py
[2026-02-08T19:15:59.361+0000] {processor.py:830} INFO - Processing file /opt/airflow/dags/main.py for tasks to queue
[2026-02-08T19:15:59.362+0000] {logging_mixin.py:188} INFO - [2026-02-08T19:15:59.362+0000] {dagbag.py:545} INFO - Filling up the DagBag from /opt/airflow/dags/main.py
[2026-02-08T19:15:59.453+0000] {processor.py:840} INFO - DAG(s) 'produce_json' retrieved from /opt/airflow/dags/main.py
[2026-02-08T19:15:59.542+0000] {logging_mixin.py:188} INFO - [2026-02-08T19:15:59.541+0000] {dag.py:3096} INFO - Sync 1 DAGs
[2026-02-08T19:15:59.598+0000] {logging_mixin.py:188} INFO - [2026-02-08T19:15:59.598+0000] {dag.py:3954} INFO - Setting next_dagrun for produce_json to 2026-02-08 14:00:00+00:00, run_after=2026-02-09 14:00:00+00:00
[2026-02-08T19:15:59.649+0000] {processor.py:183} INFO - Processing /opt/airflow/dags/main.py took 0.304 seconds
[2026-02-08T19:16:29.927+0000] {processor.py:161} INFO - Started process (PID=2568) to work on /opt/airflow/dags/main.py
[2026-02-08T19:16:29.930+0000] {processor.py:830} INFO - Processing file /opt/airflow/dags/main.py for tasks to queue
[2026-02-08T19:16:29.932+0000] {logging_mixin.py:188} INFO - [2026-02-08T19:16:29.932+0000] {dagbag.py:545} INFO - Filling up the DagBag from /opt/airflow/dags/main.py
[2026-02-08T19:16:30.001+0000] {processor.py:840} INFO - DAG(s) 'produce_json' retrieved from /opt/airflow/dags/main.py
[2026-02-08T19:16:30.095+0000] {logging_mixin.py:188} INFO - [2026-02-08T19:16:30.094+0000] {dag.py:3096} INFO - Sync 1 DAGs
[2026-02-08T19:16:30.151+0000] {logging_mixin.py:188} INFO - [2026-02-08T19:16:30.150+0000] {dag.py:3954} INFO - Setting next_dagrun for produce_json to 2026-02-08 14:00:00+00:00, run_after=2026-02-09 14:00:00+00:00
[2026-02-08T19:16:30.204+0000] {processor.py:183} INFO - Processing /opt/airflow/dags/main.py took 0.298 seconds
[2026-02-08T19:17:55.350+0000] {processor.py:161} INFO - Started process (PID=2569) to work on /opt/airflow/dags/main.py
[2026-02-08T19:17:56.022+0000] {processor.py:830} INFO - Processing file /opt/airflow/dags/main.py for tasks to queue
[2026-02-08T19:17:56.030+0000] {logging_mixin.py:188} INFO - [2026-02-08T19:17:56.030+0000] {dagbag.py:545} INFO - Filling up the DagBag from /opt/airflow/dags/main.py
[2026-02-08T19:17:56.089+0000] {processor.py:840} INFO - DAG(s) 'produce_json' retrieved from /opt/airflow/dags/main.py
[2026-02-08T19:18:49.480+0000] {processor.py:161} INFO - Started process (PID=2571) to work on /opt/airflow/dags/main.py
[2026-02-08T19:18:49.486+0000] {processor.py:830} INFO - Processing file /opt/airflow/dags/main.py for tasks to queue
[2026-02-08T19:18:49.492+0000] {logging_mixin.py:188} INFO - [2026-02-08T19:18:49.491+0000] {dagbag.py:545} INFO - Filling up the DagBag from /opt/airflow/dags/main.py
[2026-02-08T19:18:49.544+0000] {processor.py:840} INFO - DAG(s) 'produce_json' retrieved from /opt/airflow/dags/main.py
[2026-02-08T19:18:49.602+0000] {logging_mixin.py:188} INFO - [2026-02-08T19:18:49.602+0000] {dag.py:3096} INFO - Sync 1 DAGs
[2026-02-08T19:18:49.639+0000] {logging_mixin.py:188} INFO - [2026-02-08T19:18:49.639+0000] {dag.py:3954} INFO - Setting next_dagrun for produce_json to 2026-02-08 14:00:00+00:00, run_after=2026-02-09 14:00:00+00:00
[2026-02-08T19:18:49.698+0000] {processor.py:183} INFO - Processing /opt/airflow/dags/main.py took 0.234 seconds
[2026-02-08T19:19:19.965+0000] {processor.py:161} INFO - Started process (PID=2578) to work on /opt/airflow/dags/main.py
[2026-02-08T19:19:19.967+0000] {processor.py:830} INFO - Processing file /opt/airflow/dags/main.py for tasks to queue
[2026-02-08T19:19:19.969+0000] {logging_mixin.py:188} INFO - [2026-02-08T19:19:19.968+0000] {dagbag.py:545} INFO - Filling up the DagBag from /opt/airflow/dags/main.py
[2026-02-08T19:19:20.016+0000] {processor.py:840} INFO - DAG(s) 'produce_json' retrieved from /opt/airflow/dags/main.py
[2026-02-08T19:19:20.062+0000] {logging_mixin.py:188} INFO - [2026-02-08T19:19:20.062+0000] {dag.py:3096} INFO - Sync 1 DAGs
[2026-02-08T19:19:20.105+0000] {logging_mixin.py:188} INFO - [2026-02-08T19:19:20.105+0000] {dag.py:3954} INFO - Setting next_dagrun for produce_json to 2026-02-08 14:00:00+00:00, run_after=2026-02-09 14:00:00+00:00
[2026-02-08T19:19:20.138+0000] {processor.py:183} INFO - Processing /opt/airflow/dags/main.py took 0.188 seconds
[2026-02-08T19:19:50.515+0000] {processor.py:161} INFO - Started process (PID=2585) to work on /opt/airflow/dags/main.py
[2026-02-08T19:19:50.519+0000] {processor.py:830} INFO - Processing file /opt/airflow/dags/main.py for tasks to queue
[2026-02-08T19:19:50.521+0000] {logging_mixin.py:188} INFO - [2026-02-08T19:19:50.520+0000] {dagbag.py:545} INFO - Filling up the DagBag from /opt/airflow/dags/main.py
[2026-02-08T19:19:50.580+0000] {processor.py:840} INFO - DAG(s) 'produce_json' retrieved from /opt/airflow/dags/main.py
[2026-02-08T19:19:50.663+0000] {logging_mixin.py:188} INFO - [2026-02-08T19:19:50.663+0000] {dag.py:3096} INFO - Sync 1 DAGs
[2026-02-08T19:19:50.701+0000] {logging_mixin.py:188} INFO - [2026-02-08T19:19:50.701+0000] {dag.py:3954} INFO - Setting next_dagrun for produce_json to 2026-02-08 14:00:00+00:00, run_after=2026-02-09 14:00:00+00:00
[2026-02-08T19:19:50.744+0000] {processor.py:183} INFO - Processing /opt/airflow/dags/main.py took 0.245 seconds
[2026-02-08T19:20:20.833+0000] {processor.py:161} INFO - Started process (PID=2593) to work on /opt/airflow/dags/main.py
[2026-02-08T19:20:20.836+0000] {processor.py:830} INFO - Processing file /opt/airflow/dags/main.py for tasks to queue
[2026-02-08T19:20:20.838+0000] {logging_mixin.py:188} INFO - [2026-02-08T19:20:20.837+0000] {dagbag.py:545} INFO - Filling up the DagBag from /opt/airflow/dags/main.py
[2026-02-08T19:20:20.926+0000] {processor.py:840} INFO - DAG(s) 'produce_json' retrieved from /opt/airflow/dags/main.py
[2026-02-08T19:20:20.991+0000] {logging_mixin.py:188} INFO - [2026-02-08T19:20:20.991+0000] {dag.py:3096} INFO - Sync 1 DAGs
[2026-02-08T19:20:21.048+0000] {logging_mixin.py:188} INFO - [2026-02-08T19:20:21.048+0000] {dag.py:3954} INFO - Setting next_dagrun for produce_json to 2026-02-08 14:00:00+00:00, run_after=2026-02-09 14:00:00+00:00
[2026-02-08T19:20:21.081+0000] {processor.py:183} INFO - Processing /opt/airflow/dags/main.py took 0.260 seconds
[2026-02-08T19:20:52.000+0000] {processor.py:161} INFO - Started process (PID=2599) to work on /opt/airflow/dags/main.py
[2026-02-08T19:20:52.005+0000] {processor.py:830} INFO - Processing file /opt/airflow/dags/main.py for tasks to queue
[2026-02-08T19:20:52.008+0000] {logging_mixin.py:188} INFO - [2026-02-08T19:20:52.007+0000] {dagbag.py:545} INFO - Filling up the DagBag from /opt/airflow/dags/main.py
[2026-02-08T19:20:52.081+0000] {processor.py:840} INFO - DAG(s) 'produce_json' retrieved from /opt/airflow/dags/main.py
[2026-02-08T19:20:52.159+0000] {logging_mixin.py:188} INFO - [2026-02-08T19:20:52.159+0000] {dag.py:3096} INFO - Sync 1 DAGs
[2026-02-08T19:20:52.209+0000] {logging_mixin.py:188} INFO - [2026-02-08T19:20:52.209+0000] {dag.py:3954} INFO - Setting next_dagrun for produce_json to 2026-02-08 14:00:00+00:00, run_after=2026-02-09 14:00:00+00:00
[2026-02-08T19:20:52.262+0000] {processor.py:183} INFO - Processing /opt/airflow/dags/main.py took 0.281 seconds
[2026-02-08T19:21:23.162+0000] {processor.py:161} INFO - Started process (PID=2607) to work on /opt/airflow/dags/main.py
[2026-02-08T19:21:23.164+0000] {processor.py:830} INFO - Processing file /opt/airflow/dags/main.py for tasks to queue
[2026-02-08T19:21:23.166+0000] {logging_mixin.py:188} INFO - [2026-02-08T19:21:23.166+0000] {dagbag.py:545} INFO - Filling up the DagBag from /opt/airflow/dags/main.py
[2026-02-08T19:21:23.230+0000] {processor.py:840} INFO - DAG(s) 'produce_json' retrieved from /opt/airflow/dags/main.py
[2026-02-08T19:21:23.295+0000] {logging_mixin.py:188} INFO - [2026-02-08T19:21:23.294+0000] {dag.py:3096} INFO - Sync 1 DAGs
[2026-02-08T19:21:23.348+0000] {logging_mixin.py:188} INFO - [2026-02-08T19:21:23.347+0000] {dag.py:3954} INFO - Setting next_dagrun for produce_json to 2026-02-08 14:00:00+00:00, run_after=2026-02-09 14:00:00+00:00
[2026-02-08T19:21:23.398+0000] {processor.py:183} INFO - Processing /opt/airflow/dags/main.py took 0.250 seconds
[2026-02-08T19:21:53.584+0000] {processor.py:161} INFO - Started process (PID=2614) to work on /opt/airflow/dags/main.py
[2026-02-08T19:21:53.588+0000] {processor.py:830} INFO - Processing file /opt/airflow/dags/main.py for tasks to queue
[2026-02-08T19:21:53.591+0000] {logging_mixin.py:188} INFO - [2026-02-08T19:21:53.590+0000] {dagbag.py:545} INFO - Filling up the DagBag from /opt/airflow/dags/main.py
[2026-02-08T19:21:53.651+0000] {processor.py:840} INFO - DAG(s) 'produce_json' retrieved from /opt/airflow/dags/main.py
[2026-02-08T19:21:53.733+0000] {logging_mixin.py:188} INFO - [2026-02-08T19:21:53.733+0000] {dag.py:3096} INFO - Sync 1 DAGs
[2026-02-08T19:21:53.789+0000] {logging_mixin.py:188} INFO - [2026-02-08T19:21:53.788+0000] {dag.py:3954} INFO - Setting next_dagrun for produce_json to 2026-02-08 14:00:00+00:00, run_after=2026-02-09 14:00:00+00:00
[2026-02-08T19:21:53.842+0000] {processor.py:183} INFO - Processing /opt/airflow/dags/main.py took 0.273 seconds
[2026-02-08T20:15:13.365+0000] {processor.py:161} INFO - Started process (PID=2615) to work on /opt/airflow/dags/main.py
[2026-02-08T20:15:13.367+0000] {processor.py:830} INFO - Processing file /opt/airflow/dags/main.py for tasks to queue
[2026-02-08T20:15:13.368+0000] {logging_mixin.py:188} INFO - [2026-02-08T20:15:13.368+0000] {dagbag.py:545} INFO - Filling up the DagBag from /opt/airflow/dags/main.py
[2026-02-08T20:15:13.464+0000] {processor.py:840} INFO - DAG(s) 'produce_json' retrieved from /opt/airflow/dags/main.py
[2026-02-08T20:15:13.548+0000] {logging_mixin.py:188} INFO - [2026-02-08T20:15:13.548+0000] {dag.py:3096} INFO - Sync 1 DAGs
[2026-02-08T20:15:13.626+0000] {logging_mixin.py:188} INFO - [2026-02-08T20:15:13.626+0000] {dag.py:3954} INFO - Setting next_dagrun for produce_json to 2026-02-08 14:00:00+00:00, run_after=2026-02-09 14:00:00+00:00
[2026-02-08T20:15:13.719+0000] {processor.py:183} INFO - Processing /opt/airflow/dags/main.py took 0.384 seconds
[2026-02-08T20:15:44.007+0000] {processor.py:161} INFO - Started process (PID=2624) to work on /opt/airflow/dags/main.py
[2026-02-08T20:15:44.009+0000] {processor.py:830} INFO - Processing file /opt/airflow/dags/main.py for tasks to queue
[2026-02-08T20:15:44.010+0000] {logging_mixin.py:188} INFO - [2026-02-08T20:15:44.010+0000] {dagbag.py:545} INFO - Filling up the DagBag from /opt/airflow/dags/main.py
[2026-02-08T20:15:44.052+0000] {processor.py:840} INFO - DAG(s) 'produce_json' retrieved from /opt/airflow/dags/main.py
[2026-02-08T20:15:44.109+0000] {logging_mixin.py:188} INFO - [2026-02-08T20:15:44.109+0000] {dag.py:3096} INFO - Sync 1 DAGs
[2026-02-08T20:15:44.148+0000] {logging_mixin.py:188} INFO - [2026-02-08T20:15:44.148+0000] {dag.py:3954} INFO - Setting next_dagrun for produce_json to 2026-02-08 14:00:00+00:00, run_after=2026-02-09 14:00:00+00:00
[2026-02-08T20:15:44.200+0000] {processor.py:183} INFO - Processing /opt/airflow/dags/main.py took 0.205 seconds
[2026-02-08T20:16:14.447+0000] {processor.py:161} INFO - Started process (PID=2630) to work on /opt/airflow/dags/main.py
[2026-02-08T20:16:14.453+0000] {processor.py:830} INFO - Processing file /opt/airflow/dags/main.py for tasks to queue
[2026-02-08T20:16:14.456+0000] {logging_mixin.py:188} INFO - [2026-02-08T20:16:14.454+0000] {dagbag.py:545} INFO - Filling up the DagBag from /opt/airflow/dags/main.py
[2026-02-08T20:16:14.557+0000] {processor.py:840} INFO - DAG(s) 'produce_json' retrieved from /opt/airflow/dags/main.py
[2026-02-08T20:16:14.674+0000] {logging_mixin.py:188} INFO - [2026-02-08T20:16:14.672+0000] {dag.py:3096} INFO - Sync 1 DAGs
[2026-02-08T20:16:14.743+0000] {logging_mixin.py:188} INFO - [2026-02-08T20:16:14.743+0000] {dag.py:3954} INFO - Setting next_dagrun for produce_json to 2026-02-08 14:00:00+00:00, run_after=2026-02-09 14:00:00+00:00
[2026-02-08T20:16:14.807+0000] {processor.py:183} INFO - Processing /opt/airflow/dags/main.py took 0.387 seconds
[2026-02-08T20:16:45.037+0000] {processor.py:161} INFO - Started process (PID=2644) to work on /opt/airflow/dags/main.py
[2026-02-08T20:16:45.040+0000] {processor.py:830} INFO - Processing file /opt/airflow/dags/main.py for tasks to queue
[2026-02-08T20:16:45.042+0000] {logging_mixin.py:188} INFO - [2026-02-08T20:16:45.041+0000] {dagbag.py:545} INFO - Filling up the DagBag from /opt/airflow/dags/main.py
[2026-02-08T20:16:45.108+0000] {processor.py:840} INFO - DAG(s) 'produce_json' retrieved from /opt/airflow/dags/main.py
[2026-02-08T20:16:45.237+0000] {logging_mixin.py:188} INFO - [2026-02-08T20:16:45.236+0000] {dag.py:3096} INFO - Sync 1 DAGs
[2026-02-08T20:16:45.300+0000] {logging_mixin.py:188} INFO - [2026-02-08T20:16:45.299+0000] {dag.py:3954} INFO - Setting next_dagrun for produce_json to 2026-02-08 14:00:00+00:00, run_after=2026-02-09 14:00:00+00:00
[2026-02-08T20:16:45.344+0000] {processor.py:183} INFO - Processing /opt/airflow/dags/main.py took 0.323 seconds
[2026-02-08T23:00:10.425+0000] {processor.py:161} INFO - Started process (PID=2645) to work on /opt/airflow/dags/main.py
[2026-02-08T23:00:10.463+0000] {processor.py:830} INFO - Processing file /opt/airflow/dags/main.py for tasks to queue
[2026-02-08T23:00:10.467+0000] {logging_mixin.py:188} INFO - [2026-02-08T23:00:10.464+0000] {dagbag.py:545} INFO - Filling up the DagBag from /opt/airflow/dags/main.py
[2026-02-08T23:00:10.697+0000] {processor.py:840} INFO - DAG(s) 'produce_json' retrieved from /opt/airflow/dags/main.py
[2026-02-08T23:00:11.024+0000] {logging_mixin.py:188} INFO - [2026-02-08T23:00:10.995+0000] {dag.py:3096} INFO - Sync 1 DAGs
[2026-02-08T23:00:11.220+0000] {logging_mixin.py:188} INFO - [2026-02-08T23:00:11.219+0000] {dag.py:3954} INFO - Setting next_dagrun for produce_json to 2026-02-08 14:00:00+00:00, run_after=2026-02-09 14:00:00+00:00
[2026-02-08T23:00:11.595+0000] {processor.py:183} INFO - Processing /opt/airflow/dags/main.py took 1.184 seconds
[2026-02-08T23:32:58.247+0000] {processor.py:161} INFO - Started process (PID=2652) to work on /opt/airflow/dags/main.py
[2026-02-08T23:32:58.308+0000] {processor.py:830} INFO - Processing file /opt/airflow/dags/main.py for tasks to queue
[2026-02-08T23:32:58.310+0000] {logging_mixin.py:188} INFO - [2026-02-08T23:32:58.309+0000] {dagbag.py:545} INFO - Filling up the DagBag from /opt/airflow/dags/main.py
[2026-02-08T23:32:58.366+0000] {processor.py:840} INFO - DAG(s) 'produce_json' retrieved from /opt/airflow/dags/main.py
[2026-02-08T23:32:58.736+0000] {logging_mixin.py:188} INFO - [2026-02-08T23:32:58.730+0000] {dag.py:3096} INFO - Sync 1 DAGs
[2026-02-08T23:32:58.824+0000] {logging_mixin.py:188} INFO - [2026-02-08T23:32:58.824+0000] {dag.py:3954} INFO - Setting next_dagrun for produce_json to 2026-02-08 14:00:00+00:00, run_after=2026-02-09 14:00:00+00:00
[2026-02-08T23:32:58.879+0000] {processor.py:183} INFO - Processing /opt/airflow/dags/main.py took 0.647 seconds
[2026-02-08T23:35:41.740+0000] {processor.py:161} INFO - Started process (PID=2659) to work on /opt/airflow/dags/main.py
[2026-02-08T23:35:41.743+0000] {processor.py:830} INFO - Processing file /opt/airflow/dags/main.py for tasks to queue
[2026-02-08T23:35:41.745+0000] {logging_mixin.py:188} INFO - [2026-02-08T23:35:41.744+0000] {dagbag.py:545} INFO - Filling up the DagBag from /opt/airflow/dags/main.py
[2026-02-08T23:35:41.837+0000] {processor.py:840} INFO - DAG(s) 'produce_json' retrieved from /opt/airflow/dags/main.py
[2026-02-08T23:35:42.034+0000] {logging_mixin.py:188} INFO - [2026-02-08T23:35:42.022+0000] {dag.py:3096} INFO - Sync 1 DAGs
[2026-02-08T23:35:42.222+0000] {logging_mixin.py:188} INFO - [2026-02-08T23:35:42.218+0000] {dag.py:3954} INFO - Setting next_dagrun for produce_json to 2026-02-08 14:00:00+00:00, run_after=2026-02-09 14:00:00+00:00
[2026-02-08T23:35:42.349+0000] {processor.py:183} INFO - Processing /opt/airflow/dags/main.py took 0.646 seconds
[2026-02-08T23:36:41.259+0000] {processor.py:161} INFO - Started process (PID=2666) to work on /opt/airflow/dags/main.py
[2026-02-08T23:36:41.261+0000] {processor.py:830} INFO - Processing file /opt/airflow/dags/main.py for tasks to queue
[2026-02-08T23:36:41.266+0000] {logging_mixin.py:188} INFO - [2026-02-08T23:36:41.262+0000] {dagbag.py:545} INFO - Filling up the DagBag from /opt/airflow/dags/main.py
[2026-02-08T23:36:41.358+0000] {processor.py:840} INFO - DAG(s) 'produce_json' retrieved from /opt/airflow/dags/main.py
[2026-02-08T23:36:41.549+0000] {logging_mixin.py:188} INFO - [2026-02-08T23:36:41.548+0000] {dag.py:3096} INFO - Sync 1 DAGs
[2026-02-08T23:36:41.676+0000] {logging_mixin.py:188} INFO - [2026-02-08T23:36:41.675+0000] {dag.py:3954} INFO - Setting next_dagrun for produce_json to 2026-02-08 14:00:00+00:00, run_after=2026-02-09 14:00:00+00:00
[2026-02-08T23:36:41.884+0000] {processor.py:183} INFO - Processing /opt/airflow/dags/main.py took 0.687 seconds
[2026-02-08T23:40:43.330+0000] {processor.py:161} INFO - Started process (PID=2673) to work on /opt/airflow/dags/main.py
[2026-02-08T23:40:43.332+0000] {processor.py:830} INFO - Processing file /opt/airflow/dags/main.py for tasks to queue
[2026-02-08T23:40:43.334+0000] {logging_mixin.py:188} INFO - [2026-02-08T23:40:43.333+0000] {dagbag.py:545} INFO - Filling up the DagBag from /opt/airflow/dags/main.py
[2026-02-08T23:40:43.539+0000] {processor.py:840} INFO - DAG(s) 'produce_json' retrieved from /opt/airflow/dags/main.py
[2026-02-08T23:40:44.041+0000] {logging_mixin.py:188} INFO - [2026-02-08T23:40:44.036+0000] {dag.py:3096} INFO - Sync 1 DAGs
[2026-02-08T23:40:44.176+0000] {logging_mixin.py:188} INFO - [2026-02-08T23:40:44.175+0000] {dag.py:3954} INFO - Setting next_dagrun for produce_json to 2026-02-08 14:00:00+00:00, run_after=2026-02-09 14:00:00+00:00
[2026-02-08T23:40:44.535+0000] {processor.py:183} INFO - Processing /opt/airflow/dags/main.py took 1.233 seconds
[2026-02-08T23:45:15.203+0000] {processor.py:161} INFO - Started process (PID=2680) to work on /opt/airflow/dags/main.py
[2026-02-08T23:45:15.258+0000] {processor.py:830} INFO - Processing file /opt/airflow/dags/main.py for tasks to queue
[2026-02-08T23:45:15.260+0000] {logging_mixin.py:188} INFO - [2026-02-08T23:45:15.259+0000] {dagbag.py:545} INFO - Filling up the DagBag from /opt/airflow/dags/main.py
[2026-02-08T23:45:15.412+0000] {processor.py:840} INFO - DAG(s) 'produce_json' retrieved from /opt/airflow/dags/main.py
[2026-02-08T23:45:15.875+0000] {logging_mixin.py:188} INFO - [2026-02-08T23:45:15.874+0000] {dag.py:3096} INFO - Sync 1 DAGs
[2026-02-08T23:45:15.997+0000] {logging_mixin.py:188} INFO - [2026-02-08T23:45:15.996+0000] {dag.py:3954} INFO - Setting next_dagrun for produce_json to 2026-02-08 14:00:00+00:00, run_after=2026-02-09 14:00:00+00:00
[2026-02-08T23:45:16.122+0000] {processor.py:183} INFO - Processing /opt/airflow/dags/main.py took 1.099 seconds
[2026-02-08T23:48:06.077+0000] {processor.py:161} INFO - Started process (PID=2686) to work on /opt/airflow/dags/main.py
[2026-02-08T23:48:06.098+0000] {processor.py:830} INFO - Processing file /opt/airflow/dags/main.py for tasks to queue
[2026-02-08T23:48:06.099+0000] {logging_mixin.py:188} INFO - [2026-02-08T23:48:06.099+0000] {dagbag.py:545} INFO - Filling up the DagBag from /opt/airflow/dags/main.py
[2026-02-08T23:48:06.170+0000] {processor.py:840} INFO - DAG(s) 'produce_json' retrieved from /opt/airflow/dags/main.py
[2026-02-08T23:48:07.183+0000] {logging_mixin.py:188} INFO - [2026-02-08T23:48:07.183+0000] {dag.py:3096} INFO - Sync 1 DAGs
[2026-02-08T23:48:07.429+0000] {logging_mixin.py:188} INFO - [2026-02-08T23:48:07.428+0000] {dag.py:3954} INFO - Setting next_dagrun for produce_json to 2026-02-08 14:00:00+00:00, run_after=2026-02-09 14:00:00+00:00
[2026-02-08T23:48:07.615+0000] {processor.py:183} INFO - Processing /opt/airflow/dags/main.py took 1.615 seconds
