[2026-02-15T18:24:33.173+0000] {local_task_job_runner.py:120} INFO - ::group::Pre task execution logs
[2026-02-15T18:24:33.229+0000] {taskinstance.py:2076} INFO - Dependencies all met for dep_context=non-requeueable deps ti=<TaskInstance: update_db.staging_table manual__2026-02-15T18:24:31.159849+00:00 [queued]>
[2026-02-15T18:24:33.241+0000] {taskinstance.py:2076} INFO - Dependencies all met for dep_context=requeueable deps ti=<TaskInstance: update_db.staging_table manual__2026-02-15T18:24:31.159849+00:00 [queued]>
[2026-02-15T18:24:33.242+0000] {taskinstance.py:2306} INFO - Starting attempt 1 of 1
[2026-02-15T18:24:33.282+0000] {taskinstance.py:2330} INFO - Executing <Task(_PythonDecoratedOperator): staging_table> on 2026-02-15 18:24:31.159849+00:00
[2026-02-15T18:24:33.288+0000] {standard_task_runner.py:63} INFO - Started process 3985 to run task
[2026-02-15T18:24:33.298+0000] {standard_task_runner.py:90} INFO - Running: ['airflow', 'tasks', 'run', 'update_db', 'staging_table', 'manual__2026-02-15T18:24:31.159849+00:00', '--job-id', '75', '--raw', '--subdir', 'DAGS_FOLDER/main.py', '--cfg-path', '/tmp/tmpy2cjznqp']
[2026-02-15T18:24:33.309+0000] {standard_task_runner.py:91} INFO - Job 75: Subtask staging_table
[2026-02-15T18:24:33.499+0000] {task_command.py:426} INFO - Running <TaskInstance: update_db.staging_table manual__2026-02-15T18:24:31.159849+00:00 [running]> on host a9a9531a1f20
[2026-02-15T18:24:33.757+0000] {taskinstance.py:2648} INFO - Exporting env vars: AIRFLOW_CTX_DAG_EMAIL='data@engineers.com' AIRFLOW_CTX_DAG_OWNER='dataengineers' AIRFLOW_CTX_DAG_ID='update_db' AIRFLOW_CTX_TASK_ID='staging_table' AIRFLOW_CTX_EXECUTION_DATE='2026-02-15T18:24:31.159849+00:00' AIRFLOW_CTX_TRY_NUMBER='1' AIRFLOW_CTX_DAG_RUN_ID='manual__2026-02-15T18:24:31.159849+00:00'
[2026-02-15T18:24:33.759+0000] {taskinstance.py:430} INFO - ::endgroup::
[2026-02-15T18:24:33.769+0000] {base.py:84} INFO - Using connection ID 'postgres_db_yt_elt' for task execution.
[2026-02-15T18:24:33.778+0000] {data_loading.py:12} INFO - Processing file: YT_data_2026-02-15
[2026-02-15T18:24:33.781+0000] {base.py:84} INFO - Using connection ID 'postgres_db_yt_elt' for task execution.
[2026-02-15T18:24:33.803+0000] {base.py:84} INFO - Using connection ID 'postgres_db_yt_elt' for task execution.
[2026-02-15T18:24:33.824+0000] {data_modification.py:62} INFO - Updated row with Video_ID: XbaZ45LVzzM
[2026-02-15T18:24:33.827+0000] {data_modification.py:62} INFO - Updated row with Video_ID: gar4U3n-ILY
[2026-02-15T18:24:33.832+0000] {data_modification.py:62} INFO - Updated row with Video_ID: 9WEQts7b8Pw
[2026-02-15T18:24:33.837+0000] {data_modification.py:62} INFO - Updated row with Video_ID: _sBRk9ADpK8
[2026-02-15T18:24:33.843+0000] {data_modification.py:62} INFO - Updated row with Video_ID: kNLr-cduzuo
[2026-02-15T18:24:33.854+0000] {data_modification.py:62} INFO - Updated row with Video_ID: pAnGwRiQ4-4
[2026-02-15T18:24:33.870+0000] {data_modification.py:62} INFO - Updated row with Video_ID: wSh8fAFWEWs
[2026-02-15T18:24:33.879+0000] {data_modification.py:62} INFO - Updated row with Video_ID: 3GNyw4uaAqU
[2026-02-15T18:24:33.885+0000] {data_modification.py:62} INFO - Updated row with Video_ID: ywIcdSNJolo
[2026-02-15T18:24:33.890+0000] {data_modification.py:62} INFO - Updated row with Video_ID: QJI0an6irrA
[2026-02-15T18:24:33.895+0000] {data_modification.py:62} INFO - Updated row with Video_ID: mktYW177p6U
[2026-02-15T18:24:33.900+0000] {data_modification.py:62} INFO - Updated row with Video_ID: 7aE4EhHXzlA
[2026-02-15T18:24:33.906+0000] {data_modification.py:62} INFO - Updated row with Video_ID: IJkB-oapuks
[2026-02-15T18:24:33.910+0000] {data_modification.py:62} INFO - Updated row with Video_ID: ZFoNBxpXen4
[2026-02-15T18:24:33.915+0000] {data_modification.py:62} INFO - Updated row with Video_ID: RB71Z-vVvCc
[2026-02-15T18:24:33.925+0000] {data_modification.py:62} INFO - Updated row with Video_ID: fO5FwBcCJBY
[2026-02-15T18:24:33.930+0000] {data_modification.py:62} INFO - Updated row with Video_ID: U-x6KxH1kB4
[2026-02-15T18:24:33.936+0000] {data_modification.py:62} INFO - Updated row with Video_ID: 8bMh8azh3CY
[2026-02-15T18:24:33.948+0000] {data_modification.py:62} INFO - Updated row with Video_ID: SE9xF1l3ZwE
[2026-02-15T18:24:33.955+0000] {data_modification.py:62} INFO - Updated row with Video_ID: rF00lQ_upzg
[2026-02-15T18:24:33.967+0000] {data_modification.py:62} INFO - Updated row with Video_ID: uZY9xr-QAk0
[2026-02-15T18:24:33.977+0000] {data_modification.py:62} INFO - Updated row with Video_ID: AWBsoArakNY
[2026-02-15T18:24:33.983+0000] {data_modification.py:62} INFO - Updated row with Video_ID: Ah_uuTwGOYU
[2026-02-15T18:24:33.988+0000] {data_modification.py:62} INFO - Updated row with Video_ID: HISfrcjiNPM
[2026-02-15T18:24:33.994+0000] {data_modification.py:62} INFO - Updated row with Video_ID: WROMyJAJmp4
[2026-02-15T18:24:33.998+0000] {data_modification.py:62} INFO - Updated row with Video_ID: tAwzBYE18Us
[2026-02-15T18:24:34.002+0000] {data_modification.py:62} INFO - Updated row with Video_ID: LyFMbY-c_Lc
[2026-02-15T18:24:34.007+0000] {data_modification.py:62} INFO - Updated row with Video_ID: 3RmOvxilbPM
[2026-02-15T18:24:34.013+0000] {data_modification.py:62} INFO - Updated row with Video_ID: R7MkZL5i3FQ
[2026-02-15T18:24:34.016+0000] {data_modification.py:62} INFO - Updated row with Video_ID: 26QQE7EsnLA
[2026-02-15T18:24:34.020+0000] {data_modification.py:62} INFO - Updated row with Video_ID: PryTbmudhS8
[2026-02-15T18:24:34.023+0000] {data_modification.py:62} INFO - Updated row with Video_ID: Oo9EbArcQ1c
[2026-02-15T18:24:34.027+0000] {data_modification.py:62} INFO - Updated row with Video_ID: yWEUL3crU_E
[2026-02-15T18:24:34.031+0000] {data_modification.py:62} INFO - Updated row with Video_ID: JgJrQnDIRgg
[2026-02-15T18:24:34.034+0000] {data_modification.py:62} INFO - Updated row with Video_ID: gtkqnhN0VkU
[2026-02-15T18:24:34.037+0000] {data_modification.py:62} INFO - Updated row with Video_ID: oBXSvS2QKxU
[2026-02-15T18:24:34.043+0000] {data_modification.py:62} INFO - Updated row with Video_ID: UTdcX1e0cMA
[2026-02-15T18:24:34.049+0000] {data_modification.py:62} INFO - Updated row with Video_ID: oiZvK6MY7tI
[2026-02-15T18:24:34.055+0000] {data_modification.py:62} INFO - Updated row with Video_ID: F0OkwXKcPSE
[2026-02-15T18:24:34.058+0000] {data_modification.py:62} INFO - Updated row with Video_ID: 686PL7rt654
[2026-02-15T18:24:34.062+0000] {data_modification.py:62} INFO - Updated row with Video_ID: zo7i8VTpfNM
[2026-02-15T18:24:34.065+0000] {data_modification.py:62} INFO - Updated row with Video_ID: NfhuGUyWYfQ
[2026-02-15T18:24:34.069+0000] {data_modification.py:62} INFO - Updated row with Video_ID: wIpWCJKfRXs
[2026-02-15T18:24:34.072+0000] {data_modification.py:62} INFO - Updated row with Video_ID: 9Xeepzg1B8I
[2026-02-15T18:24:34.076+0000] {data_modification.py:62} INFO - Updated row with Video_ID: 50G0kIty7Cg
[2026-02-15T18:24:34.079+0000] {data_modification.py:62} INFO - Updated row with Video_ID: 4l97aNza_Zc
[2026-02-15T18:24:34.083+0000] {data_modification.py:62} INFO - Updated row with Video_ID: 3ih2bPKSWsQ
[2026-02-15T18:24:34.087+0000] {data_modification.py:62} INFO - Updated row with Video_ID: uA9Zcg3vHvo
[2026-02-15T18:24:34.091+0000] {data_modification.py:62} INFO - Updated row with Video_ID: _AbFXuGDRTs
[2026-02-15T18:24:34.097+0000] {data_modification.py:62} INFO - Updated row with Video_ID: MOGW3v3pJ5Y
[2026-02-15T18:24:34.097+0000] {dwh.py:38} INFO - staging table update completed
[2026-02-15T18:24:34.098+0000] {python.py:237} INFO - Done. Returned value was: None
[2026-02-15T18:24:34.100+0000] {taskinstance.py:441} INFO - ::group::Post task execution logs
[2026-02-15T18:24:34.116+0000] {taskinstance.py:1206} INFO - Marking task as SUCCESS. dag_id=update_db, task_id=staging_table, run_id=manual__2026-02-15T18:24:31.159849+00:00, execution_date=20260215T182431, start_date=20260215T182433, end_date=20260215T182434
[2026-02-15T18:24:34.168+0000] {local_task_job_runner.py:240} INFO - Task exited with return code 0
[2026-02-15T18:24:34.209+0000] {taskinstance.py:3503} INFO - 1 downstream tasks scheduled from follow-on schedule check
[2026-02-15T18:24:34.214+0000] {local_task_job_runner.py:222} INFO - ::endgroup::
