[2026-03-05T21:56:53.390+0000] {local_task_job_runner.py:120} INFO - ::group::Pre task execution logs
[2026-03-05T21:56:53.422+0000] {taskinstance.py:2076} INFO - Dependencies all met for dep_context=non-requeueable deps ti=<TaskInstance: update_db.staging_table manual__2026-03-05T21:56:09.689424+00:00 [queued]>
[2026-03-05T21:56:53.440+0000] {taskinstance.py:2076} INFO - Dependencies all met for dep_context=requeueable deps ti=<TaskInstance: update_db.staging_table manual__2026-03-05T21:56:09.689424+00:00 [queued]>
[2026-03-05T21:56:53.441+0000] {taskinstance.py:2306} INFO - Starting attempt 1 of 1
[2026-03-05T21:56:53.543+0000] {taskinstance.py:2330} INFO - Executing <Task(_PythonDecoratedOperator): staging_table> on 2026-03-05 21:56:09.689424+00:00
[2026-03-05T21:56:53.955+0000] {standard_task_runner.py:63} INFO - Started process 94 to run task
[2026-03-05T21:56:54.003+0000] {standard_task_runner.py:90} INFO - Running: ['airflow', 'tasks', 'run', 'update_db', 'staging_table', 'manual__2026-03-05T21:56:09.689424+00:00', '--job-id', '246', '--raw', '--subdir', 'DAGS_FOLDER/main.py', '--cfg-path', '/tmp/tmp7l11kqyp']
[2026-03-05T21:56:54.017+0000] {standard_task_runner.py:91} INFO - Job 246: Subtask staging_table
[2026-03-05T21:56:55.083+0000] {task_command.py:426} INFO - Running <TaskInstance: update_db.staging_table manual__2026-03-05T21:56:09.689424+00:00 [running]> on host 30532672bc03
[2026-03-05T21:56:56.469+0000] {taskinstance.py:2648} INFO - Exporting env vars: AIRFLOW_CTX_DAG_EMAIL='data@engineers.com' AIRFLOW_CTX_DAG_OWNER='dataengineers' AIRFLOW_CTX_DAG_ID='update_db' AIRFLOW_CTX_TASK_ID='staging_table' AIRFLOW_CTX_EXECUTION_DATE='2026-03-05T21:56:09.689424+00:00' AIRFLOW_CTX_TRY_NUMBER='1' AIRFLOW_CTX_DAG_RUN_ID='manual__2026-03-05T21:56:09.689424+00:00'
[2026-03-05T21:56:56.473+0000] {taskinstance.py:430} INFO - ::endgroup::
[2026-03-05T21:56:56.509+0000] {base.py:84} INFO - Using connection ID 'postgres_db_yt_elt' for task execution.
[2026-03-05T21:56:56.768+0000] {data_loading.py:12} INFO - Processing file: YT_data_2026-03-05
[2026-03-05T21:56:56.782+0000] {base.py:84} INFO - Using connection ID 'postgres_db_yt_elt' for task execution.
[2026-03-05T21:56:56.904+0000] {base.py:84} INFO - Using connection ID 'postgres_db_yt_elt' for task execution.
[2026-03-05T21:56:57.105+0000] {data_modification.py:63} INFO - Updated row with Video_ID: c9VS_cgInT4
[2026-03-05T21:56:57.114+0000] {data_modification.py:63} INFO - Updated row with Video_ID: KaUuPNYHFNg
[2026-03-05T21:56:57.127+0000] {data_modification.py:63} INFO - Updated row with Video_ID: 5OLs1GWB4OA
[2026-03-05T21:56:57.135+0000] {data_modification.py:63} INFO - Updated row with Video_ID: hjkbqeWQAM8
[2026-03-05T21:56:57.143+0000] {data_modification.py:63} INFO - Updated row with Video_ID: XbaZ45LVzzM
[2026-03-05T21:56:57.149+0000] {data_modification.py:63} INFO - Updated row with Video_ID: gar4U3n-ILY
[2026-03-05T21:56:57.161+0000] {data_modification.py:63} INFO - Updated row with Video_ID: 9WEQts7b8Pw
[2026-03-05T21:56:57.183+0000] {data_modification.py:63} INFO - Updated row with Video_ID: _sBRk9ADpK8
[2026-03-05T21:56:57.204+0000] {data_modification.py:63} INFO - Updated row with Video_ID: kNLr-cduzuo
[2026-03-05T21:56:57.245+0000] {data_modification.py:63} INFO - Updated row with Video_ID: pAnGwRiQ4-4
[2026-03-05T21:56:57.257+0000] {data_modification.py:63} INFO - Updated row with Video_ID: wSh8fAFWEWs
[2026-03-05T21:56:57.267+0000] {data_modification.py:63} INFO - Updated row with Video_ID: 3GNyw4uaAqU
[2026-03-05T21:56:57.272+0000] {data_modification.py:63} INFO - Updated row with Video_ID: ywIcdSNJolo
[2026-03-05T21:56:57.281+0000] {data_modification.py:63} INFO - Updated row with Video_ID: QJI0an6irrA
[2026-03-05T21:56:57.289+0000] {data_modification.py:63} INFO - Updated row with Video_ID: mktYW177p6U
[2026-03-05T21:56:57.296+0000] {data_modification.py:63} INFO - Updated row with Video_ID: 7aE4EhHXzlA
[2026-03-05T21:56:57.301+0000] {data_modification.py:63} INFO - Updated row with Video_ID: IJkB-oapuks
[2026-03-05T21:56:57.308+0000] {data_modification.py:63} INFO - Updated row with Video_ID: ZFoNBxpXen4
[2026-03-05T21:56:57.473+0000] {data_modification.py:63} INFO - Updated row with Video_ID: RB71Z-vVvCc
[2026-03-05T21:56:57.571+0000] {data_modification.py:63} INFO - Updated row with Video_ID: fO5FwBcCJBY
[2026-03-05T21:56:57.580+0000] {data_modification.py:63} INFO - Updated row with Video_ID: U-x6KxH1kB4
[2026-03-05T21:56:57.598+0000] {data_modification.py:63} INFO - Updated row with Video_ID: 8bMh8azh3CY
[2026-03-05T21:56:57.601+0000] {data_modification.py:63} INFO - Updated row with Video_ID: SE9xF1l3ZwE
[2026-03-05T21:56:57.604+0000] {data_modification.py:63} INFO - Updated row with Video_ID: rF00lQ_upzg
[2026-03-05T21:56:57.799+0000] {data_modification.py:63} INFO - Updated row with Video_ID: uZY9xr-QAk0
[2026-03-05T21:56:58.133+0000] {data_modification.py:63} INFO - Updated row with Video_ID: AWBsoArakNY
[2026-03-05T21:56:58.335+0000] {data_modification.py:63} INFO - Updated row with Video_ID: Ah_uuTwGOYU
[2026-03-05T21:56:58.342+0000] {data_modification.py:63} INFO - Updated row with Video_ID: HISfrcjiNPM
[2026-03-05T21:56:58.351+0000] {data_modification.py:63} INFO - Updated row with Video_ID: WROMyJAJmp4
[2026-03-05T21:56:58.580+0000] {data_modification.py:63} INFO - Updated row with Video_ID: tAwzBYE18Us
[2026-03-05T21:56:58.619+0000] {data_modification.py:63} INFO - Updated row with Video_ID: LyFMbY-c_Lc
[2026-03-05T21:56:58.662+0000] {data_modification.py:63} INFO - Updated row with Video_ID: 3RmOvxilbPM
[2026-03-05T21:56:58.673+0000] {data_modification.py:63} INFO - Updated row with Video_ID: R7MkZL5i3FQ
[2026-03-05T21:56:58.686+0000] {data_modification.py:63} INFO - Updated row with Video_ID: 26QQE7EsnLA
[2026-03-05T21:56:58.696+0000] {data_modification.py:63} INFO - Updated row with Video_ID: PryTbmudhS8
[2026-03-05T21:56:58.710+0000] {data_modification.py:63} INFO - Updated row with Video_ID: Oo9EbArcQ1c
[2026-03-05T21:56:58.715+0000] {data_modification.py:63} INFO - Updated row with Video_ID: yWEUL3crU_E
[2026-03-05T21:56:58.726+0000] {data_modification.py:63} INFO - Updated row with Video_ID: JgJrQnDIRgg
[2026-03-05T21:56:58.736+0000] {data_modification.py:63} INFO - Updated row with Video_ID: gtkqnhN0VkU
[2026-03-05T21:56:58.740+0000] {data_modification.py:63} INFO - Updated row with Video_ID: oBXSvS2QKxU
[2026-03-05T21:56:58.744+0000] {data_modification.py:63} INFO - Updated row with Video_ID: UTdcX1e0cMA
[2026-03-05T21:56:58.748+0000] {data_modification.py:63} INFO - Updated row with Video_ID: oiZvK6MY7tI
[2026-03-05T21:56:58.752+0000] {data_modification.py:63} INFO - Updated row with Video_ID: F0OkwXKcPSE
[2026-03-05T21:56:59.846+0000] {data_modification.py:63} INFO - Updated row with Video_ID: 686PL7rt654
[2026-03-05T21:57:00.122+0000] {data_modification.py:63} INFO - Updated row with Video_ID: zo7i8VTpfNM
[2026-03-05T21:57:00.166+0000] {data_modification.py:63} INFO - Updated row with Video_ID: NfhuGUyWYfQ
[2026-03-05T21:57:00.191+0000] {data_modification.py:63} INFO - Updated row with Video_ID: wIpWCJKfRXs
[2026-03-05T21:57:00.248+0000] {data_modification.py:63} INFO - Updated row with Video_ID: 9Xeepzg1B8I
[2026-03-05T21:57:00.295+0000] {data_modification.py:63} INFO - Updated row with Video_ID: 50G0kIty7Cg
[2026-03-05T21:57:00.331+0000] {data_modification.py:63} INFO - Updated row with Video_ID: 4l97aNza_Zc
[2026-03-05T21:57:00.343+0000] {dwh.py:38} INFO - staging table update completed
[2026-03-05T21:57:00.355+0000] {python.py:237} INFO - Done. Returned value was: None
[2026-03-05T21:57:00.363+0000] {taskinstance.py:441} INFO - ::group::Post task execution logs
[2026-03-05T21:57:00.430+0000] {taskinstance.py:1206} INFO - Marking task as SUCCESS. dag_id=update_db, task_id=staging_table, run_id=manual__2026-03-05T21:56:09.689424+00:00, execution_date=20260305T215609, start_date=20260305T215653, end_date=20260305T215700
[2026-03-05T21:57:00.597+0000] {local_task_job_runner.py:240} INFO - Task exited with return code 0
[2026-03-05T21:57:00.760+0000] {taskinstance.py:3503} INFO - 1 downstream tasks scheduled from follow-on schedule check
[2026-03-05T21:57:00.768+0000] {local_task_job_runner.py:222} INFO - ::endgroup::
